COMMAND: /usr/bin/python3 -u /content/dpai_support/run_dpai_seeded.py --seed 0 --src /content/dpai_work/src -- --source /content/drive/MyDrive/DPAI_real_baseline/dataset/clean/M03.wav --net ../nets/best.json --epochs 5000 --lr 0.01 --offset 0 --audio_len 5 --input_noise uniform --results_dir /content/dpai_scratch/M03_gap200
[run_dpai_seeded] seed=0  entry point=/content/dpai_work/src/script.py
[run_dpai_seeded] script arguments: --source /content/drive/MyDrive/DPAI_real_baseline/dataset/clean/M03.wav --net ../nets/best.json --epochs 5000 --lr 0.01 --offset 0 --audio_len 5 --input_noise uniform --results_dir /content/dpai_scratch/M03_gap200

[PROCESSING sample: M03.wav]
Number of params: 2015252
Starting optimization with ADAM
/content/dpai_work/src/utils/common_utils.py:246: UserWarning: A window was not provided. A rectangular window will be applied.Please provide the same window used by stft to make the inversion lossless.To suppress this warning and use a rectangular window, explicitly set `window=torch.ones(n_fft, device=<device>)`. (Triggered internally at /pytorch/aten/src/ATen/native/SpectralOps.cpp:1035.)
  input_audio = torch.istft(input_spectrogram, n_fft=2047)
[M03.wav] Iteration 00000/05000:    Loss 5.846701 | Validation loss 0.517206
[M03.wav] Iteration 00010/05000:    Loss 5.627881 | Validation loss 0.503792
[M03.wav] Iteration 00020/05000:    Loss 5.607249 | Validation loss 0.505025
[M03.wav] Iteration 00030/05000:    Loss 5.589128 | Validation loss 0.501585
[M03.wav] Iteration 00040/05000:    Loss 5.587885 | Validation loss 0.501140
[M03.wav] Iteration 00050/05000:    Loss 5.581142 | Validation loss 0.500937
[M03.wav] Iteration 00060/05000:    Loss 5.583652 | Validation loss 0.500362
[M03.wav] Iteration 00070/05000:    Loss 5.580190 | Validation loss 0.500429
[M03.wav] Iteration 00080/05000:    Loss 5.582890 | Validation loss 0.500325
[M03.wav] Iteration 00090/05000:    Loss 5.580778 | Validation loss 0.500990
[M03.wav] Iteration 00100/05000:    Loss 5.573264 | Validation loss 0.501023
[M03.wav] Iteration 00110/05000:    Loss 5.569496 | Validation loss 0.500376
[M03.wav] Iteration 00120/05000:    Loss 5.566938 | Validation loss 0.500271
[M03.wav] Iteration 00130/05000:    Loss 5.574950 | Validation loss 0.501449
[M03.wav] Iteration 00140/05000:    Loss 5.568678 | Validation loss 0.501156
[M03.wav] Iteration 00150/05000:    Loss 5.559298 | Validation loss 0.498278
[M03.wav] Iteration 00160/05000:    Loss 5.552818 | Validation loss 0.497959
[M03.wav] Iteration 00170/05000:    Loss 5.560107 | Validation loss 0.497642
[M03.wav] Iteration 00180/05000:    Loss 5.551028 | Validation loss 0.499581
[M03.wav] Iteration 00190/05000:    Loss 5.541910 | Validation loss 0.498567
[M03.wav] Iteration 00200/05000:    Loss 5.534338 | Validation loss 0.496633
[M03.wav] Iteration 00210/05000:    Loss 5.511271 | Validation loss 0.499214
[M03.wav] Iteration 00220/05000:    Loss 5.465643 | Validation loss 0.501085
[M03.wav] Iteration 00230/05000:    Loss 5.376577 | Validation loss 0.504464
[M03.wav] Iteration 00240/05000:    Loss 5.076302 | Validation loss 0.494203
[M03.wav] Iteration 00250/05000:    Loss 4.937447 | Validation loss 0.476302
[M03.wav] Iteration 00260/05000:    Loss 4.759229 | Validation loss 0.479667
[M03.wav] Iteration 00270/05000:    Loss 4.495883 | Validation loss 0.448440
[M03.wav] Iteration 00280/05000:    Loss 4.356768 | Validation loss 0.411708
[M03.wav] Iteration 00290/05000:    Loss 4.174190 | Validation loss 0.455297
[M03.wav] Iteration 00300/05000:    Loss 4.083088 | Validation loss 0.432996
[M03.wav] Iteration 00310/05000:    Loss 3.944409 | Validation loss 0.435618
[M03.wav] Iteration 00320/05000:    Loss 3.797548 | Validation loss 0.415880
[M03.wav] Iteration 00330/05000:    Loss 3.679263 | Validation loss 0.414061
[M03.wav] Iteration 00340/05000:    Loss 3.533415 | Validation loss 0.424947
[M03.wav] Iteration 00350/05000:    Loss 4.227387 | Validation loss 0.437664
[M03.wav] Iteration 00360/05000:    Loss 3.915370 | Validation loss 0.417547
[M03.wav] Iteration 00370/05000:    Loss 3.704658 | Validation loss 0.424924
[M03.wav] Iteration 00380/05000:    Loss 3.568564 | Validation loss 0.423010
[M03.wav] Iteration 00390/05000:    Loss 3.461836 | Validation loss 0.403818
[M03.wav] Iteration 00400/05000:    Loss 3.419679 | Validation loss 0.409359
[M03.wav] Iteration 00410/05000:    Loss 3.356829 | Validation loss 0.431609
[M03.wav] Iteration 00420/05000:    Loss 3.295146 | Validation loss 0.432329
[M03.wav] Iteration 00430/05000:    Loss 3.178858 | Validation loss 0.437682
[M03.wav] Iteration 00440/05000:    Loss 3.143507 | Validation loss 0.409839
[M03.wav] Iteration 00450/05000:    Loss 3.091278 | Validation loss 0.409347
[M03.wav] Iteration 00460/05000:    Loss 3.063641 | Validation loss 0.433841
[M03.wav] Iteration 00470/05000:    Loss 3.064481 | Validation loss 0.401462
[M03.wav] Iteration 00480/05000:    Loss 2.918675 | Validation loss 0.402885
[M03.wav] Iteration 00490/05000:    Loss 2.834580 | Validation loss 0.401746
[M03.wav] Iteration 00500/05000:    Loss 2.803162 | Validation loss 0.408932
[M03.wav] Iteration 00510/05000:    Loss 2.725846 | Validation loss 0.398536
[M03.wav] Iteration 00520/05000:    Loss 2.706974 | Validation loss 0.410604
[M03.wav] Iteration 00530/05000:    Loss 2.671386 | Validation loss 0.390029
[M03.wav] Iteration 00540/05000:    Loss 2.640409 | Validation loss 0.379505
[M03.wav] Iteration 00550/05000:    Loss 2.569393 | Validation loss 0.396730
[M03.wav] Iteration 00560/05000:    Loss 2.562036 | Validation loss 0.378463
[M03.wav] Iteration 00570/05000:    Loss 2.512826 | Validation loss 0.383365
[M03.wav] Iteration 00580/05000:    Loss 2.507000 | Validation loss 0.389016
[M03.wav] Iteration 00590/05000:    Loss 2.464104 | Validation loss 0.376092
[M03.wav] Iteration 00600/05000:    Loss 2.431106 | Validation loss 0.378452
[M03.wav] Iteration 00610/05000:    Loss 2.401627 | Validation loss 0.369363
[M03.wav] Iteration 00620/05000:    Loss 2.372192 | Validation loss 0.381210
[M03.wav] Iteration 00630/05000:    Loss 2.329146 | Validation loss 0.360238
[M03.wav] Iteration 00640/05000:    Loss 2.294231 | Validation loss 0.358538
[M03.wav] Iteration 00650/05000:    Loss 2.297435 | Validation loss 0.367641
[M03.wav] Iteration 00660/05000:    Loss 2.227477 | Validation loss 0.368807
[M03.wav] Iteration 00670/05000:    Loss 2.191320 | Validation loss 0.369289
[M03.wav] Iteration 00680/05000:    Loss 2.168198 | Validation loss 0.353276
[M03.wav] Iteration 00690/05000:    Loss 2.129703 | Validation loss 0.359709
[M03.wav] Iteration 00700/05000:    Loss 2.090820 | Validation loss 0.350240
[M03.wav] Iteration 00710/05000:    Loss 2.045411 | Validation loss 0.355521
[M03.wav] Iteration 00720/05000:    Loss 1.994949 | Validation loss 0.345169
[M03.wav] Iteration 00730/05000:    Loss 1.975500 | Validation loss 0.341304
[M03.wav] Iteration 00740/05000:    Loss 1.897671 | Validation loss 0.347395
[M03.wav] Iteration 00750/05000:    Loss 1.909444 | Validation loss 0.343040
[M03.wav] Iteration 00760/05000:    Loss 1.856292 | Validation loss 0.354244
[M03.wav] Iteration 00770/05000:    Loss 1.822382 | Validation loss 0.334299
[M03.wav] Iteration 00780/05000:    Loss 1.790437 | Validation loss 0.329655
[M03.wav] Iteration 00790/05000:    Loss 1.758152 | Validation loss 0.329977
[M03.wav] Iteration 00800/05000:    Loss 1.734035 | Validation loss 0.339978
[M03.wav] Iteration 00810/05000:    Loss 1.683150 | Validation loss 0.320547
[M03.wav] Iteration 00820/05000:    Loss 1.667539 | Validation loss 0.337767
[M03.wav] Iteration 00830/05000:    Loss 1.647879 | Validation loss 0.309576
[M03.wav] Iteration 00840/05000:    Loss 1.613182 | Validation loss 0.316338
[M03.wav] Iteration 00850/05000:    Loss 1.581020 | Validation loss 0.314771
[M03.wav] Iteration 00860/05000:    Loss 1.548880 | Validation loss 0.310381
[M03.wav] Iteration 00870/05000:    Loss 1.531751 | Validation loss 0.309671
[M03.wav] Iteration 00880/05000:    Loss 1.503375 | Validation loss 0.299338
[M03.wav] Iteration 00890/05000:    Loss 1.489684 | Validation loss 0.308933
[M03.wav] Iteration 00900/05000:    Loss 1.461510 | Validation loss 0.305401
[M03.wav] Iteration 00910/05000:    Loss 1.443683 | Validation loss 0.307568
[M03.wav] Iteration 00920/05000:    Loss 1.421439 | Validation loss 0.308221
[M03.wav] Iteration 00930/05000:    Loss 1.391703 | Validation loss 0.297997
[M03.wav] Iteration 00940/05000:    Loss 1.365218 | Validation loss 0.291107
[M03.wav] Iteration 00950/05000:    Loss 1.351839 | Validation loss 0.287761
[M03.wav] Iteration 00960/05000:    Loss 1.328043 | Validation loss 0.295094
[M03.wav] Iteration 00970/05000:    Loss 1.310223 | Validation loss 0.298050
[M03.wav] Iteration 00980/05000:    Loss 1.291329 | Validation loss 0.293005
[M03.wav] Iteration 00990/05000:    Loss 1.276360 | Validation loss 0.290705
[M03.wav] Iteration 01000/05000:    Loss 1.270353 | Validation loss 0.289427
[M03.wav] Iteration 01010/05000:    Loss 1.238722 | Validation loss 0.296094
[M03.wav] Iteration 01020/05000:    Loss 1.230287 | Validation loss 0.278958
[M03.wav] Iteration 01030/05000:    Loss 1.202919 | Validation loss 0.286315
[M03.wav] Iteration 01040/05000:    Loss 1.197702 | Validation loss 0.284749
[M03.wav] Iteration 01050/05000:    Loss 1.191698 | Validation loss 0.280876
[M03.wav] Iteration 01060/05000:    Loss 1.176103 | Validation loss 0.283752
[M03.wav] Iteration 01070/05000:    Loss 1.144264 | Validation loss 0.277589
[M03.wav] Iteration 01080/05000:    Loss 1.136962 | Validation loss 0.269160
[M03.wav] Iteration 01090/05000:    Loss 1.124259 | Validation loss 0.271445
[M03.wav] Iteration 01100/05000:    Loss 1.104943 | Validation loss 0.269793
[M03.wav] Iteration 01110/05000:    Loss 1.104271 | Validation loss 0.272168
[M03.wav] Iteration 01120/05000:    Loss 1.075580 | Validation loss 0.264540
[M03.wav] Iteration 01130/05000:    Loss 1.065481 | Validation loss 0.270612
[M03.wav] Iteration 01140/05000:    Loss 1.056717 | Validation loss 0.271992
[M03.wav] Iteration 01150/05000:    Loss 1.039076 | Validation loss 0.267034
[M03.wav] Iteration 01160/05000:    Loss 1.028990 | Validation loss 0.265091
[M03.wav] Iteration 01170/05000:    Loss 1.013533 | Validation loss 0.268751
[M03.wav] Iteration 01180/05000:    Loss 0.999162 | Validation loss 0.258634
[M03.wav] Iteration 01190/05000:    Loss 0.989380 | Validation loss 0.260602
[M03.wav] Iteration 01200/05000:    Loss 0.973613 | Validation loss 0.261594
[M03.wav] Iteration 01210/05000:    Loss 0.972798 | Validation loss 0.261256
[M03.wav] Iteration 01220/05000:    Loss 0.964232 | Validation loss 0.262550
[M03.wav] Iteration 01230/05000:    Loss 0.944661 | Validation loss 0.260057
[M03.wav] Iteration 01240/05000:    Loss 0.929994 | Validation loss 0.247670
[M03.wav] Iteration 01250/05000:    Loss 0.921363 | Validation loss 0.260385
[M03.wav] Iteration 01260/05000:    Loss 0.915905 | Validation loss 0.258046
[M03.wav] Iteration 01270/05000:    Loss 0.901037 | Validation loss 0.250322
[M03.wav] Iteration 01280/05000:    Loss 0.895890 | Validation loss 0.246411
[M03.wav] Iteration 01290/05000:    Loss 0.878043 | Validation loss 0.255389
[M03.wav] Iteration 01300/05000:    Loss 0.866871 | Validation loss 0.251295
[M03.wav] Iteration 01310/05000:    Loss 0.871035 | Validation loss 0.243783
[M03.wav] Iteration 01320/05000:    Loss 0.863807 | Validation loss 0.246280
[M03.wav] Iteration 01330/05000:    Loss 0.851686 | Validation loss 0.246676
[M03.wav] Iteration 01340/05000:    Loss 0.838523 | Validation loss 0.246942
[M03.wav] Iteration 01350/05000:    Loss 0.828049 | Validation loss 0.247005
[M03.wav] Iteration 01360/05000:    Loss 0.815645 | Validation loss 0.235926
[M03.wav] Iteration 01370/05000:    Loss 0.813873 | Validation loss 0.238423
[M03.wav] Iteration 01380/05000:    Loss 0.807996 | Validation loss 0.239312
[M03.wav] Iteration 01390/05000:    Loss 0.799083 | Validation loss 0.240568
[M03.wav] Iteration 01400/05000:    Loss 0.792715 | Validation loss 0.236145
[M03.wav] Iteration 01410/05000:    Loss 0.782215 | Validation loss 0.234662
[M03.wav] Iteration 01420/05000:    Loss 0.776960 | Validation loss 0.232682
[M03.wav] Iteration 01430/05000:    Loss 0.783596 | Validation loss 0.236823
[M03.wav] Iteration 01440/05000:    Loss 0.764507 | Validation loss 0.234928
[M03.wav] Iteration 01450/05000:    Loss 0.761483 | Validation loss 0.232368
[M03.wav] Iteration 01460/05000:    Loss 0.747114 | Validation loss 0.230421
[M03.wav] Iteration 01470/05000:    Loss 0.742242 | Validation loss 0.233723
[M03.wav] Iteration 01480/05000:    Loss 0.740442 | Validation loss 0.228858
[M03.wav] Iteration 01490/05000:    Loss 0.734457 | Validation loss 0.229829
[M03.wav] Iteration 01500/05000:    Loss 0.754207 | Validation loss 0.232407
[M03.wav] Iteration 01510/05000:    Loss 0.741187 | Validation loss 0.228013
[M03.wav] Iteration 01520/05000:    Loss 0.729467 | Validation loss 0.232470
[M03.wav] Iteration 01530/05000:    Loss 0.721174 | Validation loss 0.226174
[M03.wav] Iteration 01540/05000:    Loss 0.713176 | Validation loss 0.227606
[M03.wav] Iteration 01550/05000:    Loss 0.732044 | Validation loss 0.227694
[M03.wav] Iteration 01560/05000:    Loss 0.711274 | Validation loss 0.228697
[M03.wav] Iteration 01570/05000:    Loss 0.704429 | Validation loss 0.227447
[M03.wav] Iteration 01580/05000:    Loss 0.701123 | Validation loss 0.223115
[M03.wav] Iteration 01590/05000:    Loss 0.687964 | Validation loss 0.223190
[M03.wav] Iteration 01600/05000:    Loss 0.687765 | Validation loss 0.223729
[M03.wav] Iteration 01610/05000:    Loss 0.680631 | Validation loss 0.222128
[M03.wav] Iteration 01620/05000:    Loss 0.677947 | Validation loss 0.225146
[M03.wav] Iteration 01630/05000:    Loss 0.697066 | Validation loss 0.223459
[M03.wav] Iteration 01640/05000:    Loss 0.683346 | Validation loss 0.222013
[M03.wav] Iteration 01650/05000:    Loss 0.672018 | Validation loss 0.221271
[M03.wav] Iteration 01660/05000:    Loss 0.659996 | Validation loss 0.220791
[M03.wav] Iteration 01670/05000:    Loss 0.656230 | Validation loss 0.219396
[M03.wav] Iteration 01680/05000:    Loss 0.663373 | Validation loss 0.220080
[M03.wav] Iteration 01690/05000:    Loss 0.642172 | Validation loss 0.222049
[M03.wav] Iteration 01700/05000:    Loss 0.644137 | Validation loss 0.217452
[M03.wav] Iteration 01710/05000:    Loss 0.636561 | Validation loss 0.214112
[M03.wav] Iteration 01720/05000:    Loss 0.642684 | Validation loss 0.216540
[M03.wav] Iteration 01730/05000:    Loss 0.641519 | Validation loss 0.216430
[M03.wav] Iteration 01740/05000:    Loss 0.629400 | Validation loss 0.215981
[M03.wav] Iteration 01750/05000:    Loss 0.625684 | Validation loss 0.216088
[M03.wav] Iteration 01760/05000:    Loss 0.660310 | Validation loss 0.222271
[M03.wav] Iteration 01770/05000:    Loss 0.649959 | Validation loss 0.217446
[M03.wav] Iteration 01780/05000:    Loss 0.635978 | Validation loss 0.215896
[M03.wav] Iteration 01790/05000:    Loss 0.636593 | Validation loss 0.213285
[M03.wav] Iteration 01800/05000:    Loss 0.632847 | Validation loss 0.214230
[M03.wav] Iteration 01810/05000:    Loss 0.614740 | Validation loss 0.212679
[M03.wav] Iteration 01820/05000:    Loss 0.613010 | Validation loss 0.212856
[M03.wav] Iteration 01830/05000:    Loss 0.624013 | Validation loss 0.214566
[M03.wav] Iteration 01840/05000:    Loss 0.624228 | Validation loss 0.210398
[M03.wav] Iteration 01850/05000:    Loss 0.614152 | Validation loss 0.211310
[M03.wav] Iteration 01860/05000:    Loss 0.605876 | Validation loss 0.211070
[M03.wav] Iteration 01870/05000:    Loss 0.601155 | Validation loss 0.207397
[M03.wav] Iteration 01880/05000:    Loss 0.594343 | Validation loss 0.209328
[M03.wav] Iteration 01890/05000:    Loss 0.597512 | Validation loss 0.208410
[M03.wav] Iteration 01900/05000:    Loss 0.608372 | Validation loss 0.210587
[M03.wav] Iteration 01910/05000:    Loss 0.601318 | Validation loss 0.207009
[M03.wav] Iteration 01920/05000:    Loss 0.592567 | Validation loss 0.207332
[M03.wav] Iteration 01930/05000:    Loss 0.597052 | Validation loss 0.203877
[M03.wav] Iteration 01940/05000:    Loss 0.583559 | Validation loss 0.203487
[M03.wav] Iteration 01950/05000:    Loss 0.586189 | Validation loss 0.207419
[M03.wav] Iteration 01960/05000:    Loss 0.584069 | Validation loss 0.203075
[M03.wav] Iteration 01970/05000:    Loss 0.574656 | Validation loss 0.202983
[M03.wav] Iteration 01980/05000:    Loss 0.576012 | Validation loss 0.206764
[M03.wav] Iteration 01990/05000:    Loss 0.574040 | Validation loss 0.203257
[M03.wav] Iteration 02000/05000:    Loss 0.576171 | Validation loss 0.204679
[M03.wav] Iteration 02010/05000:    Loss 0.569922 | Validation loss 0.204257
[M03.wav] Iteration 02020/05000:    Loss 0.572628 | Validation loss 0.201941
[M03.wav] Iteration 02030/05000:    Loss 0.573010 | Validation loss 0.202000
[M03.wav] Iteration 02040/05000:    Loss 0.567062 | Validation loss 0.199432
[M03.wav] Iteration 02050/05000:    Loss 0.564483 | Validation loss 0.202030
[M03.wav] Iteration 02060/05000:    Loss 0.562236 | Validation loss 0.201165
[M03.wav] Iteration 02070/05000:    Loss 0.560699 | Validation loss 0.199398
[M03.wav] Iteration 02080/05000:    Loss 0.560267 | Validation loss 0.198754
[M03.wav] Iteration 02090/05000:    Loss 0.555140 | Validation loss 0.200296
[M03.wav] Iteration 02100/05000:    Loss 0.562072 | Validation loss 0.201494
[M03.wav] Iteration 02110/05000:    Loss 0.555658 | Validation loss 0.197685
[M03.wav] Iteration 02120/05000:    Loss 0.561518 | Validation loss 0.200032
[M03.wav] Iteration 02130/05000:    Loss 0.564054 | Validation loss 0.201707
[M03.wav] Iteration 02140/05000:    Loss 0.548637 | Validation loss 0.199233
[M03.wav] Iteration 02150/05000:    Loss 0.986609 | Validation loss 0.236673
[M03.wav] Iteration 02160/05000:    Loss 0.815633 | Validation loss 0.215205
[M03.wav] Iteration 02170/05000:    Loss 0.733693 | Validation loss 0.208882
[M03.wav] Iteration 02180/05000:    Loss 0.683015 | Validation loss 0.197717
[M03.wav] Iteration 02190/05000:    Loss 0.648875 | Validation loss 0.191323
[M03.wav] Iteration 02200/05000:    Loss 0.641166 | Validation loss 0.188390
[M03.wav] Iteration 02210/05000:    Loss 0.620998 | Validation loss 0.190224
[M03.wav] Iteration 02220/05000:    Loss 0.607873 | Validation loss 0.186102
[M03.wav] Iteration 02230/05000:    Loss 0.596954 | Validation loss 0.186860
[M03.wav] Iteration 02240/05000:    Loss 0.586000 | Validation loss 0.187038
[M03.wav] Iteration 02250/05000:    Loss 0.581280 | Validation loss 0.186224
[M03.wav] Iteration 02260/05000:    Loss 0.574554 | Validation loss 0.184487
[M03.wav] Iteration 02270/05000:    Loss 0.572024 | Validation loss 0.186663
[M03.wav] Iteration 02280/05000:    Loss 0.568390 | Validation loss 0.188017
[M03.wav] Iteration 02290/05000:    Loss 0.574829 | Validation loss 0.186853
[M03.wav] Iteration 02300/05000:    Loss 0.558976 | Validation loss 0.185311
[M03.wav] Iteration 02310/05000:    Loss 0.557740 | Validation loss 0.185318
[M03.wav] Iteration 02320/05000:    Loss 0.550947 | Validation loss 0.185362
[M03.wav] Iteration 02330/05000:    Loss 0.545581 | Validation loss 0.184362
[M03.wav] Iteration 02340/05000:    Loss 0.546692 | Validation loss 0.182735
[M03.wav] Iteration 02350/05000:    Loss 0.542782 | Validation loss 0.182397
[M03.wav] Iteration 02360/05000:    Loss 0.549689 | Validation loss 0.184164
[M03.wav] Iteration 02370/05000:    Loss 0.711247 | Validation loss 0.197139
[M03.wav] Iteration 02380/05000:    Loss 0.655178 | Validation loss 0.190580
[M03.wav] Iteration 02390/05000:    Loss 0.620468 | Validation loss 0.187940
[M03.wav] Iteration 02400/05000:    Loss 0.590076 | Validation loss 0.186218
[M03.wav] Iteration 02410/05000:    Loss 0.576426 | Validation loss 0.187792
[M03.wav] Iteration 02420/05000:    Loss 0.566256 | Validation loss 0.186640
[M03.wav] Iteration 02430/05000:    Loss 0.559258 | Validation loss 0.185118
[M03.wav] Iteration 02440/05000:    Loss 0.552903 | Validation loss 0.182240
[M03.wav] Iteration 02450/05000:    Loss 0.590396 | Validation loss 0.183226
[M03.wav] Iteration 02460/05000:    Loss 0.597177 | Validation loss 0.185836
[M03.wav] Iteration 02470/05000:    Loss 0.576333 | Validation loss 0.181528
[M03.wav] Iteration 02480/05000:    Loss 0.565837 | Validation loss 0.182758
[M03.wav] Iteration 02490/05000:    Loss 0.551235 | Validation loss 0.180212
[M03.wav] Iteration 02500/05000:    Loss 0.544827 | Validation loss 0.179206
[M03.wav] Iteration 02510/05000:    Loss 0.544463 | Validation loss 0.179560
[M03.wav] Iteration 02520/05000:    Loss 0.548563 | Validation loss 0.178527
[M03.wav] Iteration 02530/05000:    Loss 0.549118 | Validation loss 0.179306
[M03.wav] Iteration 02540/05000:    Loss 0.537289 | Validation loss 0.179626
[M03.wav] Iteration 02550/05000:    Loss 0.532695 | Validation loss 0.177531
[M03.wav] Iteration 02560/05000:    Loss 0.528339 | Validation loss 0.177657
[M03.wav] Iteration 02570/05000:    Loss 0.524105 | Validation loss 0.176532
[M03.wav] Iteration 02580/05000:    Loss 0.519812 | Validation loss 0.175936
[M03.wav] Iteration 02590/05000:    Loss 0.518672 | Validation loss 0.175950
[M03.wav] Iteration 02600/05000:    Loss 0.539453 | Validation loss 0.178912
[M03.wav] Iteration 02610/05000:    Loss 0.530419 | Validation loss 0.175951
[M03.wav] Iteration 02620/05000:    Loss 0.519316 | Validation loss 0.176522
[M03.wav] Iteration 02630/05000:    Loss 0.515285 | Validation loss 0.175009
[M03.wav] Iteration 02640/05000:    Loss 0.524068 | Validation loss 0.175696
[M03.wav] Iteration 02650/05000:    Loss 0.509500 | Validation loss 0.176649
[M03.wav] Iteration 02660/05000:    Loss 0.517843 | Validation loss 0.176422
[M03.wav] Iteration 02670/05000:    Loss 0.513908 | Validation loss 0.174040
[M03.wav] Iteration 02680/05000:    Loss 0.512669 | Validation loss 0.176019
[M03.wav] Iteration 02690/05000:    Loss 0.516666 | Validation loss 0.173814
[M03.wav] Iteration 02700/05000:    Loss 0.509084 | Validation loss 0.172445
[M03.wav] Iteration 02710/05000:    Loss 0.507950 | Validation loss 0.172345
[M03.wav] Iteration 02720/05000:    Loss 0.508071 | Validation loss 0.175997
[M03.wav] Iteration 02730/05000:    Loss 0.500155 | Validation loss 0.172133
[M03.wav] Iteration 02740/05000:    Loss 0.504091 | Validation loss 0.175638
[M03.wav] Iteration 02750/05000:    Loss 0.500613 | Validation loss 0.172624
[M03.wav] Iteration 02760/05000:    Loss 0.495040 | Validation loss 0.174002
[M03.wav] Iteration 02770/05000:    Loss 0.495084 | Validation loss 0.170549
[M03.wav] Iteration 02780/05000:    Loss 0.496503 | Validation loss 0.173644
[M03.wav] Iteration 02790/05000:    Loss 0.499131 | Validation loss 0.171495
[M03.wav] Iteration 02800/05000:    Loss 0.495195 | Validation loss 0.169318
[M03.wav] Iteration 02810/05000:    Loss 0.496465 | Validation loss 0.172026
[M03.wav] Iteration 02820/05000:    Loss 0.507258 | Validation loss 0.172433
[M03.wav] Iteration 02830/05000:    Loss 0.510225 | Validation loss 0.172535
[M03.wav] Iteration 02840/05000:    Loss 0.503250 | Validation loss 0.173107
[M03.wav] Iteration 02850/05000:    Loss 0.545018 | Validation loss 0.170911
[M03.wav] Iteration 02860/05000:    Loss 0.559725 | Validation loss 0.173066
[M03.wav] Iteration 02870/05000:    Loss 0.545686 | Validation loss 0.173157
[M03.wav] Iteration 02880/05000:    Loss 0.527787 | Validation loss 0.172112
[M03.wav] Iteration 02890/05000:    Loss 0.524165 | Validation loss 0.172686
[M03.wav] Iteration 02900/05000:    Loss 0.507917 | Validation loss 0.171298
[M03.wav] Iteration 02910/05000:    Loss 0.504488 | Validation loss 0.169989
[M03.wav] Iteration 02920/05000:    Loss 0.500630 | Validation loss 0.169048
[M03.wav] Iteration 02930/05000:    Loss 0.497948 | Validation loss 0.169661
[M03.wav] Iteration 02940/05000:    Loss 0.500292 | Validation loss 0.168507
[M03.wav] Iteration 02950/05000:    Loss 0.492919 | Validation loss 0.170085
[M03.wav] Iteration 02960/05000:    Loss 0.502682 | Validation loss 0.168739
[M03.wav] Iteration 02970/05000:    Loss 0.497335 | Validation loss 0.169255
[M03.wav] Iteration 02980/05000:    Loss 0.489203 | Validation loss 0.167915
[M03.wav] Iteration 02990/05000:    Loss 0.500941 | Validation loss 0.169986
[M03.wav] Iteration 03000/05000:    Loss 0.499073 | Validation loss 0.169455
[M03.wav] Iteration 03010/05000:    Loss 0.525735 | Validation loss 0.168764
[M03.wav] Iteration 03020/05000:    Loss 0.507191 | Validation loss 0.168648
[M03.wav] Iteration 03030/05000:    Loss 0.497736 | Validation loss 0.169897
[M03.wav] Iteration 03040/05000:    Loss 0.486388 | Validation loss 0.166573
[M03.wav] Iteration 03050/05000:    Loss 0.483895 | Validation loss 0.167530
[M03.wav] Iteration 03060/05000:    Loss 0.499920 | Validation loss 0.170180
[M03.wav] Iteration 03070/05000:    Loss 0.489752 | Validation loss 0.168622
[M03.wav] Iteration 03080/05000:    Loss 0.482518 | Validation loss 0.167024
[M03.wav] Iteration 03090/05000:    Loss 0.485617 | Validation loss 0.167512
[M03.wav] Iteration 03100/05000:    Loss 0.483573 | Validation loss 0.165738
[M03.wav] Iteration 03110/05000:    Loss 0.475065 | Validation loss 0.165935
[M03.wav] Iteration 03120/05000:    Loss 0.512249 | Validation loss 0.169808
[M03.wav] Iteration 03130/05000:    Loss 0.503051 | Validation loss 0.168622
[M03.wav] Iteration 03140/05000:    Loss 0.510109 | Validation loss 0.168306
[M03.wav] Iteration 03150/05000:    Loss 0.499098 | Validation loss 0.168399
[M03.wav] Iteration 03160/05000:    Loss 0.489955 | Validation loss 0.168126
[M03.wav] Iteration 03170/05000:    Loss 0.482333 | Validation loss 0.166799
[M03.wav] Iteration 03180/05000:    Loss 0.482811 | Validation loss 0.166022
[M03.wav] Iteration 03190/05000:    Loss 0.482778 | Validation loss 0.165448
[M03.wav] Iteration 03200/05000:    Loss 0.480352 | Validation loss 0.166537
[M03.wav] Iteration 03210/05000:    Loss 0.482485 | Validation loss 0.165018
[M03.wav] Iteration 03220/05000:    Loss 0.480523 | Validation loss 0.164102
[M03.wav] Iteration 03230/05000:    Loss 0.483128 | Validation loss 0.165686
[M03.wav] Iteration 03240/05000:    Loss 0.483710 | Validation loss 0.165334
[M03.wav] Iteration 03250/05000:    Loss 0.479980 | Validation loss 0.165775
[M03.wav] Iteration 03260/05000:    Loss 0.473015 | Validation loss 0.163611
[M03.wav] Iteration 03270/05000:    Loss 0.471076 | Validation loss 0.163057
[M03.wav] Iteration 03280/05000:    Loss 0.468979 | Validation loss 0.163628
[M03.wav] Iteration 03290/05000:    Loss 0.467325 | Validation loss 0.161588
[M03.wav] Iteration 03300/05000:    Loss 0.466202 | Validation loss 0.162386
[M03.wav] Iteration 03310/05000:    Loss 0.469087 | Validation loss 0.163452
[M03.wav] Iteration 03320/05000:    Loss 0.467878 | Validation loss 0.164933
[M03.wav] Iteration 03330/05000:    Loss 0.466491 | Validation loss 0.164135
[M03.wav] Iteration 03340/05000:    Loss 0.466064 | Validation loss 0.164268
[M03.wav] Iteration 03350/05000:    Loss 0.468848 | Validation loss 0.162567
[M03.wav] Iteration 03360/05000:    Loss 0.468578 | Validation loss 0.164038
[M03.wav] Iteration 03370/05000:    Loss 0.468922 | Validation loss 0.165270
[M03.wav] Iteration 03380/05000:    Loss 0.461257 | Validation loss 0.164300
[M03.wav] Iteration 03390/05000:    Loss 0.458389 | Validation loss 0.163630
[M03.wav] Iteration 03400/05000:    Loss 0.460861 | Validation loss 0.163640
[M03.wav] Iteration 03410/05000:    Loss 0.458938 | Validation loss 0.162853
[M03.wav] Iteration 03420/05000:    Loss 0.455787 | Validation loss 0.163984
[M03.wav] Iteration 03430/05000:    Loss 0.457996 | Validation loss 0.161820
[M03.wav] Iteration 03440/05000:    Loss 0.457726 | Validation loss 0.163000
[M03.wav] Iteration 03450/05000:    Loss 0.457090 | Validation loss 0.163125
[M03.wav] Iteration 03460/05000:    Loss 0.473052 | Validation loss 0.163338
[M03.wav] Iteration 03470/05000:    Loss 0.469989 | Validation loss 0.163070
[M03.wav] Iteration 03480/05000:    Loss 0.455037 | Validation loss 0.162774
[M03.wav] Iteration 03490/05000:    Loss 0.451845 | Validation loss 0.161414
[M03.wav] Iteration 03500/05000:    Loss 0.457370 | Validation loss 0.161024
[M03.wav] Iteration 03510/05000:    Loss 0.480861 | Validation loss 0.163255
[M03.wav] Iteration 03520/05000:    Loss 0.468559 | Validation loss 0.163014
[M03.wav] Iteration 03530/05000:    Loss 0.465942 | Validation loss 0.161229
[M03.wav] Iteration 03540/05000:    Loss 0.566585 | Validation loss 0.172353
[M03.wav] Iteration 03550/05000:    Loss 0.524470 | Validation loss 0.165848
[M03.wav] Iteration 03560/05000:    Loss 0.498198 | Validation loss 0.163340
[M03.wav] Iteration 03570/05000:    Loss 0.488711 | Validation loss 0.163724
[M03.wav] Iteration 03580/05000:    Loss 0.487642 | Validation loss 0.164351
[M03.wav] Iteration 03590/05000:    Loss 0.489194 | Validation loss 0.163011
[M03.wav] Iteration 03600/05000:    Loss 0.487076 | Validation loss 0.162127
[M03.wav] Iteration 03610/05000:    Loss 0.476511 | Validation loss 0.161198
[M03.wav] Iteration 03620/05000:    Loss 0.466114 | Validation loss 0.161790
[M03.wav] Iteration 03630/05000:    Loss 0.532021 | Validation loss 0.165428
[M03.wav] Iteration 03640/05000:    Loss 0.527749 | Validation loss 0.165577
[M03.wav] Iteration 03650/05000:    Loss 0.500608 | Validation loss 0.162760
[M03.wav] Iteration 03660/05000:    Loss 0.482462 | Validation loss 0.160429
[M03.wav] Iteration 03670/05000:    Loss 0.474201 | Validation loss 0.159920
[M03.wav] Iteration 03680/05000:    Loss 0.471046 | Validation loss 0.158434
[M03.wav] Iteration 03690/05000:    Loss 0.466820 | Validation loss 0.160157
[M03.wav] Iteration 03700/05000:    Loss 0.461840 | Validation loss 0.159836
[M03.wav] Iteration 03710/05000:    Loss 0.475098 | Validation loss 0.160296
[M03.wav] Iteration 03720/05000:    Loss 0.459854 | Validation loss 0.158480
[M03.wav] Iteration 03730/05000:    Loss 0.457943 | Validation loss 0.158255
[M03.wav] Iteration 03740/05000:    Loss 0.457527 | Validation loss 0.159790
[M03.wav] Iteration 03750/05000:    Loss 0.459138 | Validation loss 0.159057
[M03.wav] Iteration 03760/05000:    Loss 0.562047 | Validation loss 0.166541
[M03.wav] Iteration 03770/05000:    Loss 0.522931 | Validation loss 0.164039
[M03.wav] Iteration 03780/05000:    Loss 0.500787 | Validation loss 0.162103
[M03.wav] Iteration 03790/05000:    Loss 0.481616 | Validation loss 0.160175
[M03.wav] Iteration 03800/05000:    Loss 0.472706 | Validation loss 0.157920
[M03.wav] Iteration 03810/05000:    Loss 0.472010 | Validation loss 0.158018
[M03.wav] Iteration 03820/05000:    Loss 0.462826 | Validation loss 0.158856
[M03.wav] Iteration 03830/05000:    Loss 0.461744 | Validation loss 0.158265
[M03.wav] Iteration 03840/05000:    Loss 0.459813 | Validation loss 0.157748
[M03.wav] Iteration 03850/05000:    Loss 0.456533 | Validation loss 0.157086
[M03.wav] Iteration 03860/05000:    Loss 0.452486 | Validation loss 0.157093
[M03.wav] Iteration 03870/05000:    Loss 0.456928 | Validation loss 0.155753
[M03.wav] Iteration 03880/05000:    Loss 0.453308 | Validation loss 0.155155
[M03.wav] Iteration 03890/05000:    Loss 0.452601 | Validation loss 0.156094
[M03.wav] Iteration 03900/05000:    Loss 0.449513 | Validation loss 0.157373
[M03.wav] Iteration 03910/05000:    Loss 0.452032 | Validation loss 0.155172
[M03.wav] Iteration 03920/05000:    Loss 0.448892 | Validation loss 0.153761
[M03.wav] Iteration 03930/05000:    Loss 0.446444 | Validation loss 0.155520
[M03.wav] Iteration 03940/05000:    Loss 0.448534 | Validation loss 0.155954
[M03.wav] Iteration 03950/05000:    Loss 0.446894 | Validation loss 0.155224
[M03.wav] Iteration 03960/05000:    Loss 0.447742 | Validation loss 0.154865
[M03.wav] Iteration 03970/05000:    Loss 0.447431 | Validation loss 0.155300
[M03.wav] Iteration 03980/05000:    Loss 0.439154 | Validation loss 0.154982
[M03.wav] Iteration 03990/05000:    Loss 0.448176 | Validation loss 0.155597
[M03.wav] Iteration 04000/05000:    Loss 0.472143 | Validation loss 0.157060
[M03.wav] Iteration 04010/05000:    Loss 0.466714 | Validation loss 0.156598
[M03.wav] Iteration 04020/05000:    Loss 0.460254 | Validation loss 0.157411
[M03.wav] Iteration 04030/05000:    Loss 0.451747 | Validation loss 0.154698
[M03.wav] Iteration 04040/05000:    Loss 0.449100 | Validation loss 0.153731
[M03.wav] Iteration 04050/05000:    Loss 0.492029 | Validation loss 0.158925
[M03.wav] Iteration 04060/05000:    Loss 1.256454 | Validation loss 0.230022
[M03.wav] Iteration 04070/05000:    Loss 0.931986 | Validation loss 0.206033
[M03.wav] Iteration 04080/05000:    Loss 0.776798 | Validation loss 0.195495
[M03.wav] Iteration 04090/05000:    Loss 0.689961 | Validation loss 0.182244
[M03.wav] Iteration 04100/05000:    Loss 0.636642 | Validation loss 0.175473
[M03.wav] Iteration 04110/05000:    Loss 0.610189 | Validation loss 0.169304
[M03.wav] Iteration 04120/05000:    Loss 0.583148 | Validation loss 0.162792
[M03.wav] Iteration 04130/05000:    Loss 0.569688 | Validation loss 0.159373
[M03.wav] Iteration 04140/05000:    Loss 0.572857 | Validation loss 0.158868
[M03.wav] Iteration 04150/05000:    Loss 0.559806 | Validation loss 0.156697
[M03.wav] Iteration 04160/05000:    Loss 0.545631 | Validation loss 0.154525
[M03.wav] Iteration 04170/05000:    Loss 0.533837 | Validation loss 0.155584
[M03.wav] Iteration 04180/05000:    Loss 0.523735 | Validation loss 0.153725
[M03.wav] Iteration 04190/05000:    Loss 0.516468 | Validation loss 0.151528
[M03.wav] Iteration 04200/05000:    Loss 0.508904 | Validation loss 0.151091
[M03.wav] Iteration 04210/05000:    Loss 0.512811 | Validation loss 0.150625
[M03.wav] Iteration 04220/05000:    Loss 0.499087 | Validation loss 0.148504
[M03.wav] Iteration 04230/05000:    Loss 0.500745 | Validation loss 0.149859
[M03.wav] Iteration 04240/05000:    Loss 0.503972 | Validation loss 0.151007
[M03.wav] Iteration 04250/05000:    Loss 0.494382 | Validation loss 0.148037
[M03.wav] Iteration 04260/05000:    Loss 0.491696 | Validation loss 0.148518
[M03.wav] Iteration 04270/05000:    Loss 0.482245 | Validation loss 0.146905
[M03.wav] Iteration 04280/05000:    Loss 0.486228 | Validation loss 0.147674
[M03.wav] Iteration 04290/05000:    Loss 0.477156 | Validation loss 0.145334
[M03.wav] Iteration 04300/05000:    Loss 0.485568 | Validation loss 0.146259
[M03.wav] Iteration 04310/05000:    Loss 0.475500 | Validation loss 0.145081
[M03.wav] Iteration 04320/05000:    Loss 0.470769 | Validation loss 0.145143
[M03.wav] Iteration 04330/05000:    Loss 0.474857 | Validation loss 0.146109
[M03.wav] Iteration 04340/05000:    Loss 0.469973 | Validation loss 0.144515
[M03.wav] Iteration 04350/05000:    Loss 0.470692 | Validation loss 0.145720
[M03.wav] Iteration 04360/05000:    Loss 0.467032 | Validation loss 0.144139
[M03.wav] Iteration 04370/05000:    Loss 0.465411 | Validation loss 0.143487
[M03.wav] Iteration 04380/05000:    Loss 0.465461 | Validation loss 0.143669
[M03.wav] Iteration 04390/05000:    Loss 0.461368 | Validation loss 0.142584
[M03.wav] Iteration 04400/05000:    Loss 0.925499 | Validation loss 0.189746
[M03.wav] Iteration 04410/05000:    Loss 0.707891 | Validation loss 0.169291
[M03.wav] Iteration 04420/05000:    Loss 0.611962 | Validation loss 0.160802
[M03.wav] Iteration 04430/05000:    Loss 0.567290 | Validation loss 0.156681
[M03.wav] Iteration 04440/05000:    Loss 0.534347 | Validation loss 0.152736
[M03.wav] Iteration 04450/05000:    Loss 0.518048 | Validation loss 0.148450
[M03.wav] Iteration 04460/05000:    Loss 0.511880 | Validation loss 0.147444
[M03.wav] Iteration 04470/05000:    Loss 0.506576 | Validation loss 0.148194
[M03.wav] Iteration 04480/05000:    Loss 0.496767 | Validation loss 0.145386
[M03.wav] Iteration 04490/05000:    Loss 0.499411 | Validation loss 0.144928
[M03.wav] Iteration 04500/05000:    Loss 0.486374 | Validation loss 0.144199
[M03.wav] Iteration 04510/05000:    Loss 0.485337 | Validation loss 0.142510
[M03.wav] Iteration 04520/05000:    Loss 0.478195 | Validation loss 0.144226
[M03.wav] Iteration 04530/05000:    Loss 0.474868 | Validation loss 0.142248
[M03.wav] Iteration 04540/05000:    Loss 0.470765 | Validation loss 0.140928
[M03.wav] Iteration 04550/05000:    Loss 0.902063 | Validation loss 0.182531
[M03.wav] Iteration 04560/05000:    Loss 0.755406 | Validation loss 0.170859
[M03.wav] Iteration 04570/05000:    Loss 0.662486 | Validation loss 0.164669
[M03.wav] Iteration 04580/05000:    Loss 0.603529 | Validation loss 0.158029
[M03.wav] Iteration 04590/05000:    Loss 0.573151 | Validation loss 0.154393
[M03.wav] Iteration 04600/05000:    Loss 0.555792 | Validation loss 0.152196
[M03.wav] Iteration 04610/05000:    Loss 0.532623 | Validation loss 0.149547
[M03.wav] Iteration 04620/05000:    Loss 0.526364 | Validation loss 0.147929
[M03.wav] Iteration 04630/05000:    Loss 0.519467 | Validation loss 0.145918
[M03.wav] Iteration 04640/05000:    Loss 0.507156 | Validation loss 0.145567
[M03.wav] Iteration 04650/05000:    Loss 0.500512 | Validation loss 0.144165
[M03.wav] Iteration 04660/05000:    Loss 0.496868 | Validation loss 0.143704
[M03.wav] Iteration 04670/05000:    Loss 0.495304 | Validation loss 0.140951
[M03.wav] Iteration 04680/05000:    Loss 0.490173 | Validation loss 0.142219
[M03.wav] Iteration 04690/05000:    Loss 0.484063 | Validation loss 0.141939
[M03.wav] Iteration 04700/05000:    Loss 0.478446 | Validation loss 0.142113
[M03.wav] Iteration 04710/05000:    Loss 0.479670 | Validation loss 0.141206
[M03.wav] Iteration 04720/05000:    Loss 0.476388 | Validation loss 0.140437
[M03.wav] Iteration 04730/05000:    Loss 0.469099 | Validation loss 0.139857
[M03.wav] Iteration 04740/05000:    Loss 0.471263 | Validation loss 0.139265
[M03.wav] Iteration 04750/05000:    Loss 0.467013 | Validation loss 0.140984
[M03.wav] Iteration 04760/05000:    Loss 0.469498 | Validation loss 0.138198
[M03.wav] Iteration 04770/05000:    Loss 0.466412 | Validation loss 0.138449
[M03.wav] Iteration 04780/05000:    Loss 0.466987 | Validation loss 0.139805
[M03.wav] Iteration 04790/05000:    Loss 0.460010 | Validation loss 0.139578
[M03.wav] Iteration 04800/05000:    Loss 0.460066 | Validation loss 0.138809
[M03.wav] Iteration 04810/05000:    Loss 0.458750 | Validation loss 0.139014
[M03.wav] Iteration 04820/05000:    Loss 0.457250 | Validation loss 0.137591
[M03.wav] Iteration 04830/05000:    Loss 0.455174 | Validation loss 0.137784
[M03.wav] Iteration 04840/05000:    Loss 0.454141 | Validation loss 0.138089
[M03.wav] Iteration 04850/05000:    Loss 0.465130 | Validation loss 0.138283
[M03.wav] Iteration 04860/05000:    Loss 0.472364 | Validation loss 0.139494
[M03.wav] Iteration 04870/05000:    Loss 0.463015 | Validation loss 0.136854
[M03.wav] Iteration 04880/05000:    Loss 0.452846 | Validation loss 0.136752
[M03.wav] Iteration 04890/05000:    Loss 0.451386 | Validation loss 0.136706
[M03.wav] Iteration 04900/05000:    Loss 0.460352 | Validation loss 0.137796
[M03.wav] Iteration 04910/05000:    Loss 0.455284 | Validation loss 0.136874
[M03.wav] Iteration 04920/05000:    Loss 0.447765 | Validation loss 0.135215
[M03.wav] Iteration 04930/05000:    Loss 0.453948 | Validation loss 0.136022
[M03.wav] Iteration 04940/05000:    Loss 0.491078 | Validation loss 0.138513
[M03.wav] Iteration 04950/05000:    Loss 0.473320 | Validation loss 0.138656
[M03.wav] Iteration 04960/05000:    Loss 0.464161 | Validation loss 0.136151
[M03.wav] Iteration 04970/05000:    Loss 0.468392 | Validation loss 0.137315
[M03.wav] Iteration 04980/05000:    Loss 0.455824 | Validation loss 0.135780
[M03.wav] Iteration 04990/05000:    Loss 0.447011 | Validation loss 0.133414
/content/dpai_work/src/script.py:407: UserWarning: amplitude_to_db was called on complex input so phase information will be discarded. To suppress this warning, call amplitude_to_db(np.abs(S)) instead.
  librosa.display.specshow(librosa.amplitude_to_db(net_input_np_a + 1j*net_input_np_b), sr=sr, x_axis='time', y_axis='log', cmap='viridis')
/content/dpai_work/src/script.py:493: UserWarning: amplitude_to_db was called on complex input so phase information will be discarded. To suppress this warning, call amplitude_to_db(np.abs(S)) instead.
  librosa.display.specshow(librosa.amplitude_to_db(reconstructed_spectrogram_with_original_context), sr=sr, x_axis='time', y_axis='log', cmap='viridis')

[DONE]


[COMPLETED]

