COMMAND: /usr/bin/python3 -u /content/dpai_support/run_dpai_seeded.py --seed 0 --src /content/dpai_work/src -- --source /content/drive/MyDrive/DPAI_real_baseline/dataset/clean/M04.wav --net ../nets/best.json --epochs 5000 --lr 0.01 --offset 0 --audio_len 5 --input_noise uniform --results_dir /content/dpai_scratch/M04_gap200
[run_dpai_seeded] seed=0  entry point=/content/dpai_work/src/script.py
[run_dpai_seeded] script arguments: --source /content/drive/MyDrive/DPAI_real_baseline/dataset/clean/M04.wav --net ../nets/best.json --epochs 5000 --lr 0.01 --offset 0 --audio_len 5 --input_noise uniform --results_dir /content/dpai_scratch/M04_gap200

[PROCESSING sample: M04.wav]
Number of params: 2015252
Starting optimization with ADAM
/content/dpai_work/src/utils/common_utils.py:246: UserWarning: A window was not provided. A rectangular window will be applied.Please provide the same window used by stft to make the inversion lossless.To suppress this warning and use a rectangular window, explicitly set `window=torch.ones(n_fft, device=<device>)`. (Triggered internally at /pytorch/aten/src/ATen/native/SpectralOps.cpp:1035.)
  input_audio = torch.istft(input_spectrogram, n_fft=2047)
[M04.wav] Iteration 00000/05000:    Loss 10.999880 | Validation loss 0.934058
[M04.wav] Iteration 00010/05000:    Loss 10.827576 | Validation loss 0.927115
[M04.wav] Iteration 00020/05000:    Loss 10.823716 | Validation loss 0.927543
[M04.wav] Iteration 00030/05000:    Loss 10.817017 | Validation loss 0.924496
[M04.wav] Iteration 00040/05000:    Loss 10.805135 | Validation loss 0.921707
[M04.wav] Iteration 00050/05000:    Loss 10.795045 | Validation loss 0.922573
[M04.wav] Iteration 00060/05000:    Loss 10.783504 | Validation loss 0.913570
[M04.wav] Iteration 00070/05000:    Loss 10.717036 | Validation loss 0.902884
[M04.wav] Iteration 00080/05000:    Loss 10.399335 | Validation loss 0.865373
[M04.wav] Iteration 00090/05000:    Loss 10.112823 | Validation loss 0.835066
[M04.wav] Iteration 00100/05000:    Loss 10.198200 | Validation loss 0.859821
[M04.wav] Iteration 00110/05000:    Loss 10.139656 | Validation loss 0.830616
[M04.wav] Iteration 00120/05000:    Loss 10.069694 | Validation loss 0.834613
[M04.wav] Iteration 00130/05000:    Loss 10.085491 | Validation loss 0.836549
[M04.wav] Iteration 00140/05000:    Loss 10.033916 | Validation loss 0.829141
[M04.wav] Iteration 00150/05000:    Loss 10.103572 | Validation loss 0.862736
[M04.wav] Iteration 00160/05000:    Loss 10.044352 | Validation loss 0.838725
[M04.wav] Iteration 00170/05000:    Loss 10.025646 | Validation loss 0.834055
[M04.wav] Iteration 00180/05000:    Loss 10.066117 | Validation loss 0.848133
[M04.wav] Iteration 00190/05000:    Loss 9.976559 | Validation loss 0.837083
[M04.wav] Iteration 00200/05000:    Loss 9.955236 | Validation loss 0.838087
[M04.wav] Iteration 00210/05000:    Loss 9.919440 | Validation loss 0.831099
[M04.wav] Iteration 00220/05000:    Loss 9.816043 | Validation loss 0.841994
[M04.wav] Iteration 00230/05000:    Loss 9.618887 | Validation loss 0.830127
[M04.wav] Iteration 00240/05000:    Loss 9.550374 | Validation loss 0.849966
[M04.wav] Iteration 00250/05000:    Loss 9.195625 | Validation loss 0.850382
[M04.wav] Iteration 00260/05000:    Loss 8.810722 | Validation loss 0.823468
[M04.wav] Iteration 00270/05000:    Loss 8.764197 | Validation loss 0.832728
[M04.wav] Iteration 00280/05000:    Loss 8.308788 | Validation loss 0.795031
[M04.wav] Iteration 00290/05000:    Loss 8.106346 | Validation loss 0.812944
[M04.wav] Iteration 00300/05000:    Loss 7.882171 | Validation loss 0.778349
[M04.wav] Iteration 00310/05000:    Loss 7.797967 | Validation loss 0.963283
[M04.wav] Iteration 00320/05000:    Loss 7.512770 | Validation loss 0.911013
[M04.wav] Iteration 00330/05000:    Loss 7.502455 | Validation loss 0.923828
[M04.wav] Iteration 00340/05000:    Loss 7.118367 | Validation loss 0.858105
[M04.wav] Iteration 00350/05000:    Loss 7.019489 | Validation loss 0.834469
[M04.wav] Iteration 00360/05000:    Loss 6.516909 | Validation loss 0.889104
[M04.wav] Iteration 00370/05000:    Loss 6.355335 | Validation loss 0.824708
[M04.wav] Iteration 00380/05000:    Loss 5.831699 | Validation loss 0.818324
[M04.wav] Iteration 00390/05000:    Loss 5.488659 | Validation loss 0.796454
[M04.wav] Iteration 00400/05000:    Loss 5.233573 | Validation loss 0.760159
[M04.wav] Iteration 00410/05000:    Loss 5.128116 | Validation loss 0.675135
[M04.wav] Iteration 00420/05000:    Loss 4.825655 | Validation loss 0.663953
[M04.wav] Iteration 00430/05000:    Loss 4.578702 | Validation loss 0.656991
[M04.wav] Iteration 00440/05000:    Loss 4.482457 | Validation loss 0.587862
[M04.wav] Iteration 00450/05000:    Loss 4.160309 | Validation loss 0.638747
[M04.wav] Iteration 00460/05000:    Loss 4.128658 | Validation loss 0.655849
[M04.wav] Iteration 00470/05000:    Loss 3.952545 | Validation loss 0.604282
[M04.wav] Iteration 00480/05000:    Loss 3.748211 | Validation loss 0.604150
[M04.wav] Iteration 00490/05000:    Loss 3.555568 | Validation loss 0.608467
[M04.wav] Iteration 00500/05000:    Loss 3.538314 | Validation loss 0.590240
[M04.wav] Iteration 00510/05000:    Loss 3.541303 | Validation loss 0.580279
[M04.wav] Iteration 00520/05000:    Loss 3.420906 | Validation loss 0.599253
[M04.wav] Iteration 00530/05000:    Loss 3.352277 | Validation loss 0.528917
[M04.wav] Iteration 00540/05000:    Loss 3.294508 | Validation loss 0.528146
[M04.wav] Iteration 00550/05000:    Loss 3.202412 | Validation loss 0.498700
[M04.wav] Iteration 00560/05000:    Loss 3.177833 | Validation loss 0.522178
[M04.wav] Iteration 00570/05000:    Loss 3.096540 | Validation loss 0.515060
[M04.wav] Iteration 00580/05000:    Loss 3.015166 | Validation loss 0.541338
[M04.wav] Iteration 00590/05000:    Loss 2.921729 | Validation loss 0.520113
[M04.wav] Iteration 00600/05000:    Loss 2.919876 | Validation loss 0.519481
[M04.wav] Iteration 00610/05000:    Loss 2.871160 | Validation loss 0.535341
[M04.wav] Iteration 00620/05000:    Loss 2.806547 | Validation loss 0.518003
[M04.wav] Iteration 00630/05000:    Loss 2.801338 | Validation loss 0.504483
[M04.wav] Iteration 00640/05000:    Loss 2.700412 | Validation loss 0.475222
[M04.wav] Iteration 00650/05000:    Loss 2.696838 | Validation loss 0.454118
[M04.wav] Iteration 00660/05000:    Loss 2.624267 | Validation loss 0.463583
[M04.wav] Iteration 00670/05000:    Loss 2.625466 | Validation loss 0.469606
[M04.wav] Iteration 00680/05000:    Loss 2.526443 | Validation loss 0.473698
[M04.wav] Iteration 00690/05000:    Loss 2.494403 | Validation loss 0.490870
[M04.wav] Iteration 00700/05000:    Loss 2.412947 | Validation loss 0.457877
[M04.wav] Iteration 00710/05000:    Loss 2.378814 | Validation loss 0.480983
[M04.wav] Iteration 00720/05000:    Loss 2.319349 | Validation loss 0.510166
[M04.wav] Iteration 00730/05000:    Loss 2.231600 | Validation loss 0.491538
[M04.wav] Iteration 00740/05000:    Loss 2.241196 | Validation loss 0.525662
[M04.wav] Iteration 00750/05000:    Loss 2.163436 | Validation loss 0.526429
[M04.wav] Iteration 00760/05000:    Loss 2.116025 | Validation loss 0.434545
[M04.wav] Iteration 00770/05000:    Loss 2.077816 | Validation loss 0.461564
[M04.wav] Iteration 00780/05000:    Loss 2.083948 | Validation loss 0.471703
[M04.wav] Iteration 00790/05000:    Loss 2.029246 | Validation loss 0.436365
[M04.wav] Iteration 00800/05000:    Loss 1.997689 | Validation loss 0.437350
[M04.wav] Iteration 00810/05000:    Loss 1.954750 | Validation loss 0.451522
[M04.wav] Iteration 00820/05000:    Loss 1.921278 | Validation loss 0.457675
[M04.wav] Iteration 00830/05000:    Loss 1.853811 | Validation loss 0.422273
[M04.wav] Iteration 00840/05000:    Loss 1.832479 | Validation loss 0.425971
[M04.wav] Iteration 00850/05000:    Loss 1.840202 | Validation loss 0.416038
[M04.wav] Iteration 00860/05000:    Loss 1.790118 | Validation loss 0.440937
[M04.wav] Iteration 00870/05000:    Loss 1.806552 | Validation loss 0.426465
[M04.wav] Iteration 00880/05000:    Loss 1.737953 | Validation loss 0.411489
[M04.wav] Iteration 00890/05000:    Loss 1.712822 | Validation loss 0.418056
[M04.wav] Iteration 00900/05000:    Loss 1.689197 | Validation loss 0.434547
[M04.wav] Iteration 00910/05000:    Loss 1.678776 | Validation loss 0.407589
[M04.wav] Iteration 00920/05000:    Loss 1.624073 | Validation loss 0.402385
[M04.wav] Iteration 00930/05000:    Loss 1.624557 | Validation loss 0.384423
[M04.wav] Iteration 00940/05000:    Loss 1.591852 | Validation loss 0.381085
[M04.wav] Iteration 00950/05000:    Loss 1.559215 | Validation loss 0.397602
[M04.wav] Iteration 00960/05000:    Loss 1.552853 | Validation loss 0.379157
[M04.wav] Iteration 00970/05000:    Loss 1.521323 | Validation loss 0.398951
[M04.wav] Iteration 00980/05000:    Loss 1.498253 | Validation loss 0.396434
[M04.wav] Iteration 00990/05000:    Loss 1.484216 | Validation loss 0.399200
[M04.wav] Iteration 01000/05000:    Loss 1.450915 | Validation loss 0.379929
[M04.wav] Iteration 01010/05000:    Loss 1.424747 | Validation loss 0.371078
[M04.wav] Iteration 01020/05000:    Loss 1.422564 | Validation loss 0.363745
[M04.wav] Iteration 01030/05000:    Loss 1.408874 | Validation loss 0.392070
[M04.wav] Iteration 01040/05000:    Loss 1.391222 | Validation loss 0.374057
[M04.wav] Iteration 01050/05000:    Loss 1.362066 | Validation loss 0.373511
[M04.wav] Iteration 01060/05000:    Loss 1.375287 | Validation loss 0.375858
[M04.wav] Iteration 01070/05000:    Loss 1.346888 | Validation loss 0.361927
[M04.wav] Iteration 01080/05000:    Loss 1.331176 | Validation loss 0.368385
[M04.wav] Iteration 01090/05000:    Loss 1.308753 | Validation loss 0.370291
[M04.wav] Iteration 01100/05000:    Loss 1.305141 | Validation loss 0.354288
[M04.wav] Iteration 01110/05000:    Loss 1.291906 | Validation loss 0.376963
[M04.wav] Iteration 01120/05000:    Loss 1.260641 | Validation loss 0.358242
[M04.wav] Iteration 01130/05000:    Loss 1.257137 | Validation loss 0.350738
[M04.wav] Iteration 01140/05000:    Loss 1.248118 | Validation loss 0.355083
[M04.wav] Iteration 01150/05000:    Loss 1.297517 | Validation loss 0.356988
[M04.wav] Iteration 01160/05000:    Loss 1.253735 | Validation loss 0.358878
[M04.wav] Iteration 01170/05000:    Loss 1.243565 | Validation loss 0.357607
[M04.wav] Iteration 01180/05000:    Loss 1.216857 | Validation loss 0.339733
[M04.wav] Iteration 01190/05000:    Loss 1.185786 | Validation loss 0.344117
[M04.wav] Iteration 01200/05000:    Loss 1.177911 | Validation loss 0.343467
[M04.wav] Iteration 01210/05000:    Loss 1.164203 | Validation loss 0.338942
[M04.wav] Iteration 01220/05000:    Loss 1.156580 | Validation loss 0.342080
[M04.wav] Iteration 01230/05000:    Loss 1.142625 | Validation loss 0.345495
[M04.wav] Iteration 01240/05000:    Loss 1.142252 | Validation loss 0.355161
[M04.wav] Iteration 01250/05000:    Loss 1.130000 | Validation loss 0.336844
[M04.wav] Iteration 01260/05000:    Loss 1.119017 | Validation loss 0.337533
[M04.wav] Iteration 01270/05000:    Loss 1.101386 | Validation loss 0.337361
[M04.wav] Iteration 01280/05000:    Loss 1.091529 | Validation loss 0.346201
[M04.wav] Iteration 01290/05000:    Loss 1.073128 | Validation loss 0.330535
[M04.wav] Iteration 01300/05000:    Loss 1.069223 | Validation loss 0.331863
[M04.wav] Iteration 01310/05000:    Loss 1.057832 | Validation loss 0.315030
[M04.wav] Iteration 01320/05000:    Loss 1.047359 | Validation loss 0.344686
[M04.wav] Iteration 01330/05000:    Loss 1.043565 | Validation loss 0.330289
[M04.wav] Iteration 01340/05000:    Loss 1.029102 | Validation loss 0.325957
[M04.wav] Iteration 01350/05000:    Loss 1.021546 | Validation loss 0.333264
[M04.wav] Iteration 01360/05000:    Loss 1.002746 | Validation loss 0.325790
[M04.wav] Iteration 01370/05000:    Loss 1.003990 | Validation loss 0.326165
[M04.wav] Iteration 01380/05000:    Loss 0.987211 | Validation loss 0.329629
[M04.wav] Iteration 01390/05000:    Loss 0.976511 | Validation loss 0.320936
[M04.wav] Iteration 01400/05000:    Loss 0.974544 | Validation loss 0.328618
[M04.wav] Iteration 01410/05000:    Loss 0.964168 | Validation loss 0.320545
[M04.wav] Iteration 01420/05000:    Loss 0.962377 | Validation loss 0.316097
[M04.wav] Iteration 01430/05000:    Loss 0.942668 | Validation loss 0.313780
[M04.wav] Iteration 01440/05000:    Loss 0.932854 | Validation loss 0.318690
[M04.wav] Iteration 01450/05000:    Loss 0.925544 | Validation loss 0.320033
[M04.wav] Iteration 01460/05000:    Loss 0.915351 | Validation loss 0.322744
[M04.wav] Iteration 01470/05000:    Loss 0.911719 | Validation loss 0.317082
[M04.wav] Iteration 01480/05000:    Loss 0.900775 | Validation loss 0.312042
[M04.wav] Iteration 01490/05000:    Loss 0.904311 | Validation loss 0.315084
[M04.wav] Iteration 01500/05000:    Loss 0.909511 | Validation loss 0.311548
[M04.wav] Iteration 01510/05000:    Loss 0.888024 | Validation loss 0.310909
[M04.wav] Iteration 01520/05000:    Loss 0.878247 | Validation loss 0.314703
[M04.wav] Iteration 01530/05000:    Loss 0.869977 | Validation loss 0.307455
[M04.wav] Iteration 01540/05000:    Loss 0.860721 | Validation loss 0.310130
[M04.wav] Iteration 01550/05000:    Loss 0.856983 | Validation loss 0.304848
[M04.wav] Iteration 01560/05000:    Loss 0.838719 | Validation loss 0.307081
[M04.wav] Iteration 01570/05000:    Loss 0.845905 | Validation loss 0.311132
[M04.wav] Iteration 01580/05000:    Loss 0.838652 | Validation loss 0.299164
[M04.wav] Iteration 01590/05000:    Loss 3.121598 | Validation loss 0.448211
[M04.wav] Iteration 01600/05000:    Loss 2.473037 | Validation loss 0.469840
[M04.wav] Iteration 01610/05000:    Loss 1.872263 | Validation loss 0.402631
[M04.wav] Iteration 01620/05000:    Loss 1.592180 | Validation loss 0.358206
[M04.wav] Iteration 01630/05000:    Loss 1.459113 | Validation loss 0.345651
[M04.wav] Iteration 01640/05000:    Loss 1.344226 | Validation loss 0.343529
[M04.wav] Iteration 01650/05000:    Loss 1.303094 | Validation loss 0.338954
[M04.wav] Iteration 01660/05000:    Loss 1.257094 | Validation loss 0.348182
[M04.wav] Iteration 01670/05000:    Loss 1.209640 | Validation loss 0.333560
[M04.wav] Iteration 01680/05000:    Loss 1.167392 | Validation loss 0.323947
[M04.wav] Iteration 01690/05000:    Loss 1.160112 | Validation loss 0.337843
[M04.wav] Iteration 01700/05000:    Loss 1.124818 | Validation loss 0.328719
[M04.wav] Iteration 01710/05000:    Loss 1.089531 | Validation loss 0.313451
[M04.wav] Iteration 01720/05000:    Loss 1.070508 | Validation loss 0.307609
[M04.wav] Iteration 01730/05000:    Loss 1.058395 | Validation loss 0.306218
[M04.wav] Iteration 01740/05000:    Loss 1.044247 | Validation loss 0.320506
[M04.wav] Iteration 01750/05000:    Loss 1.023774 | Validation loss 0.304799
[M04.wav] Iteration 01760/05000:    Loss 1.016079 | Validation loss 0.308393
[M04.wav] Iteration 01770/05000:    Loss 1.004050 | Validation loss 0.297561
[M04.wav] Iteration 01780/05000:    Loss 0.990851 | Validation loss 0.305581
[M04.wav] Iteration 01790/05000:    Loss 0.980649 | Validation loss 0.297826
[M04.wav] Iteration 01800/05000:    Loss 0.967751 | Validation loss 0.299594
[M04.wav] Iteration 01810/05000:    Loss 0.973188 | Validation loss 0.298438
[M04.wav] Iteration 01820/05000:    Loss 0.950160 | Validation loss 0.292257
[M04.wav] Iteration 01830/05000:    Loss 0.943824 | Validation loss 0.288811
[M04.wav] Iteration 01840/05000:    Loss 0.930670 | Validation loss 0.290930
[M04.wav] Iteration 01850/05000:    Loss 0.922893 | Validation loss 0.292562
[M04.wav] Iteration 01860/05000:    Loss 0.922178 | Validation loss 0.291381
[M04.wav] Iteration 01870/05000:    Loss 0.908559 | Validation loss 0.286901
[M04.wav] Iteration 01880/05000:    Loss 0.903021 | Validation loss 0.289619
[M04.wav] Iteration 01890/05000:    Loss 1.048671 | Validation loss 0.303820
[M04.wav] Iteration 01900/05000:    Loss 1.109513 | Validation loss 0.316076
[M04.wav] Iteration 01910/05000:    Loss 1.034925 | Validation loss 0.309107
[M04.wav] Iteration 01920/05000:    Loss 0.982854 | Validation loss 0.298855
[M04.wav] Iteration 01930/05000:    Loss 0.964516 | Validation loss 0.295181
[M04.wav] Iteration 01940/05000:    Loss 0.932624 | Validation loss 0.284624
[M04.wav] Iteration 01950/05000:    Loss 0.916731 | Validation loss 0.285365
[M04.wav] Iteration 01960/05000:    Loss 0.902200 | Validation loss 0.291055
[M04.wav] Iteration 01970/05000:    Loss 0.896278 | Validation loss 0.286028
[M04.wav] Iteration 01980/05000:    Loss 0.888717 | Validation loss 0.284937
[M04.wav] Iteration 01990/05000:    Loss 0.879970 | Validation loss 0.280324
[M04.wav] Iteration 02000/05000:    Loss 0.871204 | Validation loss 0.283503
[M04.wav] Iteration 02010/05000:    Loss 0.862998 | Validation loss 0.278265
[M04.wav] Iteration 02020/05000:    Loss 0.849335 | Validation loss 0.277591
[M04.wav] Iteration 02030/05000:    Loss 0.847170 | Validation loss 0.275741
[M04.wav] Iteration 02040/05000:    Loss 0.840341 | Validation loss 0.277131
[M04.wav] Iteration 02050/05000:    Loss 0.833844 | Validation loss 0.277453
[M04.wav] Iteration 02060/05000:    Loss 0.834623 | Validation loss 0.275963
[M04.wav] Iteration 02070/05000:    Loss 0.827913 | Validation loss 0.277545
[M04.wav] Iteration 02080/05000:    Loss 0.819767 | Validation loss 0.275228
[M04.wav] Iteration 02090/05000:    Loss 0.818910 | Validation loss 0.273696
[M04.wav] Iteration 02100/05000:    Loss 0.807775 | Validation loss 0.271766
[M04.wav] Iteration 02110/05000:    Loss 0.807401 | Validation loss 0.271209
[M04.wav] Iteration 02120/05000:    Loss 0.801131 | Validation loss 0.270498
[M04.wav] Iteration 02130/05000:    Loss 0.796780 | Validation loss 0.266052
[M04.wav] Iteration 02140/05000:    Loss 0.785373 | Validation loss 0.268147
[M04.wav] Iteration 02150/05000:    Loss 0.785364 | Validation loss 0.266433
[M04.wav] Iteration 02160/05000:    Loss 0.779646 | Validation loss 0.269441
[M04.wav] Iteration 02170/05000:    Loss 0.777866 | Validation loss 0.265105
[M04.wav] Iteration 02180/05000:    Loss 0.772181 | Validation loss 0.269360
[M04.wav] Iteration 02190/05000:    Loss 0.773265 | Validation loss 0.269500
[M04.wav] Iteration 02200/05000:    Loss 0.763577 | Validation loss 0.263005
[M04.wav] Iteration 02210/05000:    Loss 0.757037 | Validation loss 0.262780
[M04.wav] Iteration 02220/05000:    Loss 0.755262 | Validation loss 0.264325
[M04.wav] Iteration 02230/05000:    Loss 0.751855 | Validation loss 0.264192
[M04.wav] Iteration 02240/05000:    Loss 0.754866 | Validation loss 0.260011
[M04.wav] Iteration 02250/05000:    Loss 0.749073 | Validation loss 0.261934
[M04.wav] Iteration 02260/05000:    Loss 0.746057 | Validation loss 0.258057
[M04.wav] Iteration 02270/05000:    Loss 0.741024 | Validation loss 0.260708
[M04.wav] Iteration 02280/05000:    Loss 0.730094 | Validation loss 0.261464
[M04.wav] Iteration 02290/05000:    Loss 0.722935 | Validation loss 0.257824
[M04.wav] Iteration 02300/05000:    Loss 0.720699 | Validation loss 0.257645
[M04.wav] Iteration 02310/05000:    Loss 0.713236 | Validation loss 0.257525
[M04.wav] Iteration 02320/05000:    Loss 0.714014 | Validation loss 0.251538
[M04.wav] Iteration 02330/05000:    Loss 0.716583 | Validation loss 0.255069
[M04.wav] Iteration 02340/05000:    Loss 0.711517 | Validation loss 0.256283
[M04.wav] Iteration 02350/05000:    Loss 0.699726 | Validation loss 0.257562
[M04.wav] Iteration 02360/05000:    Loss 0.696187 | Validation loss 0.254191
[M04.wav] Iteration 02370/05000:    Loss 0.715835 | Validation loss 0.255667
[M04.wav] Iteration 02380/05000:    Loss 0.701210 | Validation loss 0.256992
[M04.wav] Iteration 02390/05000:    Loss 0.694183 | Validation loss 0.252759
[M04.wav] Iteration 02400/05000:    Loss 0.687895 | Validation loss 0.252058
[M04.wav] Iteration 02410/05000:    Loss 0.687029 | Validation loss 0.251371
[M04.wav] Iteration 02420/05000:    Loss 0.683965 | Validation loss 0.251119
[M04.wav] Iteration 02430/05000:    Loss 0.677848 | Validation loss 0.252829
[M04.wav] Iteration 02440/05000:    Loss 0.675437 | Validation loss 0.255678
[M04.wav] Iteration 02450/05000:    Loss 0.670428 | Validation loss 0.254411
[M04.wav] Iteration 02460/05000:    Loss 0.671705 | Validation loss 0.256772
[M04.wav] Iteration 02470/05000:    Loss 0.667201 | Validation loss 0.250821
[M04.wav] Iteration 02480/05000:    Loss 0.661019 | Validation loss 0.250913
[M04.wav] Iteration 02490/05000:    Loss 0.653854 | Validation loss 0.251498
[M04.wav] Iteration 02500/05000:    Loss 0.650253 | Validation loss 0.253389
[M04.wav] Iteration 02510/05000:    Loss 0.647921 | Validation loss 0.252593
[M04.wav] Iteration 02520/05000:    Loss 0.649041 | Validation loss 0.249694
[M04.wav] Iteration 02530/05000:    Loss 0.644003 | Validation loss 0.249717
[M04.wav] Iteration 02540/05000:    Loss 0.648253 | Validation loss 0.248857
[M04.wav] Iteration 02550/05000:    Loss 0.644809 | Validation loss 0.249023
[M04.wav] Iteration 02560/05000:    Loss 0.641262 | Validation loss 0.247401
[M04.wav] Iteration 02570/05000:    Loss 0.650383 | Validation loss 0.250873
[M04.wav] Iteration 02580/05000:    Loss 0.643938 | Validation loss 0.249765
[M04.wav] Iteration 02590/05000:    Loss 0.626756 | Validation loss 0.246347
[M04.wav] Iteration 02600/05000:    Loss 0.619152 | Validation loss 0.244904
[M04.wav] Iteration 02610/05000:    Loss 0.624276 | Validation loss 0.249426
[M04.wav] Iteration 02620/05000:    Loss 0.614576 | Validation loss 0.250588
[M04.wav] Iteration 02630/05000:    Loss 0.606895 | Validation loss 0.241813
[M04.wav] Iteration 02640/05000:    Loss 0.661050 | Validation loss 0.246546
[M04.wav] Iteration 02650/05000:    Loss 0.658261 | Validation loss 0.250325
[M04.wav] Iteration 02660/05000:    Loss 0.619684 | Validation loss 0.243805
[M04.wav] Iteration 02670/05000:    Loss 0.610938 | Validation loss 0.242122
[M04.wav] Iteration 02680/05000:    Loss 0.607448 | Validation loss 0.240052
[M04.wav] Iteration 02690/05000:    Loss 0.625250 | Validation loss 0.242519
[M04.wav] Iteration 02700/05000:    Loss 0.614506 | Validation loss 0.240898
[M04.wav] Iteration 02710/05000:    Loss 0.600929 | Validation loss 0.241781
[M04.wav] Iteration 02720/05000:    Loss 0.596130 | Validation loss 0.243156
[M04.wav] Iteration 02730/05000:    Loss 0.585900 | Validation loss 0.243325
[M04.wav] Iteration 02740/05000:    Loss 0.577814 | Validation loss 0.242471
[M04.wav] Iteration 02750/05000:    Loss 0.580502 | Validation loss 0.239260
[M04.wav] Iteration 02760/05000:    Loss 0.571919 | Validation loss 0.238834
[M04.wav] Iteration 02770/05000:    Loss 0.602738 | Validation loss 0.242553
[M04.wav] Iteration 02780/05000:    Loss 0.594667 | Validation loss 0.240809
[M04.wav] Iteration 02790/05000:    Loss 0.582456 | Validation loss 0.243645
[M04.wav] Iteration 02800/05000:    Loss 0.581666 | Validation loss 0.236857
[M04.wav] Iteration 02810/05000:    Loss 0.569610 | Validation loss 0.234464
[M04.wav] Iteration 02820/05000:    Loss 0.585362 | Validation loss 0.238318
[M04.wav] Iteration 02830/05000:    Loss 0.584514 | Validation loss 0.240174
[M04.wav] Iteration 02840/05000:    Loss 0.587939 | Validation loss 0.237732
[M04.wav] Iteration 02850/05000:    Loss 0.575998 | Validation loss 0.238261
[M04.wav] Iteration 02860/05000:    Loss 0.562594 | Validation loss 0.235336
[M04.wav] Iteration 02870/05000:    Loss 0.562210 | Validation loss 0.237326
[M04.wav] Iteration 02880/05000:    Loss 0.550477 | Validation loss 0.234092
[M04.wav] Iteration 02890/05000:    Loss 0.583420 | Validation loss 0.238587
[M04.wav] Iteration 02900/05000:    Loss 0.562598 | Validation loss 0.233472
[M04.wav] Iteration 02910/05000:    Loss 0.549065 | Validation loss 0.233113
[M04.wav] Iteration 02920/05000:    Loss 0.611750 | Validation loss 0.242476
[M04.wav] Iteration 02930/05000:    Loss 0.566741 | Validation loss 0.236250
[M04.wav] Iteration 02940/05000:    Loss 0.547653 | Validation loss 0.232921
[M04.wav] Iteration 02950/05000:    Loss 0.655177 | Validation loss 0.239582
[M04.wav] Iteration 02960/05000:    Loss 0.627095 | Validation loss 0.244401
[M04.wav] Iteration 02970/05000:    Loss 0.597130 | Validation loss 0.239581
[M04.wav] Iteration 02980/05000:    Loss 0.569097 | Validation loss 0.232758
[M04.wav] Iteration 02990/05000:    Loss 0.551081 | Validation loss 0.231012
[M04.wav] Iteration 03000/05000:    Loss 0.535072 | Validation loss 0.232277
[M04.wav] Iteration 03010/05000:    Loss 0.529587 | Validation loss 0.227881
[M04.wav] Iteration 03020/05000:    Loss 0.529506 | Validation loss 0.229731
[M04.wav] Iteration 03030/05000:    Loss 0.527026 | Validation loss 0.233418
[M04.wav] Iteration 03040/05000:    Loss 0.531381 | Validation loss 0.230576
[M04.wav] Iteration 03050/05000:    Loss 0.519851 | Validation loss 0.227545
[M04.wav] Iteration 03060/05000:    Loss 0.519077 | Validation loss 0.231783
[M04.wav] Iteration 03070/05000:    Loss 0.507474 | Validation loss 0.228751
[M04.wav] Iteration 03080/05000:    Loss 0.503331 | Validation loss 0.223302
[M04.wav] Iteration 03090/05000:    Loss 0.506931 | Validation loss 0.229047
[M04.wav] Iteration 03100/05000:    Loss 0.508028 | Validation loss 0.225698
[M04.wav] Iteration 03110/05000:    Loss 0.496999 | Validation loss 0.230289
[M04.wav] Iteration 03120/05000:    Loss 0.496561 | Validation loss 0.227084
[M04.wav] Iteration 03130/05000:    Loss 0.682934 | Validation loss 0.237468
[M04.wav] Iteration 03140/05000:    Loss 0.633612 | Validation loss 0.236022
[M04.wav] Iteration 03150/05000:    Loss 0.583575 | Validation loss 0.233800
[M04.wav] Iteration 03160/05000:    Loss 0.568587 | Validation loss 0.233955
[M04.wav] Iteration 03170/05000:    Loss 0.534418 | Validation loss 0.227861
[M04.wav] Iteration 03180/05000:    Loss 0.521328 | Validation loss 0.228463
[M04.wav] Iteration 03190/05000:    Loss 0.515882 | Validation loss 0.225531
[M04.wav] Iteration 03200/05000:    Loss 0.523802 | Validation loss 0.225195
[M04.wav] Iteration 03210/05000:    Loss 0.512268 | Validation loss 0.228600
[M04.wav] Iteration 03220/05000:    Loss 0.518671 | Validation loss 0.227722
[M04.wav] Iteration 03230/05000:    Loss 0.523315 | Validation loss 0.224319
[M04.wav] Iteration 03240/05000:    Loss 0.504360 | Validation loss 0.223286
[M04.wav] Iteration 03250/05000:    Loss 0.494596 | Validation loss 0.222284
[M04.wav] Iteration 03260/05000:    Loss 0.486458 | Validation loss 0.220756
[M04.wav] Iteration 03270/05000:    Loss 0.484995 | Validation loss 0.220773
[M04.wav] Iteration 03280/05000:    Loss 0.479502 | Validation loss 0.221168
[M04.wav] Iteration 03290/05000:    Loss 0.480358 | Validation loss 0.221181
[M04.wav] Iteration 03300/05000:    Loss 0.473134 | Validation loss 0.223241
[M04.wav] Iteration 03310/05000:    Loss 0.473648 | Validation loss 0.221584
[M04.wav] Iteration 03320/05000:    Loss 0.465571 | Validation loss 0.221179
[M04.wav] Iteration 03330/05000:    Loss 0.476528 | Validation loss 0.223408
[M04.wav] Iteration 03340/05000:    Loss 0.468103 | Validation loss 0.217565
[M04.wav] Iteration 03350/05000:    Loss 0.460009 | Validation loss 0.219851
[M04.wav] Iteration 03360/05000:    Loss 0.474304 | Validation loss 0.221545
[M04.wav] Iteration 03370/05000:    Loss 0.461651 | Validation loss 0.219797
[M04.wav] Iteration 03380/05000:    Loss 0.464593 | Validation loss 0.221776
[M04.wav] Iteration 03390/05000:    Loss 0.458922 | Validation loss 0.220555
[M04.wav] Iteration 03400/05000:    Loss 0.454088 | Validation loss 0.217126
[M04.wav] Iteration 03410/05000:    Loss 0.458699 | Validation loss 0.219520
[M04.wav] Iteration 03420/05000:    Loss 0.477263 | Validation loss 0.218121
[M04.wav] Iteration 03430/05000:    Loss 0.466271 | Validation loss 0.219427
[M04.wav] Iteration 03440/05000:    Loss 0.450427 | Validation loss 0.219020
[M04.wav] Iteration 03450/05000:    Loss 0.446603 | Validation loss 0.219918
[M04.wav] Iteration 03460/05000:    Loss 0.450265 | Validation loss 0.217695
[M04.wav] Iteration 03470/05000:    Loss 0.441234 | Validation loss 0.216325
[M04.wav] Iteration 03480/05000:    Loss 0.442343 | Validation loss 0.217715
[M04.wav] Iteration 03490/05000:    Loss 0.438654 | Validation loss 0.216786
[M04.wav] Iteration 03500/05000:    Loss 0.443004 | Validation loss 0.214560
[M04.wav] Iteration 03510/05000:    Loss 0.446981 | Validation loss 0.218287
[M04.wav] Iteration 03520/05000:    Loss 0.445284 | Validation loss 0.217383
[M04.wav] Iteration 03530/05000:    Loss 0.441430 | Validation loss 0.220501
[M04.wav] Iteration 03540/05000:    Loss 0.433846 | Validation loss 0.214817
[M04.wav] Iteration 03550/05000:    Loss 0.432134 | Validation loss 0.214425
[M04.wav] Iteration 03560/05000:    Loss 0.429001 | Validation loss 0.213913
[M04.wav] Iteration 03570/05000:    Loss 0.434562 | Validation loss 0.217901
[M04.wav] Iteration 03580/05000:    Loss 0.429498 | Validation loss 0.213373
[M04.wav] Iteration 03590/05000:    Loss 0.423242 | Validation loss 0.214193
[M04.wav] Iteration 03600/05000:    Loss 0.426791 | Validation loss 0.214817
[M04.wav] Iteration 03610/05000:    Loss 0.427842 | Validation loss 0.212940
[M04.wav] Iteration 03620/05000:    Loss 0.431525 | Validation loss 0.217551
[M04.wav] Iteration 03630/05000:    Loss 0.428677 | Validation loss 0.211952
[M04.wav] Iteration 03640/05000:    Loss 4.135303 | Validation loss 0.594685
[M04.wav] Iteration 03650/05000:    Loss 2.796728 | Validation loss 0.474256
[M04.wav] Iteration 03660/05000:    Loss 2.380001 | Validation loss 0.409663
[M04.wav] Iteration 03670/05000:    Loss 1.922453 | Validation loss 0.354489
[M04.wav] Iteration 03680/05000:    Loss 1.719058 | Validation loss 0.340491
[M04.wav] Iteration 03690/05000:    Loss 1.591604 | Validation loss 0.321836
[M04.wav] Iteration 03700/05000:    Loss 1.508539 | Validation loss 0.311303
[M04.wav] Iteration 03710/05000:    Loss 1.442623 | Validation loss 0.298122
[M04.wav] Iteration 03720/05000:    Loss 1.400872 | Validation loss 0.292966
[M04.wav] Iteration 03730/05000:    Loss 1.359674 | Validation loss 0.290286
[M04.wav] Iteration 03740/05000:    Loss 1.326163 | Validation loss 0.288065
[M04.wav] Iteration 03750/05000:    Loss 1.302430 | Validation loss 0.280778
[M04.wav] Iteration 03760/05000:    Loss 1.266619 | Validation loss 0.283122
[M04.wav] Iteration 03770/05000:    Loss 1.238946 | Validation loss 0.278830
[M04.wav] Iteration 03780/05000:    Loss 1.217014 | Validation loss 0.278791
[M04.wav] Iteration 03790/05000:    Loss 1.200284 | Validation loss 0.273348
[M04.wav] Iteration 03800/05000:    Loss 1.179462 | Validation loss 0.271488
[M04.wav] Iteration 03810/05000:    Loss 1.163311 | Validation loss 0.268046
[M04.wav] Iteration 03820/05000:    Loss 1.146122 | Validation loss 0.265852
[M04.wav] Iteration 03830/05000:    Loss 1.130574 | Validation loss 0.267548
[M04.wav] Iteration 03840/05000:    Loss 1.111835 | Validation loss 0.262683
[M04.wav] Iteration 03850/05000:    Loss 1.119402 | Validation loss 0.263493
[M04.wav] Iteration 03860/05000:    Loss 1.098260 | Validation loss 0.254902
[M04.wav] Iteration 03870/05000:    Loss 1.084235 | Validation loss 0.258531
[M04.wav] Iteration 03880/05000:    Loss 1.071268 | Validation loss 0.254978
[M04.wav] Iteration 03890/05000:    Loss 1.051341 | Validation loss 0.253501
[M04.wav] Iteration 03900/05000:    Loss 1.045600 | Validation loss 0.253228
[M04.wav] Iteration 03910/05000:    Loss 1.032376 | Validation loss 0.252821
[M04.wav] Iteration 03920/05000:    Loss 1.018060 | Validation loss 0.248339
[M04.wav] Iteration 03930/05000:    Loss 1.020134 | Validation loss 0.247901
[M04.wav] Iteration 03940/05000:    Loss 1.004055 | Validation loss 0.248063
[M04.wav] Iteration 03950/05000:    Loss 0.994520 | Validation loss 0.245958
[M04.wav] Iteration 03960/05000:    Loss 0.981436 | Validation loss 0.247596
[M04.wav] Iteration 03970/05000:    Loss 0.981488 | Validation loss 0.243583
[M04.wav] Iteration 03980/05000:    Loss 0.969150 | Validation loss 0.244880
[M04.wav] Iteration 03990/05000:    Loss 0.955925 | Validation loss 0.242097
[M04.wav] Iteration 04000/05000:    Loss 0.949614 | Validation loss 0.241582
[M04.wav] Iteration 04010/05000:    Loss 0.941623 | Validation loss 0.238936
[M04.wav] Iteration 04020/05000:    Loss 0.944815 | Validation loss 0.241671
[M04.wav] Iteration 04030/05000:    Loss 0.924964 | Validation loss 0.238715
[M04.wav] Iteration 04040/05000:    Loss 0.922675 | Validation loss 0.239686
[M04.wav] Iteration 04050/05000:    Loss 0.913384 | Validation loss 0.236947
[M04.wav] Iteration 04060/05000:    Loss 0.903829 | Validation loss 0.235380
[M04.wav] Iteration 04070/05000:    Loss 0.898890 | Validation loss 0.234186
[M04.wav] Iteration 04080/05000:    Loss 0.895797 | Validation loss 0.235201
[M04.wav] Iteration 04090/05000:    Loss 0.879254 | Validation loss 0.229304
[M04.wav] Iteration 04100/05000:    Loss 0.881493 | Validation loss 0.232344
[M04.wav] Iteration 04110/05000:    Loss 0.874488 | Validation loss 0.230823
[M04.wav] Iteration 04120/05000:    Loss 0.872090 | Validation loss 0.230491
[M04.wav] Iteration 04130/05000:    Loss 0.858382 | Validation loss 0.227446
[M04.wav] Iteration 04140/05000:    Loss 0.853127 | Validation loss 0.228473
[M04.wav] Iteration 04150/05000:    Loss 0.850380 | Validation loss 0.230439
[M04.wav] Iteration 04160/05000:    Loss 0.847918 | Validation loss 0.228161
[M04.wav] Iteration 04170/05000:    Loss 0.840124 | Validation loss 0.228222
[M04.wav] Iteration 04180/05000:    Loss 0.830317 | Validation loss 0.224851
[M04.wav] Iteration 04190/05000:    Loss 0.831358 | Validation loss 0.226273
[M04.wav] Iteration 04200/05000:    Loss 0.820244 | Validation loss 0.225613
[M04.wav] Iteration 04210/05000:    Loss 0.809121 | Validation loss 0.227161
[M04.wav] Iteration 04220/05000:    Loss 0.813679 | Validation loss 0.225827
[M04.wav] Iteration 04230/05000:    Loss 0.800456 | Validation loss 0.222428
[M04.wav] Iteration 04240/05000:    Loss 0.800898 | Validation loss 0.221058
[M04.wav] Iteration 04250/05000:    Loss 0.798785 | Validation loss 0.223123
[M04.wav] Iteration 04260/05000:    Loss 0.792392 | Validation loss 0.221619
[M04.wav] Iteration 04270/05000:    Loss 0.788983 | Validation loss 0.221814
[M04.wav] Iteration 04280/05000:    Loss 0.784242 | Validation loss 0.223182
[M04.wav] Iteration 04290/05000:    Loss 0.786543 | Validation loss 0.221441
[M04.wav] Iteration 04300/05000:    Loss 0.781191 | Validation loss 0.219157
[M04.wav] Iteration 04310/05000:    Loss 0.769029 | Validation loss 0.218801
[M04.wav] Iteration 04320/05000:    Loss 0.761671 | Validation loss 0.219620
[M04.wav] Iteration 04330/05000:    Loss 0.767573 | Validation loss 0.218985
[M04.wav] Iteration 04340/05000:    Loss 0.759558 | Validation loss 0.218506
[M04.wav] Iteration 04350/05000:    Loss 0.760217 | Validation loss 0.218779
[M04.wav] Iteration 04360/05000:    Loss 0.754120 | Validation loss 0.218069
[M04.wav] Iteration 04370/05000:    Loss 0.758635 | Validation loss 0.218179
[M04.wav] Iteration 04380/05000:    Loss 0.747551 | Validation loss 0.216118
[M04.wav] Iteration 04390/05000:    Loss 0.745816 | Validation loss 0.214280
[M04.wav] Iteration 04400/05000:    Loss 0.748316 | Validation loss 0.216837
[M04.wav] Iteration 04410/05000:    Loss 0.732703 | Validation loss 0.214244
[M04.wav] Iteration 04420/05000:    Loss 0.729817 | Validation loss 0.214451
[M04.wav] Iteration 04430/05000:    Loss 0.726108 | Validation loss 0.214915
[M04.wav] Iteration 04440/05000:    Loss 0.719226 | Validation loss 0.212932
[M04.wav] Iteration 04450/05000:    Loss 0.725694 | Validation loss 0.212397
[M04.wav] Iteration 04460/05000:    Loss 0.718980 | Validation loss 0.211824
[M04.wav] Iteration 04470/05000:    Loss 0.715005 | Validation loss 0.209502
[M04.wav] Iteration 04480/05000:    Loss 0.712885 | Validation loss 0.213562
[M04.wav] Iteration 04490/05000:    Loss 0.711908 | Validation loss 0.211471
[M04.wav] Iteration 04500/05000:    Loss 0.703061 | Validation loss 0.211884
[M04.wav] Iteration 04510/05000:    Loss 0.701021 | Validation loss 0.213848
[M04.wav] Iteration 04520/05000:    Loss 0.697552 | Validation loss 0.211190
[M04.wav] Iteration 04530/05000:    Loss 0.705817 | Validation loss 0.215011
[M04.wav] Iteration 04540/05000:    Loss 0.701373 | Validation loss 0.211089
[M04.wav] Iteration 04550/05000:    Loss 0.702530 | Validation loss 0.210883
[M04.wav] Iteration 04560/05000:    Loss 0.690645 | Validation loss 0.212537
[M04.wav] Iteration 04570/05000:    Loss 0.680276 | Validation loss 0.207637
[M04.wav] Iteration 04580/05000:    Loss 0.690822 | Validation loss 0.211724
[M04.wav] Iteration 04590/05000:    Loss 0.677728 | Validation loss 0.209085
[M04.wav] Iteration 04600/05000:    Loss 0.670680 | Validation loss 0.206645
[M04.wav] Iteration 04610/05000:    Loss 0.677144 | Validation loss 0.208121
[M04.wav] Iteration 04620/05000:    Loss 0.665404 | Validation loss 0.207548
[M04.wav] Iteration 04630/05000:    Loss 0.668854 | Validation loss 0.210530
[M04.wav] Iteration 04640/05000:    Loss 0.666038 | Validation loss 0.208975
[M04.wav] Iteration 04650/05000:    Loss 0.656669 | Validation loss 0.205603
[M04.wav] Iteration 04660/05000:    Loss 0.652064 | Validation loss 0.203449
[M04.wav] Iteration 04670/05000:    Loss 0.653324 | Validation loss 0.206898
[M04.wav] Iteration 04680/05000:    Loss 0.650766 | Validation loss 0.207268
[M04.wav] Iteration 04690/05000:    Loss 0.650631 | Validation loss 0.204292
[M04.wav] Iteration 04700/05000:    Loss 0.646461 | Validation loss 0.205193
[M04.wav] Iteration 04710/05000:    Loss 0.641909 | Validation loss 0.205570
[M04.wav] Iteration 04720/05000:    Loss 0.641240 | Validation loss 0.207471
[M04.wav] Iteration 04730/05000:    Loss 0.640786 | Validation loss 0.204848
[M04.wav] Iteration 04740/05000:    Loss 0.637642 | Validation loss 0.205078
[M04.wav] Iteration 04750/05000:    Loss 0.668294 | Validation loss 0.210307
[M04.wav] Iteration 04760/05000:    Loss 0.643816 | Validation loss 0.204711
[M04.wav] Iteration 04770/05000:    Loss 0.634937 | Validation loss 0.203869
[M04.wav] Iteration 04780/05000:    Loss 0.633051 | Validation loss 0.200327
[M04.wav] Iteration 04790/05000:    Loss 0.623226 | Validation loss 0.202197
[M04.wav] Iteration 04800/05000:    Loss 0.623994 | Validation loss 0.203605
[M04.wav] Iteration 04810/05000:    Loss 0.630035 | Validation loss 0.207246
[M04.wav] Iteration 04820/05000:    Loss 0.618302 | Validation loss 0.205326
[M04.wav] Iteration 04830/05000:    Loss 0.608729 | Validation loss 0.202008
[M04.wav] Iteration 04840/05000:    Loss 0.605316 | Validation loss 0.205853
[M04.wav] Iteration 04850/05000:    Loss 0.612312 | Validation loss 0.200871
[M04.wav] Iteration 04860/05000:    Loss 0.606146 | Validation loss 0.202772
[M04.wav] Iteration 04870/05000:    Loss 0.674127 | Validation loss 0.208935
[M04.wav] Iteration 04880/05000:    Loss 0.650822 | Validation loss 0.205092
[M04.wav] Iteration 04890/05000:    Loss 0.629902 | Validation loss 0.203907
[M04.wav] Iteration 04900/05000:    Loss 0.613553 | Validation loss 0.199598
[M04.wav] Iteration 04910/05000:    Loss 0.602040 | Validation loss 0.200441
[M04.wav] Iteration 04920/05000:    Loss 0.598574 | Validation loss 0.203980
[M04.wav] Iteration 04930/05000:    Loss 0.594641 | Validation loss 0.201590
[M04.wav] Iteration 04940/05000:    Loss 0.599271 | Validation loss 0.202277
[M04.wav] Iteration 04950/05000:    Loss 0.614060 | Validation loss 0.200352
[M04.wav] Iteration 04960/05000:    Loss 0.630497 | Validation loss 0.205051
[M04.wav] Iteration 04970/05000:    Loss 0.607240 | Validation loss 0.202978
[M04.wav] Iteration 04980/05000:    Loss 2.031633 | Validation loss 0.306465
[M04.wav] Iteration 04990/05000:    Loss 1.597209 | Validation loss 0.282198
/content/dpai_work/src/script.py:407: UserWarning: amplitude_to_db was called on complex input so phase information will be discarded. To suppress this warning, call amplitude_to_db(np.abs(S)) instead.
  librosa.display.specshow(librosa.amplitude_to_db(net_input_np_a + 1j*net_input_np_b), sr=sr, x_axis='time', y_axis='log', cmap='viridis')
/content/dpai_work/src/script.py:493: UserWarning: amplitude_to_db was called on complex input so phase information will be discarded. To suppress this warning, call amplitude_to_db(np.abs(S)) instead.
  librosa.display.specshow(librosa.amplitude_to_db(reconstructed_spectrogram_with_original_context), sr=sr, x_axis='time', y_axis='log', cmap='viridis')

[DONE]


[COMPLETED]

