COMMAND: /usr/bin/python3 -u /content/dpai_support/run_dpai_seeded.py --seed 0 --src /content/dpai_work/src -- --source /content/drive/MyDrive/DPAI_real_baseline/dataset/clean/M05.wav --net ../nets/best.json --epochs 5000 --lr 0.01 --offset 0 --audio_len 5 --input_noise uniform --results_dir /content/dpai_scratch/M05_gap200
[run_dpai_seeded] seed=0  entry point=/content/dpai_work/src/script.py
[run_dpai_seeded] script arguments: --source /content/drive/MyDrive/DPAI_real_baseline/dataset/clean/M05.wav --net ../nets/best.json --epochs 5000 --lr 0.01 --offset 0 --audio_len 5 --input_noise uniform --results_dir /content/dpai_scratch/M05_gap200

[PROCESSING sample: M05.wav]
Number of params: 2015252
Starting optimization with ADAM
/content/dpai_work/src/utils/common_utils.py:246: UserWarning: A window was not provided. A rectangular window will be applied.Please provide the same window used by stft to make the inversion lossless.To suppress this warning and use a rectangular window, explicitly set `window=torch.ones(n_fft, device=<device>)`. (Triggered internally at /pytorch/aten/src/ATen/native/SpectralOps.cpp:1035.)
  input_audio = torch.istft(input_spectrogram, n_fft=2047)
[M05.wav] Iteration 00000/05000:    Loss 37.658157 | Validation loss 1.688908
[M05.wav] Iteration 00010/05000:    Loss 34.024544 | Validation loss 1.574971
[M05.wav] Iteration 00020/05000:    Loss 33.903610 | Validation loss 1.568025
[M05.wav] Iteration 00030/05000:    Loss 33.833401 | Validation loss 1.562697
[M05.wav] Iteration 00040/05000:    Loss 33.868458 | Validation loss 1.564231
[M05.wav] Iteration 00050/05000:    Loss 33.739342 | Validation loss 1.566284
[M05.wav] Iteration 00060/05000:    Loss 33.663010 | Validation loss 1.577552
[M05.wav] Iteration 00070/05000:    Loss 33.613525 | Validation loss 1.587470
[M05.wav] Iteration 00080/05000:    Loss 33.553253 | Validation loss 1.538941
[M05.wav] Iteration 00090/05000:    Loss 33.136009 | Validation loss 1.586847
[M05.wav] Iteration 00100/05000:    Loss 31.714214 | Validation loss 1.512506
[M05.wav] Iteration 00110/05000:    Loss 30.689728 | Validation loss 1.471207
[M05.wav] Iteration 00120/05000:    Loss 29.605726 | Validation loss 1.495475
[M05.wav] Iteration 00130/05000:    Loss 28.530010 | Validation loss 1.386710
[M05.wav] Iteration 00140/05000:    Loss 27.006582 | Validation loss 1.433172
[M05.wav] Iteration 00150/05000:    Loss 25.562449 | Validation loss 1.395968
[M05.wav] Iteration 00160/05000:    Loss 23.811075 | Validation loss 1.283131
[M05.wav] Iteration 00170/05000:    Loss 22.091406 | Validation loss 1.261876
[M05.wav] Iteration 00180/05000:    Loss 20.943792 | Validation loss 1.295535
[M05.wav] Iteration 00190/05000:    Loss 20.068289 | Validation loss 1.188567
[M05.wav] Iteration 00200/05000:    Loss 19.358976 | Validation loss 1.183036
[M05.wav] Iteration 00210/05000:    Loss 18.257139 | Validation loss 1.118145
[M05.wav] Iteration 00220/05000:    Loss 17.575478 | Validation loss 1.062575
[M05.wav] Iteration 00230/05000:    Loss 16.899029 | Validation loss 1.033078
[M05.wav] Iteration 00240/05000:    Loss 16.644672 | Validation loss 1.053263
[M05.wav] Iteration 00250/05000:    Loss 16.417778 | Validation loss 1.031663
[M05.wav] Iteration 00260/05000:    Loss 15.970881 | Validation loss 0.978537
[M05.wav] Iteration 00270/05000:    Loss 15.688041 | Validation loss 0.986427
[M05.wav] Iteration 00280/05000:    Loss 15.478662 | Validation loss 0.964107
[M05.wav] Iteration 00290/05000:    Loss 15.109252 | Validation loss 0.945194
[M05.wav] Iteration 00300/05000:    Loss 14.821470 | Validation loss 0.923255
[M05.wav] Iteration 00310/05000:    Loss 14.674902 | Validation loss 0.900753
[M05.wav] Iteration 00320/05000:    Loss 14.356755 | Validation loss 0.939252
[M05.wav] Iteration 00330/05000:    Loss 14.126942 | Validation loss 0.925493
[M05.wav] Iteration 00340/05000:    Loss 13.970578 | Validation loss 0.930804
[M05.wav] Iteration 00350/05000:    Loss 12.927314 | Validation loss 0.898355
[M05.wav] Iteration 00360/05000:    Loss 11.611418 | Validation loss 0.831083
[M05.wav] Iteration 00370/05000:    Loss 11.162579 | Validation loss 0.836663
[M05.wav] Iteration 00380/05000:    Loss 10.745180 | Validation loss 0.794406
[M05.wav] Iteration 00390/05000:    Loss 10.441831 | Validation loss 0.771910
[M05.wav] Iteration 00400/05000:    Loss 9.949120 | Validation loss 0.734581
[M05.wav] Iteration 00410/05000:    Loss 9.823946 | Validation loss 0.761838
[M05.wav] Iteration 00420/05000:    Loss 9.681181 | Validation loss 0.722404
[M05.wav] Iteration 00430/05000:    Loss 9.321922 | Validation loss 0.716637
[M05.wav] Iteration 00440/05000:    Loss 9.034860 | Validation loss 0.710899
[M05.wav] Iteration 00450/05000:    Loss 8.938918 | Validation loss 0.695120
[M05.wav] Iteration 00460/05000:    Loss 8.758326 | Validation loss 0.712896
[M05.wav] Iteration 00470/05000:    Loss 8.646982 | Validation loss 0.687399
[M05.wav] Iteration 00480/05000:    Loss 8.541466 | Validation loss 0.676126
[M05.wav] Iteration 00490/05000:    Loss 8.270988 | Validation loss 0.659454
[M05.wav] Iteration 00500/05000:    Loss 8.262201 | Validation loss 0.670181
[M05.wav] Iteration 00510/05000:    Loss 8.119665 | Validation loss 0.642954
[M05.wav] Iteration 00520/05000:    Loss 8.066067 | Validation loss 0.643730
[M05.wav] Iteration 00530/05000:    Loss 7.960607 | Validation loss 0.622620
[M05.wav] Iteration 00540/05000:    Loss 7.800529 | Validation loss 0.628522
[M05.wav] Iteration 00550/05000:    Loss 7.700727 | Validation loss 0.624059
[M05.wav] Iteration 00560/05000:    Loss 7.539532 | Validation loss 0.621087
[M05.wav] Iteration 00570/05000:    Loss 7.429579 | Validation loss 0.639451
[M05.wav] Iteration 00580/05000:    Loss 7.274158 | Validation loss 0.611168
[M05.wav] Iteration 00590/05000:    Loss 7.109777 | Validation loss 0.601941
[M05.wav] Iteration 00600/05000:    Loss 6.938200 | Validation loss 0.612671
[M05.wav] Iteration 00610/05000:    Loss 6.758650 | Validation loss 0.610168
[M05.wav] Iteration 00620/05000:    Loss 6.613033 | Validation loss 0.591056
[M05.wav] Iteration 00630/05000:    Loss 6.477985 | Validation loss 0.595398
[M05.wav] Iteration 00640/05000:    Loss 6.357829 | Validation loss 0.598365
[M05.wav] Iteration 00650/05000:    Loss 6.068381 | Validation loss 0.591863
[M05.wav] Iteration 00660/05000:    Loss 5.816714 | Validation loss 0.580131
[M05.wav] Iteration 00670/05000:    Loss 5.642316 | Validation loss 0.572818
[M05.wav] Iteration 00680/05000:    Loss 5.396523 | Validation loss 0.567461
[M05.wav] Iteration 00690/05000:    Loss 5.248060 | Validation loss 0.550865
[M05.wav] Iteration 00700/05000:    Loss 5.098307 | Validation loss 0.546089
[M05.wav] Iteration 00710/05000:    Loss 4.926686 | Validation loss 0.551458
[M05.wav] Iteration 00720/05000:    Loss 4.722659 | Validation loss 0.540858
[M05.wav] Iteration 00730/05000:    Loss 4.605539 | Validation loss 0.527296
[M05.wav] Iteration 00740/05000:    Loss 4.414299 | Validation loss 0.511038
[M05.wav] Iteration 00750/05000:    Loss 4.223329 | Validation loss 0.519984
[M05.wav] Iteration 00760/05000:    Loss 4.077324 | Validation loss 0.513909
[M05.wav] Iteration 00770/05000:    Loss 3.994167 | Validation loss 0.500985
[M05.wav] Iteration 00780/05000:    Loss 3.801341 | Validation loss 0.492110
[M05.wav] Iteration 00790/05000:    Loss 3.589267 | Validation loss 0.494896
[M05.wav] Iteration 00800/05000:    Loss 3.457895 | Validation loss 0.476344
[M05.wav] Iteration 00810/05000:    Loss 3.280289 | Validation loss 0.474760
[M05.wav] Iteration 00820/05000:    Loss 3.059721 | Validation loss 0.463560
[M05.wav] Iteration 00830/05000:    Loss 2.971428 | Validation loss 0.463651
[M05.wav] Iteration 00840/05000:    Loss 2.819321 | Validation loss 0.454743
[M05.wav] Iteration 00850/05000:    Loss 2.724437 | Validation loss 0.444082
[M05.wav] Iteration 00860/05000:    Loss 2.648449 | Validation loss 0.438272
[M05.wav] Iteration 00870/05000:    Loss 2.586272 | Validation loss 0.437782
[M05.wav] Iteration 00880/05000:    Loss 2.375653 | Validation loss 0.425546
[M05.wav] Iteration 00890/05000:    Loss 2.277566 | Validation loss 0.413799
[M05.wav] Iteration 00900/05000:    Loss 2.170798 | Validation loss 0.408920
[M05.wav] Iteration 00910/05000:    Loss 2.037795 | Validation loss 0.402929
[M05.wav] Iteration 00920/05000:    Loss 1.974694 | Validation loss 0.394192
[M05.wav] Iteration 00930/05000:    Loss 1.915866 | Validation loss 0.389348
[M05.wav] Iteration 00940/05000:    Loss 1.839084 | Validation loss 0.381324
[M05.wav] Iteration 00950/05000:    Loss 1.752704 | Validation loss 0.386173
[M05.wav] Iteration 00960/05000:    Loss 1.730150 | Validation loss 0.372452
[M05.wav] Iteration 00970/05000:    Loss 1.676621 | Validation loss 0.376269
[M05.wav] Iteration 00980/05000:    Loss 1.590742 | Validation loss 0.370095
[M05.wav] Iteration 00990/05000:    Loss 1.505676 | Validation loss 0.352982
[M05.wav] Iteration 01000/05000:    Loss 1.481805 | Validation loss 0.352024
[M05.wav] Iteration 01010/05000:    Loss 1.498954 | Validation loss 0.355100
[M05.wav] Iteration 01020/05000:    Loss 1.420737 | Validation loss 0.341543
[M05.wav] Iteration 01030/05000:    Loss 1.370250 | Validation loss 0.334451
[M05.wav] Iteration 01040/05000:    Loss 1.274327 | Validation loss 0.334992
[M05.wav] Iteration 01050/05000:    Loss 1.231838 | Validation loss 0.327224
[M05.wav] Iteration 01060/05000:    Loss 1.313419 | Validation loss 0.331266
[M05.wav] Iteration 01070/05000:    Loss 1.230163 | Validation loss 0.319314
[M05.wav] Iteration 01080/05000:    Loss 1.203379 | Validation loss 0.318806
[M05.wav] Iteration 01090/05000:    Loss 1.319947 | Validation loss 0.312837
[M05.wav] Iteration 01100/05000:    Loss 1.248621 | Validation loss 0.314958
[M05.wav] Iteration 01110/05000:    Loss 1.176428 | Validation loss 0.307413
[M05.wav] Iteration 01120/05000:    Loss 1.097168 | Validation loss 0.306150
[M05.wav] Iteration 01130/05000:    Loss 1.056032 | Validation loss 0.297621
[M05.wav] Iteration 01140/05000:    Loss 1.065528 | Validation loss 0.293112
[M05.wav] Iteration 01150/05000:    Loss 0.987575 | Validation loss 0.287629
[M05.wav] Iteration 01160/05000:    Loss 0.974579 | Validation loss 0.288382
[M05.wav] Iteration 01170/05000:    Loss 0.961126 | Validation loss 0.284226
[M05.wav] Iteration 01180/05000:    Loss 0.948644 | Validation loss 0.284890
[M05.wav] Iteration 01190/05000:    Loss 0.870031 | Validation loss 0.276909
[M05.wav] Iteration 01200/05000:    Loss 0.859777 | Validation loss 0.273839
[M05.wav] Iteration 01210/05000:    Loss 0.908755 | Validation loss 0.277148
[M05.wav] Iteration 01220/05000:    Loss 0.980486 | Validation loss 0.284759
[M05.wav] Iteration 01230/05000:    Loss 0.877831 | Validation loss 0.272050
[M05.wav] Iteration 01240/05000:    Loss 0.903984 | Validation loss 0.271199
[M05.wav] Iteration 01250/05000:    Loss 0.876738 | Validation loss 0.267541
[M05.wav] Iteration 01260/05000:    Loss 0.834125 | Validation loss 0.264725
[M05.wav] Iteration 01270/05000:    Loss 0.796758 | Validation loss 0.259959
[M05.wav] Iteration 01280/05000:    Loss 0.756584 | Validation loss 0.254723
[M05.wav] Iteration 01290/05000:    Loss 0.726836 | Validation loss 0.257173
[M05.wav] Iteration 01300/05000:    Loss 0.705799 | Validation loss 0.257135
[M05.wav] Iteration 01310/05000:    Loss 0.742934 | Validation loss 0.256299
[M05.wav] Iteration 01320/05000:    Loss 0.752886 | Validation loss 0.247261
[M05.wav] Iteration 01330/05000:    Loss 0.705756 | Validation loss 0.250783
[M05.wav] Iteration 01340/05000:    Loss 0.712723 | Validation loss 0.245939
[M05.wav] Iteration 01350/05000:    Loss 0.708177 | Validation loss 0.241163
[M05.wav] Iteration 01360/05000:    Loss 0.661115 | Validation loss 0.245363
[M05.wav] Iteration 01370/05000:    Loss 0.664142 | Validation loss 0.240972
[M05.wav] Iteration 01380/05000:    Loss 0.640681 | Validation loss 0.236981
[M05.wav] Iteration 01390/05000:    Loss 0.739265 | Validation loss 0.249809
[M05.wav] Iteration 01400/05000:    Loss 0.729494 | Validation loss 0.237076
[M05.wav] Iteration 01410/05000:    Loss 0.659869 | Validation loss 0.235332
[M05.wav] Iteration 01420/05000:    Loss 0.646031 | Validation loss 0.239568
[M05.wav] Iteration 01430/05000:    Loss 0.613061 | Validation loss 0.235404
[M05.wav] Iteration 01440/05000:    Loss 0.583906 | Validation loss 0.230495
[M05.wav] Iteration 01450/05000:    Loss 0.580872 | Validation loss 0.228610
[M05.wav] Iteration 01460/05000:    Loss 0.607464 | Validation loss 0.225718
[M05.wav] Iteration 01470/05000:    Loss 0.690816 | Validation loss 0.240565
[M05.wav] Iteration 01480/05000:    Loss 0.680451 | Validation loss 0.233816
[M05.wav] Iteration 01490/05000:    Loss 0.626442 | Validation loss 0.228199
[M05.wav] Iteration 01500/05000:    Loss 0.596522 | Validation loss 0.224835
[M05.wav] Iteration 01510/05000:    Loss 0.513906 | Validation loss 0.214441
[M05.wav] Iteration 01520/05000:    Loss 0.511663 | Validation loss 0.214650
[M05.wav] Iteration 01530/05000:    Loss 0.579114 | Validation loss 0.222758
[M05.wav] Iteration 01540/05000:    Loss 0.551411 | Validation loss 0.217806
[M05.wav] Iteration 01550/05000:    Loss 0.510930 | Validation loss 0.212010
[M05.wav] Iteration 01560/05000:    Loss 0.518749 | Validation loss 0.211319
[M05.wav] Iteration 01570/05000:    Loss 0.496566 | Validation loss 0.208921
[M05.wav] Iteration 01580/05000:    Loss 0.476942 | Validation loss 0.211534
[M05.wav] Iteration 01590/05000:    Loss 0.481388 | Validation loss 0.210554
[M05.wav] Iteration 01600/05000:    Loss 0.451271 | Validation loss 0.208104
[M05.wav] Iteration 01610/05000:    Loss 0.431542 | Validation loss 0.202915
[M05.wav] Iteration 01620/05000:    Loss 0.420284 | Validation loss 0.198883
[M05.wav] Iteration 01630/05000:    Loss 0.409995 | Validation loss 0.198019
[M05.wav] Iteration 01640/05000:    Loss 0.388748 | Validation loss 0.197999
[M05.wav] Iteration 01650/05000:    Loss 0.389610 | Validation loss 0.196134
[M05.wav] Iteration 01660/05000:    Loss 0.411878 | Validation loss 0.191093
[M05.wav] Iteration 01670/05000:    Loss 0.745241 | Validation loss 0.215013
[M05.wav] Iteration 01680/05000:    Loss 0.608383 | Validation loss 0.216188
[M05.wav] Iteration 01690/05000:    Loss 0.523293 | Validation loss 0.209021
[M05.wav] Iteration 01700/05000:    Loss 0.448013 | Validation loss 0.199247
[M05.wav] Iteration 01710/05000:    Loss 0.440295 | Validation loss 0.197634
[M05.wav] Iteration 01720/05000:    Loss 0.408513 | Validation loss 0.188770
[M05.wav] Iteration 01730/05000:    Loss 0.405111 | Validation loss 0.188659
[M05.wav] Iteration 01740/05000:    Loss 0.391051 | Validation loss 0.189651
[M05.wav] Iteration 01750/05000:    Loss 0.341461 | Validation loss 0.186157
[M05.wav] Iteration 01760/05000:    Loss 0.351820 | Validation loss 0.183948
[M05.wav] Iteration 01770/05000:    Loss 0.350784 | Validation loss 0.186569
[M05.wav] Iteration 01780/05000:    Loss 0.356774 | Validation loss 0.180971
[M05.wav] Iteration 01790/05000:    Loss 0.344426 | Validation loss 0.183555
[M05.wav] Iteration 01800/05000:    Loss 0.368001 | Validation loss 0.179832
[M05.wav] Iteration 01810/05000:    Loss 0.322775 | Validation loss 0.179995
[M05.wav] Iteration 01820/05000:    Loss 0.333977 | Validation loss 0.177734
[M05.wav] Iteration 01830/05000:    Loss 0.323221 | Validation loss 0.174994
[M05.wav] Iteration 01840/05000:    Loss 0.311232 | Validation loss 0.173882
[M05.wav] Iteration 01850/05000:    Loss 0.316993 | Validation loss 0.174923
[M05.wav] Iteration 01860/05000:    Loss 0.339077 | Validation loss 0.173963
[M05.wav] Iteration 01870/05000:    Loss 0.351472 | Validation loss 0.170662
[M05.wav] Iteration 01880/05000:    Loss 0.337060 | Validation loss 0.172693
[M05.wav] Iteration 01890/05000:    Loss 0.339295 | Validation loss 0.172829
[M05.wav] Iteration 01900/05000:    Loss 0.329847 | Validation loss 0.174409
[M05.wav] Iteration 01910/05000:    Loss 0.327680 | Validation loss 0.169468
[M05.wav] Iteration 01920/05000:    Loss 0.297765 | Validation loss 0.170080
[M05.wav] Iteration 01930/05000:    Loss 0.282641 | Validation loss 0.167815
[M05.wav] Iteration 01940/05000:    Loss 0.284177 | Validation loss 0.164825
[M05.wav] Iteration 01950/05000:    Loss 0.300565 | Validation loss 0.169646
[M05.wav] Iteration 01960/05000:    Loss 0.271085 | Validation loss 0.161439
[M05.wav] Iteration 01970/05000:    Loss 0.285873 | Validation loss 0.163205
[M05.wav] Iteration 01980/05000:    Loss 0.271724 | Validation loss 0.162052
[M05.wav] Iteration 01990/05000:    Loss 0.274969 | Validation loss 0.160221
[M05.wav] Iteration 02000/05000:    Loss 0.273846 | Validation loss 0.161827
[M05.wav] Iteration 02010/05000:    Loss 0.281855 | Validation loss 0.164063
[M05.wav] Iteration 02020/05000:    Loss 0.286726 | Validation loss 0.159388
[M05.wav] Iteration 02030/05000:    Loss 0.275636 | Validation loss 0.158729
[M05.wav] Iteration 02040/05000:    Loss 0.276976 | Validation loss 0.160214
[M05.wav] Iteration 02050/05000:    Loss 0.274876 | Validation loss 0.160280
[M05.wav] Iteration 02060/05000:    Loss 0.270615 | Validation loss 0.156490
[M05.wav] Iteration 02070/05000:    Loss 0.277482 | Validation loss 0.157183
[M05.wav] Iteration 02080/05000:    Loss 0.274875 | Validation loss 0.154421
[M05.wav] Iteration 02090/05000:    Loss 0.263439 | Validation loss 0.156174
[M05.wav] Iteration 02100/05000:    Loss 0.243201 | Validation loss 0.153758
[M05.wav] Iteration 02110/05000:    Loss 0.254048 | Validation loss 0.153028
[M05.wav] Iteration 02120/05000:    Loss 0.251809 | Validation loss 0.152419
[M05.wav] Iteration 02130/05000:    Loss 0.270576 | Validation loss 0.153480
[M05.wav] Iteration 02140/05000:    Loss 0.270393 | Validation loss 0.155611
[M05.wav] Iteration 02150/05000:    Loss 0.254463 | Validation loss 0.152288
[M05.wav] Iteration 02160/05000:    Loss 0.260470 | Validation loss 0.154037
[M05.wav] Iteration 02170/05000:    Loss 0.245152 | Validation loss 0.153253
[M05.wav] Iteration 02180/05000:    Loss 0.244391 | Validation loss 0.154985
[M05.wav] Iteration 02190/05000:    Loss 0.248495 | Validation loss 0.150294
[M05.wav] Iteration 02200/05000:    Loss 0.237747 | Validation loss 0.152746
[M05.wav] Iteration 02210/05000:    Loss 0.252911 | Validation loss 0.150268
[M05.wav] Iteration 02220/05000:    Loss 0.239035 | Validation loss 0.150916
[M05.wav] Iteration 02230/05000:    Loss 0.952609 | Validation loss 0.207158
[M05.wav] Iteration 02240/05000:    Loss 1.649087 | Validation loss 0.256722
[M05.wav] Iteration 02250/05000:    Loss 24.769165 | Validation loss 1.107267
[M05.wav] Iteration 02260/05000:    Loss 18.172707 | Validation loss 1.011011
[M05.wav] Iteration 02270/05000:    Loss 12.969356 | Validation loss 0.945920
[M05.wav] Iteration 02280/05000:    Loss 10.895272 | Validation loss 0.799258
[M05.wav] Iteration 02290/05000:    Loss 9.526350 | Validation loss 0.739640
[M05.wav] Iteration 02300/05000:    Loss 8.775332 | Validation loss 0.699397
[M05.wav] Iteration 02310/05000:    Loss 8.364497 | Validation loss 0.661197
[M05.wav] Iteration 02320/05000:    Loss 8.014452 | Validation loss 0.651319
[M05.wav] Iteration 02330/05000:    Loss 7.713729 | Validation loss 0.633961
[M05.wav] Iteration 02340/05000:    Loss 7.476833 | Validation loss 0.612184
[M05.wav] Iteration 02350/05000:    Loss 7.342278 | Validation loss 0.608255
[M05.wav] Iteration 02360/05000:    Loss 7.163117 | Validation loss 0.593744
[M05.wav] Iteration 02370/05000:    Loss 7.025765 | Validation loss 0.580853
[M05.wav] Iteration 02380/05000:    Loss 6.911839 | Validation loss 0.574435
[M05.wav] Iteration 02390/05000:    Loss 6.775853 | Validation loss 0.567261
[M05.wav] Iteration 02400/05000:    Loss 6.633033 | Validation loss 0.550951
[M05.wav] Iteration 02410/05000:    Loss 6.529762 | Validation loss 0.553563
[M05.wav] Iteration 02420/05000:    Loss 6.399067 | Validation loss 0.542447
[M05.wav] Iteration 02430/05000:    Loss 6.278086 | Validation loss 0.540002
[M05.wav] Iteration 02440/05000:    Loss 6.159486 | Validation loss 0.534929
[M05.wav] Iteration 02450/05000:    Loss 6.016596 | Validation loss 0.527978
[M05.wav] Iteration 02460/05000:    Loss 5.939103 | Validation loss 0.523032
[M05.wav] Iteration 02470/05000:    Loss 5.871765 | Validation loss 0.521316
[M05.wav] Iteration 02480/05000:    Loss 5.768528 | Validation loss 0.518592
[M05.wav] Iteration 02490/05000:    Loss 5.612621 | Validation loss 0.512621
[M05.wav] Iteration 02500/05000:    Loss 5.498538 | Validation loss 0.508398
[M05.wav] Iteration 02510/05000:    Loss 5.369554 | Validation loss 0.498379
[M05.wav] Iteration 02520/05000:    Loss 5.286925 | Validation loss 0.489268
[M05.wav] Iteration 02530/05000:    Loss 5.181125 | Validation loss 0.499335
[M05.wav] Iteration 02540/05000:    Loss 5.015012 | Validation loss 0.485864
[M05.wav] Iteration 02550/05000:    Loss 4.922210 | Validation loss 0.485040
[M05.wav] Iteration 02560/05000:    Loss 4.795059 | Validation loss 0.487430
[M05.wav] Iteration 02570/05000:    Loss 4.624208 | Validation loss 0.475458
[M05.wav] Iteration 02580/05000:    Loss 4.611209 | Validation loss 0.479098
[M05.wav] Iteration 02590/05000:    Loss 4.399953 | Validation loss 0.473484
[M05.wav] Iteration 02600/05000:    Loss 4.289298 | Validation loss 0.462340
[M05.wav] Iteration 02610/05000:    Loss 4.182137 | Validation loss 0.464903
[M05.wav] Iteration 02620/05000:    Loss 4.072892 | Validation loss 0.456381
[M05.wav] Iteration 02630/05000:    Loss 3.955243 | Validation loss 0.461896
[M05.wav] Iteration 02640/05000:    Loss 3.838303 | Validation loss 0.451206
[M05.wav] Iteration 02650/05000:    Loss 3.746043 | Validation loss 0.448867
[M05.wav] Iteration 02660/05000:    Loss 3.621283 | Validation loss 0.436769
[M05.wav] Iteration 02670/05000:    Loss 3.566780 | Validation loss 0.444505
[M05.wav] Iteration 02680/05000:    Loss 3.556309 | Validation loss 0.443503
[M05.wav] Iteration 02690/05000:    Loss 3.376090 | Validation loss 0.432116
[M05.wav] Iteration 02700/05000:    Loss 3.205339 | Validation loss 0.435239
[M05.wav] Iteration 02710/05000:    Loss 3.091384 | Validation loss 0.420528
[M05.wav] Iteration 02720/05000:    Loss 3.106082 | Validation loss 0.422768
[M05.wav] Iteration 02730/05000:    Loss 3.005481 | Validation loss 0.419647
[M05.wav] Iteration 02740/05000:    Loss 2.982046 | Validation loss 0.425681
[M05.wav] Iteration 02750/05000:    Loss 2.858376 | Validation loss 0.413718
[M05.wav] Iteration 02760/05000:    Loss 2.729288 | Validation loss 0.410166
[M05.wav] Iteration 02770/05000:    Loss 2.670245 | Validation loss 0.418780
[M05.wav] Iteration 02780/05000:    Loss 2.705545 | Validation loss 0.404829
[M05.wav] Iteration 02790/05000:    Loss 2.610866 | Validation loss 0.401971
[M05.wav] Iteration 02800/05000:    Loss 2.462781 | Validation loss 0.397355
[M05.wav] Iteration 02810/05000:    Loss 2.484377 | Validation loss 0.408238
[M05.wav] Iteration 02820/05000:    Loss 2.458506 | Validation loss 0.399149
[M05.wav] Iteration 02830/05000:    Loss 2.306503 | Validation loss 0.389802
[M05.wav] Iteration 02840/05000:    Loss 2.217972 | Validation loss 0.392774
[M05.wav] Iteration 02850/05000:    Loss 2.173101 | Validation loss 0.387754
[M05.wav] Iteration 02860/05000:    Loss 2.128433 | Validation loss 0.377554
[M05.wav] Iteration 02870/05000:    Loss 2.067018 | Validation loss 0.377911
[M05.wav] Iteration 02880/05000:    Loss 2.078057 | Validation loss 0.382718
[M05.wav] Iteration 02890/05000:    Loss 1.966139 | Validation loss 0.376853
[M05.wav] Iteration 02900/05000:    Loss 1.961822 | Validation loss 0.369815
[M05.wav] Iteration 02910/05000:    Loss 1.876057 | Validation loss 0.366658
[M05.wav] Iteration 02920/05000:    Loss 1.857059 | Validation loss 0.364218
[M05.wav] Iteration 02930/05000:    Loss 1.839116 | Validation loss 0.361745
[M05.wav] Iteration 02940/05000:    Loss 1.776000 | Validation loss 0.362512
[M05.wav] Iteration 02950/05000:    Loss 1.704578 | Validation loss 0.353441
[M05.wav] Iteration 02960/05000:    Loss 1.705072 | Validation loss 0.351258
[M05.wav] Iteration 02970/05000:    Loss 1.823710 | Validation loss 0.363621
[M05.wav] Iteration 02980/05000:    Loss 1.767942 | Validation loss 0.354985
[M05.wav] Iteration 02990/05000:    Loss 1.712440 | Validation loss 0.352566
[M05.wav] Iteration 03000/05000:    Loss 1.623035 | Validation loss 0.344435
[M05.wav] Iteration 03010/05000:    Loss 1.603515 | Validation loss 0.343598
[M05.wav] Iteration 03020/05000:    Loss 1.558295 | Validation loss 0.344019
[M05.wav] Iteration 03030/05000:    Loss 1.485037 | Validation loss 0.343201
[M05.wav] Iteration 03040/05000:    Loss 1.463669 | Validation loss 0.338381
[M05.wav] Iteration 03050/05000:    Loss 1.408423 | Validation loss 0.330548
[M05.wav] Iteration 03060/05000:    Loss 1.486865 | Validation loss 0.329880
[M05.wav] Iteration 03070/05000:    Loss 1.407952 | Validation loss 0.330374
[M05.wav] Iteration 03080/05000:    Loss 1.381884 | Validation loss 0.335692
[M05.wav] Iteration 03090/05000:    Loss 1.399446 | Validation loss 0.329235
[M05.wav] Iteration 03100/05000:    Loss 1.364675 | Validation loss 0.323380
[M05.wav] Iteration 03110/05000:    Loss 1.377848 | Validation loss 0.325269
[M05.wav] Iteration 03120/05000:    Loss 1.341330 | Validation loss 0.319298
[M05.wav] Iteration 03130/05000:    Loss 1.357890 | Validation loss 0.325226
[M05.wav] Iteration 03140/05000:    Loss 1.271393 | Validation loss 0.314096
[M05.wav] Iteration 03150/05000:    Loss 1.242010 | Validation loss 0.316493
[M05.wav] Iteration 03160/05000:    Loss 1.239991 | Validation loss 0.311474
[M05.wav] Iteration 03170/05000:    Loss 1.266142 | Validation loss 0.315655
[M05.wav] Iteration 03180/05000:    Loss 1.210059 | Validation loss 0.312161
[M05.wav] Iteration 03190/05000:    Loss 1.227647 | Validation loss 0.310384
[M05.wav] Iteration 03200/05000:    Loss 1.174841 | Validation loss 0.304127
[M05.wav] Iteration 03210/05000:    Loss 1.180518 | Validation loss 0.308152
[M05.wav] Iteration 03220/05000:    Loss 1.148328 | Validation loss 0.302164
[M05.wav] Iteration 03230/05000:    Loss 1.154760 | Validation loss 0.311568
[M05.wav] Iteration 03240/05000:    Loss 1.094947 | Validation loss 0.297323
[M05.wav] Iteration 03250/05000:    Loss 1.103932 | Validation loss 0.300466
[M05.wav] Iteration 03260/05000:    Loss 1.093539 | Validation loss 0.296517
[M05.wav] Iteration 03270/05000:    Loss 1.151890 | Validation loss 0.305554
[M05.wav] Iteration 03280/05000:    Loss 1.086402 | Validation loss 0.293714
[M05.wav] Iteration 03290/05000:    Loss 1.076451 | Validation loss 0.296911
[M05.wav] Iteration 03300/05000:    Loss 1.047336 | Validation loss 0.296438
[M05.wav] Iteration 03310/05000:    Loss 1.021418 | Validation loss 0.288547
[M05.wav] Iteration 03320/05000:    Loss 1.042608 | Validation loss 0.293733
[M05.wav] Iteration 03330/05000:    Loss 1.043564 | Validation loss 0.296879
[M05.wav] Iteration 03340/05000:    Loss 1.016442 | Validation loss 0.292040
[M05.wav] Iteration 03350/05000:    Loss 1.021078 | Validation loss 0.290179
[M05.wav] Iteration 03360/05000:    Loss 1.022807 | Validation loss 0.291642
[M05.wav] Iteration 03370/05000:    Loss 1.021930 | Validation loss 0.294088
[M05.wav] Iteration 03380/05000:    Loss 0.961575 | Validation loss 0.287518
[M05.wav] Iteration 03390/05000:    Loss 0.994293 | Validation loss 0.283325
[M05.wav] Iteration 03400/05000:    Loss 0.917197 | Validation loss 0.282844
[M05.wav] Iteration 03410/05000:    Loss 0.926431 | Validation loss 0.276916
[M05.wav] Iteration 03420/05000:    Loss 0.913037 | Validation loss 0.279762
[M05.wav] Iteration 03430/05000:    Loss 0.911909 | Validation loss 0.280725
[M05.wav] Iteration 03440/05000:    Loss 0.903258 | Validation loss 0.274118
[M05.wav] Iteration 03450/05000:    Loss 0.919921 | Validation loss 0.279105
[M05.wav] Iteration 03460/05000:    Loss 0.925180 | Validation loss 0.274151
[M05.wav] Iteration 03470/05000:    Loss 0.906159 | Validation loss 0.276506
[M05.wav] Iteration 03480/05000:    Loss 0.888285 | Validation loss 0.276245
[M05.wav] Iteration 03490/05000:    Loss 0.892811 | Validation loss 0.270981
[M05.wav] Iteration 03500/05000:    Loss 0.885182 | Validation loss 0.272399
[M05.wav] Iteration 03510/05000:    Loss 0.863162 | Validation loss 0.270235
[M05.wav] Iteration 03520/05000:    Loss 0.824345 | Validation loss 0.266849
[M05.wav] Iteration 03530/05000:    Loss 0.830017 | Validation loss 0.268314
[M05.wav] Iteration 03540/05000:    Loss 0.824764 | Validation loss 0.264324
[M05.wav] Iteration 03550/05000:    Loss 0.850023 | Validation loss 0.267158
[M05.wav] Iteration 03560/05000:    Loss 0.841114 | Validation loss 0.267375
[M05.wav] Iteration 03570/05000:    Loss 0.832302 | Validation loss 0.264242
[M05.wav] Iteration 03580/05000:    Loss 0.797041 | Validation loss 0.263875
[M05.wav] Iteration 03590/05000:    Loss 0.808123 | Validation loss 0.261712
[M05.wav] Iteration 03600/05000:    Loss 0.794678 | Validation loss 0.262582
[M05.wav] Iteration 03610/05000:    Loss 0.826282 | Validation loss 0.264439
[M05.wav] Iteration 03620/05000:    Loss 0.772264 | Validation loss 0.259894
[M05.wav] Iteration 03630/05000:    Loss 0.809409 | Validation loss 0.260591
[M05.wav] Iteration 03640/05000:    Loss 0.782141 | Validation loss 0.258790
[M05.wav] Iteration 03650/05000:    Loss 0.773407 | Validation loss 0.258514
[M05.wav] Iteration 03660/05000:    Loss 0.757470 | Validation loss 0.255515
[M05.wav] Iteration 03670/05000:    Loss 0.755749 | Validation loss 0.254446
[M05.wav] Iteration 03680/05000:    Loss 0.752932 | Validation loss 0.257255
[M05.wav] Iteration 03690/05000:    Loss 0.834907 | Validation loss 0.257030
[M05.wav] Iteration 03700/05000:    Loss 0.812422 | Validation loss 0.257029
[M05.wav] Iteration 03710/05000:    Loss 0.766461 | Validation loss 0.252518
[M05.wav] Iteration 03720/05000:    Loss 0.773366 | Validation loss 0.254862
[M05.wav] Iteration 03730/05000:    Loss 0.756656 | Validation loss 0.254161
[M05.wav] Iteration 03740/05000:    Loss 0.725863 | Validation loss 0.249876
[M05.wav] Iteration 03750/05000:    Loss 0.743801 | Validation loss 0.248204
[M05.wav] Iteration 03760/05000:    Loss 0.730419 | Validation loss 0.252463
[M05.wav] Iteration 03770/05000:    Loss 0.700339 | Validation loss 0.248452
[M05.wav] Iteration 03780/05000:    Loss 0.732513 | Validation loss 0.252185
[M05.wav] Iteration 03790/05000:    Loss 0.715730 | Validation loss 0.244966
[M05.wav] Iteration 03800/05000:    Loss 0.706368 | Validation loss 0.246055
[M05.wav] Iteration 03810/05000:    Loss 0.684627 | Validation loss 0.244755
[M05.wav] Iteration 03820/05000:    Loss 0.684234 | Validation loss 0.243966
[M05.wav] Iteration 03830/05000:    Loss 0.740491 | Validation loss 0.243887
[M05.wav] Iteration 03840/05000:    Loss 0.699062 | Validation loss 0.245576
[M05.wav] Iteration 03850/05000:    Loss 0.663963 | Validation loss 0.241718
[M05.wav] Iteration 03860/05000:    Loss 0.684864 | Validation loss 0.240437
[M05.wav] Iteration 03870/05000:    Loss 0.660715 | Validation loss 0.239247
[M05.wav] Iteration 03880/05000:    Loss 0.665330 | Validation loss 0.238001
[M05.wav] Iteration 03890/05000:    Loss 0.681820 | Validation loss 0.241193
[M05.wav] Iteration 03900/05000:    Loss 0.672958 | Validation loss 0.239860
[M05.wav] Iteration 03910/05000:    Loss 0.669893 | Validation loss 0.238881
[M05.wav] Iteration 03920/05000:    Loss 0.634695 | Validation loss 0.234600
[M05.wav] Iteration 03930/05000:    Loss 0.659102 | Validation loss 0.237315
[M05.wav] Iteration 03940/05000:    Loss 0.651160 | Validation loss 0.237856
[M05.wav] Iteration 03950/05000:    Loss 0.724678 | Validation loss 0.240227
[M05.wav] Iteration 03960/05000:    Loss 0.762962 | Validation loss 0.244840
[M05.wav] Iteration 03970/05000:    Loss 0.763056 | Validation loss 0.240561
[M05.wav] Iteration 03980/05000:    Loss 0.723654 | Validation loss 0.240530
[M05.wav] Iteration 03990/05000:    Loss 0.669220 | Validation loss 0.237302
[M05.wav] Iteration 04000/05000:    Loss 0.628488 | Validation loss 0.232184
[M05.wav] Iteration 04010/05000:    Loss 0.611360 | Validation loss 0.230756
[M05.wav] Iteration 04020/05000:    Loss 0.604789 | Validation loss 0.229225
[M05.wav] Iteration 04030/05000:    Loss 0.603749 | Validation loss 0.227189
[M05.wav] Iteration 04040/05000:    Loss 0.638450 | Validation loss 0.234978
[M05.wav] Iteration 04050/05000:    Loss 0.666443 | Validation loss 0.233929
[M05.wav] Iteration 04060/05000:    Loss 0.618374 | Validation loss 0.230528
[M05.wav] Iteration 04070/05000:    Loss 0.596792 | Validation loss 0.228183
[M05.wav] Iteration 04080/05000:    Loss 0.590529 | Validation loss 0.226087
[M05.wav] Iteration 04090/05000:    Loss 0.594592 | Validation loss 0.230030
[M05.wav] Iteration 04100/05000:    Loss 0.599688 | Validation loss 0.227398
[M05.wav] Iteration 04110/05000:    Loss 0.581709 | Validation loss 0.226243
[M05.wav] Iteration 04120/05000:    Loss 0.587029 | Validation loss 0.227283
[M05.wav] Iteration 04130/05000:    Loss 0.854040 | Validation loss 0.244145
[M05.wav] Iteration 04140/05000:    Loss 0.786567 | Validation loss 0.237787
[M05.wav] Iteration 04150/05000:    Loss 0.691298 | Validation loss 0.232110
[M05.wav] Iteration 04160/05000:    Loss 0.619952 | Validation loss 0.225577
[M05.wav] Iteration 04170/05000:    Loss 0.576596 | Validation loss 0.226284
[M05.wav] Iteration 04180/05000:    Loss 0.557272 | Validation loss 0.222032
[M05.wav] Iteration 04190/05000:    Loss 11.686553 | Validation loss 0.770139
[M05.wav] Iteration 04200/05000:    Loss 8.379771 | Validation loss 0.640470
[M05.wav] Iteration 04210/05000:    Loss 6.455192 | Validation loss 0.561443
[M05.wav] Iteration 04220/05000:    Loss 5.323423 | Validation loss 0.527112
[M05.wav] Iteration 04230/05000:    Loss 4.523650 | Validation loss 0.483319
[M05.wav] Iteration 04240/05000:    Loss 3.910835 | Validation loss 0.465359
[M05.wav] Iteration 04250/05000:    Loss 3.419232 | Validation loss 0.447606
[M05.wav] Iteration 04260/05000:    Loss 3.038509 | Validation loss 0.420927
[M05.wav] Iteration 04270/05000:    Loss 2.746632 | Validation loss 0.413311
[M05.wav] Iteration 04280/05000:    Loss 2.535748 | Validation loss 0.400856
[M05.wav] Iteration 04290/05000:    Loss 2.324612 | Validation loss 0.392277
[M05.wav] Iteration 04300/05000:    Loss 2.220606 | Validation loss 0.384902
[M05.wav] Iteration 04310/05000:    Loss 2.072985 | Validation loss 0.376814
[M05.wav] Iteration 04320/05000:    Loss 1.954082 | Validation loss 0.369294
[M05.wav] Iteration 04330/05000:    Loss 1.842204 | Validation loss 0.361472
[M05.wav] Iteration 04340/05000:    Loss 1.734177 | Validation loss 0.353065
[M05.wav] Iteration 04350/05000:    Loss 1.677778 | Validation loss 0.349074
[M05.wav] Iteration 04360/05000:    Loss 1.592428 | Validation loss 0.339046
[M05.wav] Iteration 04370/05000:    Loss 1.549538 | Validation loss 0.341316
[M05.wav] Iteration 04380/05000:    Loss 1.482308 | Validation loss 0.339326
[M05.wav] Iteration 04390/05000:    Loss 1.444209 | Validation loss 0.333983
[M05.wav] Iteration 04400/05000:    Loss 1.399869 | Validation loss 0.331671
[M05.wav] Iteration 04410/05000:    Loss 1.313450 | Validation loss 0.326741
[M05.wav] Iteration 04420/05000:    Loss 1.266512 | Validation loss 0.323766
[M05.wav] Iteration 04430/05000:    Loss 1.247004 | Validation loss 0.321590
[M05.wav] Iteration 04440/05000:    Loss 1.219637 | Validation loss 0.317634
[M05.wav] Iteration 04450/05000:    Loss 1.170451 | Validation loss 0.314992
[M05.wav] Iteration 04460/05000:    Loss 1.160447 | Validation loss 0.314776
[M05.wav] Iteration 04470/05000:    Loss 1.143447 | Validation loss 0.307584
[M05.wav] Iteration 04480/05000:    Loss 1.105809 | Validation loss 0.305419
[M05.wav] Iteration 04490/05000:    Loss 1.036832 | Validation loss 0.298339
[M05.wav] Iteration 04500/05000:    Loss 1.051674 | Validation loss 0.298539
[M05.wav] Iteration 04510/05000:    Loss 1.054919 | Validation loss 0.297598
[M05.wav] Iteration 04520/05000:    Loss 1.028833 | Validation loss 0.296295
[M05.wav] Iteration 04530/05000:    Loss 0.989666 | Validation loss 0.289204
[M05.wav] Iteration 04540/05000:    Loss 0.973713 | Validation loss 0.288894
[M05.wav] Iteration 04550/05000:    Loss 0.967206 | Validation loss 0.289208
[M05.wav] Iteration 04560/05000:    Loss 0.935405 | Validation loss 0.287124
[M05.wav] Iteration 04570/05000:    Loss 0.895304 | Validation loss 0.280738
[M05.wav] Iteration 04580/05000:    Loss 0.946491 | Validation loss 0.283601
[M05.wav] Iteration 04590/05000:    Loss 0.922946 | Validation loss 0.280853
[M05.wav] Iteration 04600/05000:    Loss 0.862114 | Validation loss 0.278399
[M05.wav] Iteration 04610/05000:    Loss 0.881616 | Validation loss 0.280242
[M05.wav] Iteration 04620/05000:    Loss 0.880649 | Validation loss 0.271782
[M05.wav] Iteration 04630/05000:    Loss 0.835737 | Validation loss 0.269016
[M05.wav] Iteration 04640/05000:    Loss 0.835249 | Validation loss 0.268701
[M05.wav] Iteration 04650/05000:    Loss 0.825075 | Validation loss 0.267747
[M05.wav] Iteration 04660/05000:    Loss 0.815349 | Validation loss 0.267051
[M05.wav] Iteration 04670/05000:    Loss 0.800920 | Validation loss 0.264213
[M05.wav] Iteration 04680/05000:    Loss 0.781257 | Validation loss 0.261311
[M05.wav] Iteration 04690/05000:    Loss 0.806613 | Validation loss 0.262188
[M05.wav] Iteration 04700/05000:    Loss 0.755410 | Validation loss 0.258696
[M05.wav] Iteration 04710/05000:    Loss 0.792521 | Validation loss 0.256856
[M05.wav] Iteration 04720/05000:    Loss 0.785863 | Validation loss 0.255375
[M05.wav] Iteration 04730/05000:    Loss 0.773872 | Validation loss 0.255315
[M05.wav] Iteration 04740/05000:    Loss 0.746580 | Validation loss 0.253104
[M05.wav] Iteration 04750/05000:    Loss 0.691997 | Validation loss 0.248271
[M05.wav] Iteration 04760/05000:    Loss 0.685083 | Validation loss 0.246328
[M05.wav] Iteration 04770/05000:    Loss 0.725996 | Validation loss 0.250704
[M05.wav] Iteration 04780/05000:    Loss 0.716653 | Validation loss 0.249131
[M05.wav] Iteration 04790/05000:    Loss 0.678041 | Validation loss 0.245593
[M05.wav] Iteration 04800/05000:    Loss 0.710481 | Validation loss 0.246453
[M05.wav] Iteration 04810/05000:    Loss 0.670403 | Validation loss 0.242170
[M05.wav] Iteration 04820/05000:    Loss 0.666685 | Validation loss 0.244273
[M05.wav] Iteration 04830/05000:    Loss 0.680763 | Validation loss 0.241827
[M05.wav] Iteration 04840/05000:    Loss 0.695908 | Validation loss 0.242114
[M05.wav] Iteration 04850/05000:    Loss 0.680229 | Validation loss 0.239119
[M05.wav] Iteration 04860/05000:    Loss 0.672953 | Validation loss 0.239087
[M05.wav] Iteration 04870/05000:    Loss 0.696000 | Validation loss 0.241656
[M05.wav] Iteration 04880/05000:    Loss 0.646717 | Validation loss 0.236194
[M05.wav] Iteration 04890/05000:    Loss 0.639946 | Validation loss 0.234250
[M05.wav] Iteration 04900/05000:    Loss 0.625329 | Validation loss 0.230844
[M05.wav] Iteration 04910/05000:    Loss 0.659221 | Validation loss 0.231213
[M05.wav] Iteration 04920/05000:    Loss 0.643242 | Validation loss 0.233951
[M05.wav] Iteration 04930/05000:    Loss 0.617754 | Validation loss 0.231827
[M05.wav] Iteration 04940/05000:    Loss 0.636398 | Validation loss 0.232002
[M05.wav] Iteration 04950/05000:    Loss 0.608499 | Validation loss 0.231138
[M05.wav] Iteration 04960/05000:    Loss 0.588428 | Validation loss 0.227490
[M05.wav] Iteration 04970/05000:    Loss 0.610191 | Validation loss 0.229066
[M05.wav] Iteration 04980/05000:    Loss 0.579395 | Validation loss 0.227424
[M05.wav] Iteration 04990/05000:    Loss 0.770679 | Validation loss 0.236576
/content/dpai_work/src/script.py:407: UserWarning: amplitude_to_db was called on complex input so phase information will be discarded. To suppress this warning, call amplitude_to_db(np.abs(S)) instead.
  librosa.display.specshow(librosa.amplitude_to_db(net_input_np_a + 1j*net_input_np_b), sr=sr, x_axis='time', y_axis='log', cmap='viridis')
/content/dpai_work/src/script.py:493: UserWarning: amplitude_to_db was called on complex input so phase information will be discarded. To suppress this warning, call amplitude_to_db(np.abs(S)) instead.
  librosa.display.specshow(librosa.amplitude_to_db(reconstructed_spectrogram_with_original_context), sr=sr, x_axis='time', y_axis='log', cmap='viridis')

[DONE]


[COMPLETED]

