COMMAND: /usr/bin/python3 -u /content/dpai_support/run_dpai_seeded.py --seed 0 --src /content/dpai_work/src -- --source /content/drive/MyDrive/DPAI_real_baseline/dataset/clean/M07.wav --net ../nets/best.json --epochs 5000 --lr 0.01 --offset 0 --audio_len 5 --input_noise uniform --results_dir /content/dpai_scratch/M07_gap200
[run_dpai_seeded] seed=0  entry point=/content/dpai_work/src/script.py
[run_dpai_seeded] script arguments: --source /content/drive/MyDrive/DPAI_real_baseline/dataset/clean/M07.wav --net ../nets/best.json --epochs 5000 --lr 0.01 --offset 0 --audio_len 5 --input_noise uniform --results_dir /content/dpai_scratch/M07_gap200

[PROCESSING sample: M07.wav]
Number of params: 2015252
Starting optimization with ADAM
/content/dpai_work/src/utils/common_utils.py:246: UserWarning: A window was not provided. A rectangular window will be applied.Please provide the same window used by stft to make the inversion lossless.To suppress this warning and use a rectangular window, explicitly set `window=torch.ones(n_fft, device=<device>)`. (Triggered internally at /pytorch/aten/src/ATen/native/SpectralOps.cpp:1035.)
  input_audio = torch.istft(input_spectrogram, n_fft=2047)
[M07.wav] Iteration 00000/05000:    Loss 23.142765 | Validation loss 1.142168
[M07.wav] Iteration 00010/05000:    Loss 23.859159 | Validation loss 1.170916
[M07.wav] Iteration 00020/05000:    Loss 22.988831 | Validation loss 1.132295
[M07.wav] Iteration 00030/05000:    Loss 22.933575 | Validation loss 1.128956
[M07.wav] Iteration 00040/05000:    Loss 22.921963 | Validation loss 1.127770
[M07.wav] Iteration 00050/05000:    Loss 22.915579 | Validation loss 1.127553
[M07.wav] Iteration 00060/05000:    Loss 22.904579 | Validation loss 1.127703
[M07.wav] Iteration 00070/05000:    Loss 22.906887 | Validation loss 1.127090
[M07.wav] Iteration 00080/05000:    Loss 22.904007 | Validation loss 1.127579
[M07.wav] Iteration 00090/05000:    Loss 22.905159 | Validation loss 1.127689
[M07.wav] Iteration 00100/05000:    Loss 22.900669 | Validation loss 1.127110
[M07.wav] Iteration 00110/05000:    Loss 22.902178 | Validation loss 1.125952
[M07.wav] Iteration 00120/05000:    Loss 22.895666 | Validation loss 1.125520
[M07.wav] Iteration 00130/05000:    Loss 22.894953 | Validation loss 1.125457
[M07.wav] Iteration 00140/05000:    Loss 22.886585 | Validation loss 1.125664
[M07.wav] Iteration 00150/05000:    Loss 22.894003 | Validation loss 1.125678
[M07.wav] Iteration 00160/05000:    Loss 22.887388 | Validation loss 1.124887
[M07.wav] Iteration 00170/05000:    Loss 22.884436 | Validation loss 1.125945
[M07.wav] Iteration 00180/05000:    Loss 22.870348 | Validation loss 1.124338
[M07.wav] Iteration 00190/05000:    Loss 22.870174 | Validation loss 1.123740
[M07.wav] Iteration 00200/05000:    Loss 22.845442 | Validation loss 1.120565
[M07.wav] Iteration 00210/05000:    Loss 22.848757 | Validation loss 1.123582
[M07.wav] Iteration 00220/05000:    Loss 22.812172 | Validation loss 1.121573
[M07.wav] Iteration 00230/05000:    Loss 22.761345 | Validation loss 1.125946
[M07.wav] Iteration 00240/05000:    Loss 22.636393 | Validation loss 1.118793
[M07.wav] Iteration 00250/05000:    Loss 22.147999 | Validation loss 1.120231
[M07.wav] Iteration 00260/05000:    Loss 20.432699 | Validation loss 1.082097
[M07.wav] Iteration 00270/05000:    Loss 19.439890 | Validation loss 1.094584
[M07.wav] Iteration 00280/05000:    Loss 16.858221 | Validation loss 0.872158
[M07.wav] Iteration 00290/05000:    Loss 14.584610 | Validation loss 0.593094
[M07.wav] Iteration 00300/05000:    Loss 14.282321 | Validation loss 0.640899
[M07.wav] Iteration 00310/05000:    Loss 13.668557 | Validation loss 0.517216
[M07.wav] Iteration 00320/05000:    Loss 13.261803 | Validation loss 0.466788
[M07.wav] Iteration 00330/05000:    Loss 13.465359 | Validation loss 0.409013
[M07.wav] Iteration 00340/05000:    Loss 12.591618 | Validation loss 0.389045
[M07.wav] Iteration 00350/05000:    Loss 12.407634 | Validation loss 0.567752
[M07.wav] Iteration 00360/05000:    Loss 11.704960 | Validation loss 0.473579
[M07.wav] Iteration 00370/05000:    Loss 11.781032 | Validation loss 0.348599
[M07.wav] Iteration 00380/05000:    Loss 11.710161 | Validation loss 0.436232
[M07.wav] Iteration 00390/05000:    Loss 11.472587 | Validation loss 0.418501
[M07.wav] Iteration 00400/05000:    Loss 11.398377 | Validation loss 0.544259
[M07.wav] Iteration 00410/05000:    Loss 10.784299 | Validation loss 0.340359
[M07.wav] Iteration 00420/05000:    Loss 10.575254 | Validation loss 0.325458
[M07.wav] Iteration 00430/05000:    Loss 10.093704 | Validation loss 0.332562
[M07.wav] Iteration 00440/05000:    Loss 9.319046 | Validation loss 0.400116
[M07.wav] Iteration 00450/05000:    Loss 9.026395 | Validation loss 0.318863
[M07.wav] Iteration 00460/05000:    Loss 8.586838 | Validation loss 0.307961
[M07.wav] Iteration 00470/05000:    Loss 8.349088 | Validation loss 0.324220
[M07.wav] Iteration 00480/05000:    Loss 8.161722 | Validation loss 0.273733
[M07.wav] Iteration 00490/05000:    Loss 7.948652 | Validation loss 0.317396
[M07.wav] Iteration 00500/05000:    Loss 8.102748 | Validation loss 0.348892
[M07.wav] Iteration 00510/05000:    Loss 7.776325 | Validation loss 0.275159
[M07.wav] Iteration 00520/05000:    Loss 7.746110 | Validation loss 0.295584
[M07.wav] Iteration 00530/05000:    Loss 7.355037 | Validation loss 0.311140
[M07.wav] Iteration 00540/05000:    Loss 7.389288 | Validation loss 0.297046
[M07.wav] Iteration 00550/05000:    Loss 6.981059 | Validation loss 0.302387
[M07.wav] Iteration 00560/05000:    Loss 6.889053 | Validation loss 0.359695
[M07.wav] Iteration 00570/05000:    Loss 6.111628 | Validation loss 0.310465
[M07.wav] Iteration 00580/05000:    Loss 6.013332 | Validation loss 0.320109
[M07.wav] Iteration 00590/05000:    Loss 5.540680 | Validation loss 0.305333
[M07.wav] Iteration 00600/05000:    Loss 5.181452 | Validation loss 0.297036
[M07.wav] Iteration 00610/05000:    Loss 5.020112 | Validation loss 0.303183
[M07.wav] Iteration 00620/05000:    Loss 4.442037 | Validation loss 0.327060
[M07.wav] Iteration 00630/05000:    Loss 4.569510 | Validation loss 0.382601
[M07.wav] Iteration 00640/05000:    Loss 4.134845 | Validation loss 0.304268
[M07.wav] Iteration 00650/05000:    Loss 4.195417 | Validation loss 0.308713
[M07.wav] Iteration 00660/05000:    Loss 3.925132 | Validation loss 0.280715
[M07.wav] Iteration 00670/05000:    Loss 3.778813 | Validation loss 0.320391
[M07.wav] Iteration 00680/05000:    Loss 3.640192 | Validation loss 0.274011
[M07.wav] Iteration 00690/05000:    Loss 3.714833 | Validation loss 0.429551
[M07.wav] Iteration 00700/05000:    Loss 3.583591 | Validation loss 0.293196
[M07.wav] Iteration 00710/05000:    Loss 3.412340 | Validation loss 0.275206
[M07.wav] Iteration 00720/05000:    Loss 3.380145 | Validation loss 0.306337
[M07.wav] Iteration 00730/05000:    Loss 3.246610 | Validation loss 0.309558
[M07.wav] Iteration 00740/05000:    Loss 3.198230 | Validation loss 0.289075
[M07.wav] Iteration 00750/05000:    Loss 3.213825 | Validation loss 0.298486
[M07.wav] Iteration 00760/05000:    Loss 3.065400 | Validation loss 0.257224
[M07.wav] Iteration 00770/05000:    Loss 3.076969 | Validation loss 0.259396
[M07.wav] Iteration 00780/05000:    Loss 2.987157 | Validation loss 0.260338
[M07.wav] Iteration 00790/05000:    Loss 3.014060 | Validation loss 0.281946
[M07.wav] Iteration 00800/05000:    Loss 2.900269 | Validation loss 0.281272
[M07.wav] Iteration 00810/05000:    Loss 2.857984 | Validation loss 0.270958
[M07.wav] Iteration 00820/05000:    Loss 2.973120 | Validation loss 0.275383
[M07.wav] Iteration 00830/05000:    Loss 2.731718 | Validation loss 0.286221
[M07.wav] Iteration 00840/05000:    Loss 2.840055 | Validation loss 0.289678
[M07.wav] Iteration 00850/05000:    Loss 2.949719 | Validation loss 0.279238
[M07.wav] Iteration 00860/05000:    Loss 2.725730 | Validation loss 0.269320
[M07.wav] Iteration 00870/05000:    Loss 2.705668 | Validation loss 0.263084
[M07.wav] Iteration 00880/05000:    Loss 2.542385 | Validation loss 0.255072
[M07.wav] Iteration 00890/05000:    Loss 2.487406 | Validation loss 0.274115
[M07.wav] Iteration 00900/05000:    Loss 2.557333 | Validation loss 0.245557
[M07.wav] Iteration 00910/05000:    Loss 2.424681 | Validation loss 0.266583
[M07.wav] Iteration 00920/05000:    Loss 2.419394 | Validation loss 0.301296
[M07.wav] Iteration 00930/05000:    Loss 2.366849 | Validation loss 0.259766
[M07.wav] Iteration 00940/05000:    Loss 2.270492 | Validation loss 0.252874
[M07.wav] Iteration 00950/05000:    Loss 2.398712 | Validation loss 0.500462
[M07.wav] Iteration 00960/05000:    Loss 2.260765 | Validation loss 0.260994
[M07.wav] Iteration 00970/05000:    Loss 2.300998 | Validation loss 0.329650
[M07.wav] Iteration 00980/05000:    Loss 2.237263 | Validation loss 0.260202
[M07.wav] Iteration 00990/05000:    Loss 2.258129 | Validation loss 0.254497
[M07.wav] Iteration 01000/05000:    Loss 2.274621 | Validation loss 0.241574
[M07.wav] Iteration 01010/05000:    Loss 2.239701 | Validation loss 0.271271
[M07.wav] Iteration 01020/05000:    Loss 2.170009 | Validation loss 0.244974
[M07.wav] Iteration 01030/05000:    Loss 2.159689 | Validation loss 0.299138
[M07.wav] Iteration 01040/05000:    Loss 2.116979 | Validation loss 0.241446
[M07.wav] Iteration 01050/05000:    Loss 2.135944 | Validation loss 0.278345
[M07.wav] Iteration 01060/05000:    Loss 2.095788 | Validation loss 0.269061
[M07.wav] Iteration 01070/05000:    Loss 2.047211 | Validation loss 0.245163
[M07.wav] Iteration 01080/05000:    Loss 2.075319 | Validation loss 0.291589
[M07.wav] Iteration 01090/05000:    Loss 2.111494 | Validation loss 0.247987
[M07.wav] Iteration 01100/05000:    Loss 2.157973 | Validation loss 0.359246
[M07.wav] Iteration 01110/05000:    Loss 2.013610 | Validation loss 0.255765
[M07.wav] Iteration 01120/05000:    Loss 1.985345 | Validation loss 0.238579
[M07.wav] Iteration 01130/05000:    Loss 1.986869 | Validation loss 0.243874
[M07.wav] Iteration 01140/05000:    Loss 2.002476 | Validation loss 0.248314
[M07.wav] Iteration 01150/05000:    Loss 2.039623 | Validation loss 0.242579
[M07.wav] Iteration 01160/05000:    Loss 1.998474 | Validation loss 0.240334
[M07.wav] Iteration 01170/05000:    Loss 1.918127 | Validation loss 0.243236
[M07.wav] Iteration 01180/05000:    Loss 1.887005 | Validation loss 0.253794
[M07.wav] Iteration 01190/05000:    Loss 1.892991 | Validation loss 0.250064
[M07.wav] Iteration 01200/05000:    Loss 1.898409 | Validation loss 0.257697
[M07.wav] Iteration 01210/05000:    Loss 1.888768 | Validation loss 0.251615
[M07.wav] Iteration 01220/05000:    Loss 2.368549 | Validation loss 0.262385
[M07.wav] Iteration 01230/05000:    Loss 1.922603 | Validation loss 0.253632
[M07.wav] Iteration 01240/05000:    Loss 1.929875 | Validation loss 0.233332
[M07.wav] Iteration 01250/05000:    Loss 1.969460 | Validation loss 0.237299
[M07.wav] Iteration 01260/05000:    Loss 1.894302 | Validation loss 0.283236
[M07.wav] Iteration 01270/05000:    Loss 1.906236 | Validation loss 0.305137
[M07.wav] Iteration 01280/05000:    Loss 1.857029 | Validation loss 0.253918
[M07.wav] Iteration 01290/05000:    Loss 1.838551 | Validation loss 0.240457
[M07.wav] Iteration 01300/05000:    Loss 1.845240 | Validation loss 0.241981
[M07.wav] Iteration 01310/05000:    Loss 1.890544 | Validation loss 0.240281
[M07.wav] Iteration 01320/05000:    Loss 1.802519 | Validation loss 0.245252
[M07.wav] Iteration 01330/05000:    Loss 1.779780 | Validation loss 0.233074
[M07.wav] Iteration 01340/05000:    Loss 1.795724 | Validation loss 0.245776
[M07.wav] Iteration 01350/05000:    Loss 1.812511 | Validation loss 0.238572
[M07.wav] Iteration 01360/05000:    Loss 1.802081 | Validation loss 0.272171
[M07.wav] Iteration 01370/05000:    Loss 1.788481 | Validation loss 0.260372
[M07.wav] Iteration 01380/05000:    Loss 1.724830 | Validation loss 0.239528
[M07.wav] Iteration 01390/05000:    Loss 1.728132 | Validation loss 0.231660
[M07.wav] Iteration 01400/05000:    Loss 1.717642 | Validation loss 0.264386
[M07.wav] Iteration 01410/05000:    Loss 1.885438 | Validation loss 0.226683
[M07.wav] Iteration 01420/05000:    Loss 1.704886 | Validation loss 0.223521
[M07.wav] Iteration 01430/05000:    Loss 1.799134 | Validation loss 0.232284
[M07.wav] Iteration 01440/05000:    Loss 1.813700 | Validation loss 0.228849
[M07.wav] Iteration 01450/05000:    Loss 1.730924 | Validation loss 0.235540
[M07.wav] Iteration 01460/05000:    Loss 1.692896 | Validation loss 0.239097
[M07.wav] Iteration 01470/05000:    Loss 1.702984 | Validation loss 0.232158
[M07.wav] Iteration 01480/05000:    Loss 1.663136 | Validation loss 0.215658
[M07.wav] Iteration 01490/05000:    Loss 1.683653 | Validation loss 0.224623
[M07.wav] Iteration 01500/05000:    Loss 1.647191 | Validation loss 0.228679
[M07.wav] Iteration 01510/05000:    Loss 1.622394 | Validation loss 0.235511
[M07.wav] Iteration 01520/05000:    Loss 1.621224 | Validation loss 0.233785
[M07.wav] Iteration 01530/05000:    Loss 1.766537 | Validation loss 0.246258
[M07.wav] Iteration 01540/05000:    Loss 1.591168 | Validation loss 0.235213
[M07.wav] Iteration 01550/05000:    Loss 1.587287 | Validation loss 0.227587
[M07.wav] Iteration 01560/05000:    Loss 1.590293 | Validation loss 0.242317
[M07.wav] Iteration 01570/05000:    Loss 1.579649 | Validation loss 0.230045
[M07.wav] Iteration 01580/05000:    Loss 1.593219 | Validation loss 0.224935
[M07.wav] Iteration 01590/05000:    Loss 1.591660 | Validation loss 0.226451
[M07.wav] Iteration 01600/05000:    Loss 1.547210 | Validation loss 0.223220
[M07.wav] Iteration 01610/05000:    Loss 1.545505 | Validation loss 0.224382
[M07.wav] Iteration 01620/05000:    Loss 1.508500 | Validation loss 0.220953
[M07.wav] Iteration 01630/05000:    Loss 1.548283 | Validation loss 0.227272
[M07.wav] Iteration 01640/05000:    Loss 1.500978 | Validation loss 0.221379
[M07.wav] Iteration 01650/05000:    Loss 1.500203 | Validation loss 0.280029
[M07.wav] Iteration 01660/05000:    Loss 1.506172 | Validation loss 0.217879
[M07.wav] Iteration 01670/05000:    Loss 1.487135 | Validation loss 0.211676
[M07.wav] Iteration 01680/05000:    Loss 1.498822 | Validation loss 0.213242
[M07.wav] Iteration 01690/05000:    Loss 1.470856 | Validation loss 0.215358
[M07.wav] Iteration 01700/05000:    Loss 1.451742 | Validation loss 0.213054
[M07.wav] Iteration 01710/05000:    Loss 1.448988 | Validation loss 0.217908
[M07.wav] Iteration 01720/05000:    Loss 1.455214 | Validation loss 0.215113
[M07.wav] Iteration 01730/05000:    Loss 1.464184 | Validation loss 0.210524
[M07.wav] Iteration 01740/05000:    Loss 1.451436 | Validation loss 0.223268
[M07.wav] Iteration 01750/05000:    Loss 1.435140 | Validation loss 0.214352
[M07.wav] Iteration 01760/05000:    Loss 1.410096 | Validation loss 0.205017
[M07.wav] Iteration 01770/05000:    Loss 1.403927 | Validation loss 0.216174
[M07.wav] Iteration 01780/05000:    Loss 1.410046 | Validation loss 0.218480
[M07.wav] Iteration 01790/05000:    Loss 1.406063 | Validation loss 0.213766
[M07.wav] Iteration 01800/05000:    Loss 1.434196 | Validation loss 0.214719
[M07.wav] Iteration 01810/05000:    Loss 1.409104 | Validation loss 0.209662
[M07.wav] Iteration 01820/05000:    Loss 1.396081 | Validation loss 0.229385
[M07.wav] Iteration 01830/05000:    Loss 1.404984 | Validation loss 0.231380
[M07.wav] Iteration 01840/05000:    Loss 1.379574 | Validation loss 0.207171
[M07.wav] Iteration 01850/05000:    Loss 1.396857 | Validation loss 0.216814
[M07.wav] Iteration 01860/05000:    Loss 1.367821 | Validation loss 0.208207
[M07.wav] Iteration 01870/05000:    Loss 1.315946 | Validation loss 0.206112
[M07.wav] Iteration 01880/05000:    Loss 1.300162 | Validation loss 0.199687
[M07.wav] Iteration 01890/05000:    Loss 1.328335 | Validation loss 0.396507
[M07.wav] Iteration 01900/05000:    Loss 1.297935 | Validation loss 0.213942
[M07.wav] Iteration 01910/05000:    Loss 1.384818 | Validation loss 0.209070
[M07.wav] Iteration 01920/05000:    Loss 1.352312 | Validation loss 0.205990
[M07.wav] Iteration 01930/05000:    Loss 1.364370 | Validation loss 0.201781
[M07.wav] Iteration 01940/05000:    Loss 1.332821 | Validation loss 0.212571
[M07.wav] Iteration 01950/05000:    Loss 1.310133 | Validation loss 0.206112
[M07.wav] Iteration 01960/05000:    Loss 1.274376 | Validation loss 0.220064
[M07.wav] Iteration 01970/05000:    Loss 1.256656 | Validation loss 0.200867
[M07.wav] Iteration 01980/05000:    Loss 1.240947 | Validation loss 0.198368
[M07.wav] Iteration 01990/05000:    Loss 1.256788 | Validation loss 0.194198
[M07.wav] Iteration 02000/05000:    Loss 1.216385 | Validation loss 0.199980
[M07.wav] Iteration 02010/05000:    Loss 1.198388 | Validation loss 0.205789
[M07.wav] Iteration 02020/05000:    Loss 1.214751 | Validation loss 0.201513
[M07.wav] Iteration 02030/05000:    Loss 1.220887 | Validation loss 0.199973
[M07.wav] Iteration 02040/05000:    Loss 1.193205 | Validation loss 0.196891
[M07.wav] Iteration 02050/05000:    Loss 1.181752 | Validation loss 0.196905
[M07.wav] Iteration 02060/05000:    Loss 1.160377 | Validation loss 0.202396
[M07.wav] Iteration 02070/05000:    Loss 1.181599 | Validation loss 0.208019
[M07.wav] Iteration 02080/05000:    Loss 1.156945 | Validation loss 0.195549
[M07.wav] Iteration 02090/05000:    Loss 1.127117 | Validation loss 0.187983
[M07.wav] Iteration 02100/05000:    Loss 1.121895 | Validation loss 0.196605
[M07.wav] Iteration 02110/05000:    Loss 1.129672 | Validation loss 0.194227
[M07.wav] Iteration 02120/05000:    Loss 1.107705 | Validation loss 0.192250
[M07.wav] Iteration 02130/05000:    Loss 1.088664 | Validation loss 0.191412
[M07.wav] Iteration 02140/05000:    Loss 1.085851 | Validation loss 0.196599
[M07.wav] Iteration 02150/05000:    Loss 1.058171 | Validation loss 0.202057
[M07.wav] Iteration 02160/05000:    Loss 1.054016 | Validation loss 0.186387
[M07.wav] Iteration 02170/05000:    Loss 1.052456 | Validation loss 0.186051
[M07.wav] Iteration 02180/05000:    Loss 1.161218 | Validation loss 0.188977
[M07.wav] Iteration 02190/05000:    Loss 1.118451 | Validation loss 0.197643
[M07.wav] Iteration 02200/05000:    Loss 1.056376 | Validation loss 0.189633
[M07.wav] Iteration 02210/05000:    Loss 1.024346 | Validation loss 0.184607
[M07.wav] Iteration 02220/05000:    Loss 1.007594 | Validation loss 0.188382
[M07.wav] Iteration 02230/05000:    Loss 0.979539 | Validation loss 0.193935
[M07.wav] Iteration 02240/05000:    Loss 0.947607 | Validation loss 0.180655
[M07.wav] Iteration 02250/05000:    Loss 0.959710 | Validation loss 0.206418
[M07.wav] Iteration 02260/05000:    Loss 0.929442 | Validation loss 0.181653
[M07.wav] Iteration 02270/05000:    Loss 0.918128 | Validation loss 0.183629
[M07.wav] Iteration 02280/05000:    Loss 0.914783 | Validation loss 0.182597
[M07.wav] Iteration 02290/05000:    Loss 0.898813 | Validation loss 0.182256
[M07.wav] Iteration 02300/05000:    Loss 0.888803 | Validation loss 0.179000
[M07.wav] Iteration 02310/05000:    Loss 0.880562 | Validation loss 0.188397
[M07.wav] Iteration 02320/05000:    Loss 0.863640 | Validation loss 0.186795
[M07.wav] Iteration 02330/05000:    Loss 0.873871 | Validation loss 0.183227
[M07.wav] Iteration 02340/05000:    Loss 0.864612 | Validation loss 0.176417
[M07.wav] Iteration 02350/05000:    Loss 0.851787 | Validation loss 0.182043
[M07.wav] Iteration 02360/05000:    Loss 0.829284 | Validation loss 0.178385
[M07.wav] Iteration 02370/05000:    Loss 0.828308 | Validation loss 0.174167
[M07.wav] Iteration 02380/05000:    Loss 0.847619 | Validation loss 0.179724
[M07.wav] Iteration 02390/05000:    Loss 0.848326 | Validation loss 0.181879
[M07.wav] Iteration 02400/05000:    Loss 0.825298 | Validation loss 0.168039
[M07.wav] Iteration 02410/05000:    Loss 0.815481 | Validation loss 0.170441
[M07.wav] Iteration 02420/05000:    Loss 0.788640 | Validation loss 0.181319
[M07.wav] Iteration 02430/05000:    Loss 0.778877 | Validation loss 0.177831
[M07.wav] Iteration 02440/05000:    Loss 0.783432 | Validation loss 0.168969
[M07.wav] Iteration 02450/05000:    Loss 0.774704 | Validation loss 0.166640
[M07.wav] Iteration 02460/05000:    Loss 1.399943 | Validation loss 0.205924
[M07.wav] Iteration 02470/05000:    Loss 1.335649 | Validation loss 0.200158
[M07.wav] Iteration 02480/05000:    Loss 1.107991 | Validation loss 0.192763
[M07.wav] Iteration 02490/05000:    Loss 1.041728 | Validation loss 0.185540
[M07.wav] Iteration 02500/05000:    Loss 0.959844 | Validation loss 0.193675
[M07.wav] Iteration 02510/05000:    Loss 0.910829 | Validation loss 0.174297
[M07.wav] Iteration 02520/05000:    Loss 0.880089 | Validation loss 0.180916
[M07.wav] Iteration 02530/05000:    Loss 0.839052 | Validation loss 0.177710
[M07.wav] Iteration 02540/05000:    Loss 0.815579 | Validation loss 0.170010
[M07.wav] Iteration 02550/05000:    Loss 0.858322 | Validation loss 0.174256
[M07.wav] Iteration 02560/05000:    Loss 0.795729 | Validation loss 0.169320
[M07.wav] Iteration 02570/05000:    Loss 0.799348 | Validation loss 0.166868
[M07.wav] Iteration 02580/05000:    Loss 0.779244 | Validation loss 0.165142
[M07.wav] Iteration 02590/05000:    Loss 0.764561 | Validation loss 0.166814
[M07.wav] Iteration 02600/05000:    Loss 0.948105 | Validation loss 0.165019
[M07.wav] Iteration 02610/05000:    Loss 0.756900 | Validation loss 0.169215
[M07.wav] Iteration 02620/05000:    Loss 0.794481 | Validation loss 0.170894
[M07.wav] Iteration 02630/05000:    Loss 0.736358 | Validation loss 0.161991
[M07.wav] Iteration 02640/05000:    Loss 0.726675 | Validation loss 0.165814
[M07.wav] Iteration 02650/05000:    Loss 0.717560 | Validation loss 0.169989
[M07.wav] Iteration 02660/05000:    Loss 0.713369 | Validation loss 0.166852
[M07.wav] Iteration 02670/05000:    Loss 0.707225 | Validation loss 0.166308
[M07.wav] Iteration 02680/05000:    Loss 0.703215 | Validation loss 0.164156
[M07.wav] Iteration 02690/05000:    Loss 0.703463 | Validation loss 0.164349
[M07.wav] Iteration 02700/05000:    Loss 0.681052 | Validation loss 0.155096
[M07.wav] Iteration 02710/05000:    Loss 0.682312 | Validation loss 0.162901
[M07.wav] Iteration 02720/05000:    Loss 0.667616 | Validation loss 0.163203
[M07.wav] Iteration 02730/05000:    Loss 0.653151 | Validation loss 0.158589
[M07.wav] Iteration 02740/05000:    Loss 0.666372 | Validation loss 0.170510
[M07.wav] Iteration 02750/05000:    Loss 0.661188 | Validation loss 0.158595
[M07.wav] Iteration 02760/05000:    Loss 0.677188 | Validation loss 0.163633
[M07.wav] Iteration 02770/05000:    Loss 0.649680 | Validation loss 0.158189
[M07.wav] Iteration 02780/05000:    Loss 0.652064 | Validation loss 0.157436
[M07.wav] Iteration 02790/05000:    Loss 0.644317 | Validation loss 0.157740
[M07.wav] Iteration 02800/05000:    Loss 0.657833 | Validation loss 0.158003
[M07.wav] Iteration 02810/05000:    Loss 0.646726 | Validation loss 0.158439
[M07.wav] Iteration 02820/05000:    Loss 0.639066 | Validation loss 0.157900
[M07.wav] Iteration 02830/05000:    Loss 0.647192 | Validation loss 0.169534
[M07.wav] Iteration 02840/05000:    Loss 0.641833 | Validation loss 0.157966
[M07.wav] Iteration 02850/05000:    Loss 0.642510 | Validation loss 0.161361
[M07.wav] Iteration 02860/05000:    Loss 0.641139 | Validation loss 0.165872
[M07.wav] Iteration 02870/05000:    Loss 0.629688 | Validation loss 0.160629
[M07.wav] Iteration 02880/05000:    Loss 0.639620 | Validation loss 0.154950
[M07.wav] Iteration 02890/05000:    Loss 0.625191 | Validation loss 0.160151
[M07.wav] Iteration 02900/05000:    Loss 0.611929 | Validation loss 0.157899
[M07.wav] Iteration 02910/05000:    Loss 0.621677 | Validation loss 0.162405
[M07.wav] Iteration 02920/05000:    Loss 0.612317 | Validation loss 0.158065
[M07.wav] Iteration 02930/05000:    Loss 0.593124 | Validation loss 0.154616
[M07.wav] Iteration 02940/05000:    Loss 0.585225 | Validation loss 0.157445
[M07.wav] Iteration 02950/05000:    Loss 0.612342 | Validation loss 0.154542
[M07.wav] Iteration 02960/05000:    Loss 0.584025 | Validation loss 0.154781
[M07.wav] Iteration 02970/05000:    Loss 0.597774 | Validation loss 0.153690
[M07.wav] Iteration 02980/05000:    Loss 0.608639 | Validation loss 0.149512
[M07.wav] Iteration 02990/05000:    Loss 0.594733 | Validation loss 0.153007
[M07.wav] Iteration 03000/05000:    Loss 0.585596 | Validation loss 0.157288
[M07.wav] Iteration 03010/05000:    Loss 0.576672 | Validation loss 0.156851
[M07.wav] Iteration 03020/05000:    Loss 0.590334 | Validation loss 0.149275
[M07.wav] Iteration 03030/05000:    Loss 0.579058 | Validation loss 0.151674
[M07.wav] Iteration 03040/05000:    Loss 0.600770 | Validation loss 0.154396
[M07.wav] Iteration 03050/05000:    Loss 0.655524 | Validation loss 0.157606
[M07.wav] Iteration 03060/05000:    Loss 0.619829 | Validation loss 0.160409
[M07.wav] Iteration 03070/05000:    Loss 0.604606 | Validation loss 0.155963
[M07.wav] Iteration 03080/05000:    Loss 0.617496 | Validation loss 0.162989
[M07.wav] Iteration 03090/05000:    Loss 0.589529 | Validation loss 0.157420
[M07.wav] Iteration 03100/05000:    Loss 0.576359 | Validation loss 0.154155
[M07.wav] Iteration 03110/05000:    Loss 0.558173 | Validation loss 0.152387
[M07.wav] Iteration 03120/05000:    Loss 0.567665 | Validation loss 0.154821
[M07.wav] Iteration 03130/05000:    Loss 0.567853 | Validation loss 0.158641
[M07.wav] Iteration 03140/05000:    Loss 0.554849 | Validation loss 0.153056
[M07.wav] Iteration 03150/05000:    Loss 0.542686 | Validation loss 0.150399
[M07.wav] Iteration 03160/05000:    Loss 0.543589 | Validation loss 0.153694
[M07.wav] Iteration 03170/05000:    Loss 0.541426 | Validation loss 0.152797
[M07.wav] Iteration 03180/05000:    Loss 0.537241 | Validation loss 0.151174
[M07.wav] Iteration 03190/05000:    Loss 0.538171 | Validation loss 0.152531
[M07.wav] Iteration 03200/05000:    Loss 0.546285 | Validation loss 0.148070
[M07.wav] Iteration 03210/05000:    Loss 0.567896 | Validation loss 0.157047
[M07.wav] Iteration 03220/05000:    Loss 0.937969 | Validation loss 0.178899
[M07.wav] Iteration 03230/05000:    Loss 0.835281 | Validation loss 0.168635
[M07.wav] Iteration 03240/05000:    Loss 0.749732 | Validation loss 0.171179
[M07.wav] Iteration 03250/05000:    Loss 0.682858 | Validation loss 0.152689
[M07.wav] Iteration 03260/05000:    Loss 0.639006 | Validation loss 0.148999
[M07.wav] Iteration 03270/05000:    Loss 0.627163 | Validation loss 0.154949
[M07.wav] Iteration 03280/05000:    Loss 0.602675 | Validation loss 0.151080
[M07.wav] Iteration 03290/05000:    Loss 0.588952 | Validation loss 0.160712
[M07.wav] Iteration 03300/05000:    Loss 0.601373 | Validation loss 0.168267
[M07.wav] Iteration 03310/05000:    Loss 0.583379 | Validation loss 0.152737
[M07.wav] Iteration 03320/05000:    Loss 0.575206 | Validation loss 0.151525
[M07.wav] Iteration 03330/05000:    Loss 1.060565 | Validation loss 0.174326
[M07.wav] Iteration 03340/05000:    Loss 1.695406 | Validation loss 0.201139
[M07.wav] Iteration 03350/05000:    Loss 1.299618 | Validation loss 0.192243
[M07.wav] Iteration 03360/05000:    Loss 1.103423 | Validation loss 0.186701
[M07.wav] Iteration 03370/05000:    Loss 0.961753 | Validation loss 0.175963
[M07.wav] Iteration 03380/05000:    Loss 0.865151 | Validation loss 0.168450
[M07.wav] Iteration 03390/05000:    Loss 0.816192 | Validation loss 0.162023
[M07.wav] Iteration 03400/05000:    Loss 0.771641 | Validation loss 0.163274
[M07.wav] Iteration 03410/05000:    Loss 0.740008 | Validation loss 0.162321
[M07.wav] Iteration 03420/05000:    Loss 0.731753 | Validation loss 0.157580
[M07.wav] Iteration 03430/05000:    Loss 0.714635 | Validation loss 0.165997
[M07.wav] Iteration 03440/05000:    Loss 0.756883 | Validation loss 0.155377
[M07.wav] Iteration 03450/05000:    Loss 0.683806 | Validation loss 0.154263
[M07.wav] Iteration 03460/05000:    Loss 0.668702 | Validation loss 0.159115
[M07.wav] Iteration 03470/05000:    Loss 0.670364 | Validation loss 0.167114
[M07.wav] Iteration 03480/05000:    Loss 0.660876 | Validation loss 0.157643
[M07.wav] Iteration 03490/05000:    Loss 0.651846 | Validation loss 0.150739
[M07.wav] Iteration 03500/05000:    Loss 0.643601 | Validation loss 0.150387
[M07.wav] Iteration 03510/05000:    Loss 0.622485 | Validation loss 0.155861
[M07.wav] Iteration 03520/05000:    Loss 0.608388 | Validation loss 0.149833
[M07.wav] Iteration 03530/05000:    Loss 0.600711 | Validation loss 0.150884
[M07.wav] Iteration 03540/05000:    Loss 0.593386 | Validation loss 0.151891
[M07.wav] Iteration 03550/05000:    Loss 0.597940 | Validation loss 0.150213
[M07.wav] Iteration 03560/05000:    Loss 0.589237 | Validation loss 0.147163
[M07.wav] Iteration 03570/05000:    Loss 0.594417 | Validation loss 0.147908
[M07.wav] Iteration 03580/05000:    Loss 0.581607 | Validation loss 0.185385
[M07.wav] Iteration 03590/05000:    Loss 0.582728 | Validation loss 0.156154
[M07.wav] Iteration 03600/05000:    Loss 0.576531 | Validation loss 0.152452
[M07.wav] Iteration 03610/05000:    Loss 0.579744 | Validation loss 0.211029
[M07.wav] Iteration 03620/05000:    Loss 0.578287 | Validation loss 0.149035
[M07.wav] Iteration 03630/05000:    Loss 0.573197 | Validation loss 0.147082
[M07.wav] Iteration 03640/05000:    Loss 0.573090 | Validation loss 0.148419
[M07.wav] Iteration 03650/05000:    Loss 0.560415 | Validation loss 0.149981
[M07.wav] Iteration 03660/05000:    Loss 0.550970 | Validation loss 0.143038
[M07.wav] Iteration 03670/05000:    Loss 0.549623 | Validation loss 0.144860
[M07.wav] Iteration 03680/05000:    Loss 0.561529 | Validation loss 0.147562
[M07.wav] Iteration 03690/05000:    Loss 0.551142 | Validation loss 0.151616
[M07.wav] Iteration 03700/05000:    Loss 0.544170 | Validation loss 0.148477
[M07.wav] Iteration 03710/05000:    Loss 0.546137 | Validation loss 0.144981
[M07.wav] Iteration 03720/05000:    Loss 0.543484 | Validation loss 0.167466
[M07.wav] Iteration 03730/05000:    Loss 0.538226 | Validation loss 0.140702
[M07.wav] Iteration 03740/05000:    Loss 0.528305 | Validation loss 0.145952
[M07.wav] Iteration 03750/05000:    Loss 0.530105 | Validation loss 0.139518
[M07.wav] Iteration 03760/05000:    Loss 0.533582 | Validation loss 0.148784
[M07.wav] Iteration 03770/05000:    Loss 0.537431 | Validation loss 0.147225
[M07.wav] Iteration 03780/05000:    Loss 0.530164 | Validation loss 0.146040
[M07.wav] Iteration 03790/05000:    Loss 0.530525 | Validation loss 0.140780
[M07.wav] Iteration 03800/05000:    Loss 0.529671 | Validation loss 0.142567
[M07.wav] Iteration 03810/05000:    Loss 0.527173 | Validation loss 0.141539
[M07.wav] Iteration 03820/05000:    Loss 0.511986 | Validation loss 0.139938
[M07.wav] Iteration 03830/05000:    Loss 0.510590 | Validation loss 0.143697
[M07.wav] Iteration 03840/05000:    Loss 0.506504 | Validation loss 0.138995
[M07.wav] Iteration 03850/05000:    Loss 0.502889 | Validation loss 0.139675
[M07.wav] Iteration 03860/05000:    Loss 0.494585 | Validation loss 0.141130
[M07.wav] Iteration 03870/05000:    Loss 0.489288 | Validation loss 0.137107
[M07.wav] Iteration 03880/05000:    Loss 0.487097 | Validation loss 0.141666
[M07.wav] Iteration 03890/05000:    Loss 0.497112 | Validation loss 0.143668
[M07.wav] Iteration 03900/05000:    Loss 0.491762 | Validation loss 0.137414
[M07.wav] Iteration 03910/05000:    Loss 0.498756 | Validation loss 0.141470
[M07.wav] Iteration 03920/05000:    Loss 0.493914 | Validation loss 0.141085
[M07.wav] Iteration 03930/05000:    Loss 0.485393 | Validation loss 0.140832
[M07.wav] Iteration 03940/05000:    Loss 0.500101 | Validation loss 0.141477
[M07.wav] Iteration 03950/05000:    Loss 0.496460 | Validation loss 0.141922
[M07.wav] Iteration 03960/05000:    Loss 0.506580 | Validation loss 0.143196
[M07.wav] Iteration 03970/05000:    Loss 0.489731 | Validation loss 0.140914
[M07.wav] Iteration 03980/05000:    Loss 0.482682 | Validation loss 0.148301
[M07.wav] Iteration 03990/05000:    Loss 0.486639 | Validation loss 0.135337
[M07.wav] Iteration 04000/05000:    Loss 0.492237 | Validation loss 0.139244
[M07.wav] Iteration 04010/05000:    Loss 0.486301 | Validation loss 0.138554
[M07.wav] Iteration 04020/05000:    Loss 0.491472 | Validation loss 0.135833
[M07.wav] Iteration 04030/05000:    Loss 0.488534 | Validation loss 0.136534
[M07.wav] Iteration 04040/05000:    Loss 0.488222 | Validation loss 0.143332
[M07.wav] Iteration 04050/05000:    Loss 0.482167 | Validation loss 0.140475
[M07.wav] Iteration 04060/05000:    Loss 0.493293 | Validation loss 0.137371
[M07.wav] Iteration 04070/05000:    Loss 0.489416 | Validation loss 0.137890
[M07.wav] Iteration 04080/05000:    Loss 0.490472 | Validation loss 0.137167
[M07.wav] Iteration 04090/05000:    Loss 0.486972 | Validation loss 0.137961
[M07.wav] Iteration 04100/05000:    Loss 0.627642 | Validation loss 0.153180
[M07.wav] Iteration 04110/05000:    Loss 0.588200 | Validation loss 0.151318
[M07.wav] Iteration 04120/05000:    Loss 0.544398 | Validation loss 0.141400
[M07.wav] Iteration 04130/05000:    Loss 0.521586 | Validation loss 0.143101
[M07.wav] Iteration 04140/05000:    Loss 0.495957 | Validation loss 0.141449
[M07.wav] Iteration 04150/05000:    Loss 0.494999 | Validation loss 0.141043
[M07.wav] Iteration 04160/05000:    Loss 0.493314 | Validation loss 0.137932
[M07.wav] Iteration 04170/05000:    Loss 0.539494 | Validation loss 0.136982
[M07.wav] Iteration 04180/05000:    Loss 0.520353 | Validation loss 0.140452
[M07.wav] Iteration 04190/05000:    Loss 0.508868 | Validation loss 0.134901
[M07.wav] Iteration 04200/05000:    Loss 0.493532 | Validation loss 0.137428
[M07.wav] Iteration 04210/05000:    Loss 0.492762 | Validation loss 0.145571
[M07.wav] Iteration 04220/05000:    Loss 0.487878 | Validation loss 0.139178
[M07.wav] Iteration 04230/05000:    Loss 0.479897 | Validation loss 0.141244
[M07.wav] Iteration 04240/05000:    Loss 0.475325 | Validation loss 0.135323
[M07.wav] Iteration 04250/05000:    Loss 0.472264 | Validation loss 0.140491
[M07.wav] Iteration 04260/05000:    Loss 0.461821 | Validation loss 0.134931
[M07.wav] Iteration 04270/05000:    Loss 0.467358 | Validation loss 0.140523
[M07.wav] Iteration 04280/05000:    Loss 0.461858 | Validation loss 0.133425
[M07.wav] Iteration 04290/05000:    Loss 0.457377 | Validation loss 0.134164
[M07.wav] Iteration 04300/05000:    Loss 0.455943 | Validation loss 0.137200
[M07.wav] Iteration 04310/05000:    Loss 0.465573 | Validation loss 0.140257
[M07.wav] Iteration 04320/05000:    Loss 0.460208 | Validation loss 0.135849
[M07.wav] Iteration 04330/05000:    Loss 0.511797 | Validation loss 0.137671
[M07.wav] Iteration 04340/05000:    Loss 0.490499 | Validation loss 0.138802
[M07.wav] Iteration 04350/05000:    Loss 0.472569 | Validation loss 0.139185
[M07.wav] Iteration 04360/05000:    Loss 0.470260 | Validation loss 0.134000
[M07.wav] Iteration 04370/05000:    Loss 0.469449 | Validation loss 0.133562
[M07.wav] Iteration 04380/05000:    Loss 0.467671 | Validation loss 0.146295
[M07.wav] Iteration 04390/05000:    Loss 0.469626 | Validation loss 0.143161
[M07.wav] Iteration 04400/05000:    Loss 0.457626 | Validation loss 0.133692
[M07.wav] Iteration 04410/05000:    Loss 0.472541 | Validation loss 0.137492
[M07.wav] Iteration 04420/05000:    Loss 0.460985 | Validation loss 0.130481
[M07.wav] Iteration 04430/05000:    Loss 0.454927 | Validation loss 0.142532
[M07.wav] Iteration 04440/05000:    Loss 0.451826 | Validation loss 0.135756
[M07.wav] Iteration 04450/05000:    Loss 0.447072 | Validation loss 0.136725
[M07.wav] Iteration 04460/05000:    Loss 0.464367 | Validation loss 0.135218
[M07.wav] Iteration 04470/05000:    Loss 0.447221 | Validation loss 0.137093
[M07.wav] Iteration 04480/05000:    Loss 0.447515 | Validation loss 0.131548
[M07.wav] Iteration 04490/05000:    Loss 0.462652 | Validation loss 0.132876
[M07.wav] Iteration 04500/05000:    Loss 0.457340 | Validation loss 0.133743
[M07.wav] Iteration 04510/05000:    Loss 0.451995 | Validation loss 0.131948
[M07.wav] Iteration 04520/05000:    Loss 0.447552 | Validation loss 0.134671
[M07.wav] Iteration 04530/05000:    Loss 0.444958 | Validation loss 0.129619
[M07.wav] Iteration 04540/05000:    Loss 0.436328 | Validation loss 0.135439
[M07.wav] Iteration 04550/05000:    Loss 0.438145 | Validation loss 0.131232
[M07.wav] Iteration 04560/05000:    Loss 0.444737 | Validation loss 0.128608
[M07.wav] Iteration 04570/05000:    Loss 0.441964 | Validation loss 0.130136
[M07.wav] Iteration 04580/05000:    Loss 0.446527 | Validation loss 0.131546
[M07.wav] Iteration 04590/05000:    Loss 0.436157 | Validation loss 0.135352
[M07.wav] Iteration 04600/05000:    Loss 0.434728 | Validation loss 0.131504
[M07.wav] Iteration 04610/05000:    Loss 0.431395 | Validation loss 0.131430
[M07.wav] Iteration 04620/05000:    Loss 0.439067 | Validation loss 0.131081
[M07.wav] Iteration 04630/05000:    Loss 0.434501 | Validation loss 0.130835
[M07.wav] Iteration 04640/05000:    Loss 0.446980 | Validation loss 0.130750
[M07.wav] Iteration 04650/05000:    Loss 0.437191 | Validation loss 0.130016
[M07.wav] Iteration 04660/05000:    Loss 0.432604 | Validation loss 0.136970
[M07.wav] Iteration 04670/05000:    Loss 0.431556 | Validation loss 0.132137
[M07.wav] Iteration 04680/05000:    Loss 0.434746 | Validation loss 0.129889
[M07.wav] Iteration 04690/05000:    Loss 0.440398 | Validation loss 0.134528
[M07.wav] Iteration 04700/05000:    Loss 0.453405 | Validation loss 0.134946
[M07.wav] Iteration 04710/05000:    Loss 0.436072 | Validation loss 0.132699
[M07.wav] Iteration 04720/05000:    Loss 0.437952 | Validation loss 0.134075
[M07.wav] Iteration 04730/05000:    Loss 0.441497 | Validation loss 0.129191
[M07.wav] Iteration 04740/05000:    Loss 0.434861 | Validation loss 0.135029
[M07.wav] Iteration 04750/05000:    Loss 0.431694 | Validation loss 0.130820
[M07.wav] Iteration 04760/05000:    Loss 0.426876 | Validation loss 0.132331
[M07.wav] Iteration 04770/05000:    Loss 0.433109 | Validation loss 0.136868
[M07.wav] Iteration 04780/05000:    Loss 0.445925 | Validation loss 0.134909
[M07.wav] Iteration 04790/05000:    Loss 0.433131 | Validation loss 0.132314
[M07.wav] Iteration 04800/05000:    Loss 0.436890 | Validation loss 0.133966
[M07.wav] Iteration 04810/05000:    Loss 0.434681 | Validation loss 0.133150
[M07.wav] Iteration 04820/05000:    Loss 0.439787 | Validation loss 0.133252
[M07.wav] Iteration 04830/05000:    Loss 0.441235 | Validation loss 0.130016
[M07.wav] Iteration 04840/05000:    Loss 0.444024 | Validation loss 0.128956
[M07.wav] Iteration 04850/05000:    Loss 0.430517 | Validation loss 0.129480
[M07.wav] Iteration 04860/05000:    Loss 0.424920 | Validation loss 0.130590
[M07.wav] Iteration 04870/05000:    Loss 0.434019 | Validation loss 0.129508
[M07.wav] Iteration 04880/05000:    Loss 0.448823 | Validation loss 0.132581
[M07.wav] Iteration 04890/05000:    Loss 0.435496 | Validation loss 0.130967
[M07.wav] Iteration 04900/05000:    Loss 0.436952 | Validation loss 0.131781
[M07.wav] Iteration 04910/05000:    Loss 0.428895 | Validation loss 0.129470
[M07.wav] Iteration 04920/05000:    Loss 0.424884 | Validation loss 0.127093
[M07.wav] Iteration 04930/05000:    Loss 0.428591 | Validation loss 0.126032
[M07.wav] Iteration 04940/05000:    Loss 0.428211 | Validation loss 0.131837
[M07.wav] Iteration 04950/05000:    Loss 0.422063 | Validation loss 0.130498
[M07.wav] Iteration 04960/05000:    Loss 0.416488 | Validation loss 0.130818
[M07.wav] Iteration 04970/05000:    Loss 0.417401 | Validation loss 0.130186
[M07.wav] Iteration 04980/05000:    Loss 0.418166 | Validation loss 0.129014
[M07.wav] Iteration 04990/05000:    Loss 0.414969 | Validation loss 0.127635
/content/dpai_work/src/script.py:407: UserWarning: amplitude_to_db was called on complex input so phase information will be discarded. To suppress this warning, call amplitude_to_db(np.abs(S)) instead.
  librosa.display.specshow(librosa.amplitude_to_db(net_input_np_a + 1j*net_input_np_b), sr=sr, x_axis='time', y_axis='log', cmap='viridis')
/content/dpai_work/src/script.py:493: UserWarning: amplitude_to_db was called on complex input so phase information will be discarded. To suppress this warning, call amplitude_to_db(np.abs(S)) instead.
  librosa.display.specshow(librosa.amplitude_to_db(reconstructed_spectrogram_with_original_context), sr=sr, x_axis='time', y_axis='log', cmap='viridis')

[DONE]


[COMPLETED]

