COMMAND: /usr/bin/python3 -u /content/dpai_support/run_dpai_seeded.py --seed 0 --src /content/dpai_work/src -- --source /content/drive/MyDrive/DPAI_real_baseline/dataset/clean/M01.wav --net ../nets/best.json --epochs 5000 --lr 0.01 --offset 0 --audio_len 5 --input_noise uniform --results_dir /content/dpai_scratch/M01_gap200
[run_dpai_seeded] seed=0  entry point=/content/dpai_work/src/script.py
[run_dpai_seeded] script arguments: --source /content/drive/MyDrive/DPAI_real_baseline/dataset/clean/M01.wav --net ../nets/best.json --epochs 5000 --lr 0.01 --offset 0 --audio_len 5 --input_noise uniform --results_dir /content/dpai_scratch/M01_gap200

[PROCESSING sample: M01.wav]
Number of params: 2015252
Starting optimization with ADAM
/content/dpai_work/src/utils/common_utils.py:246: UserWarning: A window was not provided. A rectangular window will be applied.Please provide the same window used by stft to make the inversion lossless.To suppress this warning and use a rectangular window, explicitly set `window=torch.ones(n_fft, device=<device>)`. (Triggered internally at /pytorch/aten/src/ATen/native/SpectralOps.cpp:1035.)
  input_audio = torch.istft(input_spectrogram, n_fft=2047)
[M01.wav] Iteration 00000/05000:    Loss 3.739236 | Validation loss 0.357962
[M01.wav] Iteration 00010/05000:    Loss 3.439743 | Validation loss 0.337340
[M01.wav] Iteration 00020/05000:    Loss 3.400574 | Validation loss 0.329070
[M01.wav] Iteration 00030/05000:    Loss 3.361594 | Validation loss 0.325857
[M01.wav] Iteration 00040/05000:    Loss 3.341163 | Validation loss 0.324733
[M01.wav] Iteration 00050/05000:    Loss 3.330042 | Validation loss 0.322273
[M01.wav] Iteration 00060/05000:    Loss 3.331689 | Validation loss 0.323128
[M01.wav] Iteration 00070/05000:    Loss 3.326444 | Validation loss 0.321302
[M01.wav] Iteration 00080/05000:    Loss 3.319381 | Validation loss 0.319716
[M01.wav] Iteration 00090/05000:    Loss 3.324827 | Validation loss 0.318794
[M01.wav] Iteration 00100/05000:    Loss 3.315275 | Validation loss 0.323057
[M01.wav] Iteration 00110/05000:    Loss 3.310609 | Validation loss 0.319965
[M01.wav] Iteration 00120/05000:    Loss 3.299376 | Validation loss 0.317998
[M01.wav] Iteration 00130/05000:    Loss 3.309871 | Validation loss 0.323291
[M01.wav] Iteration 00140/05000:    Loss 3.301053 | Validation loss 0.321672
[M01.wav] Iteration 00150/05000:    Loss 3.289627 | Validation loss 0.317398
[M01.wav] Iteration 00160/05000:    Loss 3.302854 | Validation loss 0.318461
[M01.wav] Iteration 00170/05000:    Loss 3.310841 | Validation loss 0.321519
[M01.wav] Iteration 00180/05000:    Loss 3.312485 | Validation loss 0.322344
[M01.wav] Iteration 00190/05000:    Loss 3.306298 | Validation loss 0.318612
[M01.wav] Iteration 00200/05000:    Loss 3.301196 | Validation loss 0.319360
[M01.wav] Iteration 00210/05000:    Loss 3.299106 | Validation loss 0.322283
[M01.wav] Iteration 00220/05000:    Loss 3.273722 | Validation loss 0.317306
[M01.wav] Iteration 00230/05000:    Loss 3.277945 | Validation loss 0.315805
[M01.wav] Iteration 00240/05000:    Loss 3.268583 | Validation loss 0.315237
[M01.wav] Iteration 00250/05000:    Loss 3.267694 | Validation loss 0.315790
[M01.wav] Iteration 00260/05000:    Loss 3.266981 | Validation loss 0.316874
[M01.wav] Iteration 00270/05000:    Loss 3.266402 | Validation loss 0.316141
[M01.wav] Iteration 00280/05000:    Loss 3.440398 | Validation loss 0.336774
[M01.wav] Iteration 00290/05000:    Loss 3.383483 | Validation loss 0.327900
[M01.wav] Iteration 00300/05000:    Loss 3.338244 | Validation loss 0.321440
[M01.wav] Iteration 00310/05000:    Loss 3.327492 | Validation loss 0.322803
[M01.wav] Iteration 00320/05000:    Loss 3.313373 | Validation loss 0.320874
[M01.wav] Iteration 00330/05000:    Loss 3.298018 | Validation loss 0.319811
[M01.wav] Iteration 00340/05000:    Loss 3.306738 | Validation loss 0.325111
[M01.wav] Iteration 00350/05000:    Loss 3.288664 | Validation loss 0.319070
[M01.wav] Iteration 00360/05000:    Loss 3.285914 | Validation loss 0.318858
[M01.wav] Iteration 00370/05000:    Loss 3.311965 | Validation loss 0.320543
[M01.wav] Iteration 00380/05000:    Loss 3.309279 | Validation loss 0.319483
[M01.wav] Iteration 00390/05000:    Loss 3.307544 | Validation loss 0.320747
[M01.wav] Iteration 00400/05000:    Loss 3.308175 | Validation loss 0.319696
[M01.wav] Iteration 00410/05000:    Loss 3.658012 | Validation loss 0.351008
[M01.wav] Iteration 00420/05000:    Loss 3.405487 | Validation loss 0.330448
[M01.wav] Iteration 00430/05000:    Loss 3.349255 | Validation loss 0.320341
[M01.wav] Iteration 00440/05000:    Loss 3.327948 | Validation loss 0.321231
[M01.wav] Iteration 00450/05000:    Loss 3.328874 | Validation loss 0.324493
[M01.wav] Iteration 00460/05000:    Loss 3.325216 | Validation loss 0.322322
[M01.wav] Iteration 00470/05000:    Loss 3.329159 | Validation loss 0.324522
[M01.wav] Iteration 00480/05000:    Loss 3.296474 | Validation loss 0.322108
[M01.wav] Iteration 00490/05000:    Loss 3.312491 | Validation loss 0.324643
[M01.wav] Iteration 00500/05000:    Loss 3.289167 | Validation loss 0.322353
[M01.wav] Iteration 00510/05000:    Loss 3.292856 | Validation loss 0.324070
[M01.wav] Iteration 00520/05000:    Loss 3.346191 | Validation loss 0.326460
[M01.wav] Iteration 00530/05000:    Loss 3.319532 | Validation loss 0.325042
[M01.wav] Iteration 00540/05000:    Loss 3.296208 | Validation loss 0.322401
[M01.wav] Iteration 00550/05000:    Loss 3.287261 | Validation loss 0.321654
[M01.wav] Iteration 00560/05000:    Loss 3.291663 | Validation loss 0.322338
[M01.wav] Iteration 00570/05000:    Loss 3.310913 | Validation loss 0.323879
[M01.wav] Iteration 00580/05000:    Loss 3.307800 | Validation loss 0.320223
[M01.wav] Iteration 00590/05000:    Loss 3.293809 | Validation loss 0.323222
[M01.wav] Iteration 00600/05000:    Loss 3.313854 | Validation loss 0.322438
[M01.wav] Iteration 00610/05000:    Loss 3.295613 | Validation loss 0.322071
[M01.wav] Iteration 00620/05000:    Loss 3.290947 | Validation loss 0.322728
[M01.wav] Iteration 00630/05000:    Loss 3.278631 | Validation loss 0.324130
[M01.wav] Iteration 00640/05000:    Loss 3.274004 | Validation loss 0.319211
[M01.wav] Iteration 00650/05000:    Loss 3.280218 | Validation loss 0.319782
[M01.wav] Iteration 00660/05000:    Loss 3.270917 | Validation loss 0.324092
[M01.wav] Iteration 00670/05000:    Loss 3.280811 | Validation loss 0.323522
[M01.wav] Iteration 00680/05000:    Loss 3.269205 | Validation loss 0.323082
[M01.wav] Iteration 00690/05000:    Loss 3.272614 | Validation loss 0.321741
[M01.wav] Iteration 00700/05000:    Loss 3.362891 | Validation loss 0.324132
[M01.wav] Iteration 00710/05000:    Loss 3.457113 | Validation loss 0.335427
[M01.wav] Iteration 00720/05000:    Loss 3.389282 | Validation loss 0.329470
[M01.wav] Iteration 00730/05000:    Loss 3.351451 | Validation loss 0.328171
[M01.wav] Iteration 00740/05000:    Loss 3.323210 | Validation loss 0.324030
[M01.wav] Iteration 00750/05000:    Loss 3.348211 | Validation loss 0.326741
[M01.wav] Iteration 00760/05000:    Loss 3.344132 | Validation loss 0.328594
[M01.wav] Iteration 00770/05000:    Loss 3.317556 | Validation loss 0.324419
[M01.wav] Iteration 00780/05000:    Loss 3.313059 | Validation loss 0.326348
[M01.wav] Iteration 00790/05000:    Loss 3.433629 | Validation loss 0.333502
[M01.wav] Iteration 00800/05000:    Loss 3.346112 | Validation loss 0.327200
[M01.wav] Iteration 00810/05000:    Loss 3.338073 | Validation loss 0.326324
[M01.wav] Iteration 00820/05000:    Loss 3.353280 | Validation loss 0.327300
[M01.wav] Iteration 00830/05000:    Loss 3.313499 | Validation loss 0.322938
[M01.wav] Iteration 00840/05000:    Loss 3.322429 | Validation loss 0.324318
[M01.wav] Iteration 00850/05000:    Loss 3.329334 | Validation loss 0.327908
[M01.wav] Iteration 00860/05000:    Loss 3.312776 | Validation loss 0.324582
[M01.wav] Iteration 00870/05000:    Loss 3.316280 | Validation loss 0.325215
[M01.wav] Iteration 00880/05000:    Loss 3.327728 | Validation loss 0.324928
[M01.wav] Iteration 00890/05000:    Loss 3.303500 | Validation loss 0.324614
[M01.wav] Iteration 00900/05000:    Loss 3.316154 | Validation loss 0.324995
[M01.wav] Iteration 00910/05000:    Loss 3.326851 | Validation loss 0.327896
[M01.wav] Iteration 00920/05000:    Loss 3.286455 | Validation loss 0.325323
[M01.wav] Iteration 00930/05000:    Loss 3.281365 | Validation loss 0.321408
[M01.wav] Iteration 00940/05000:    Loss 3.314466 | Validation loss 0.326434
[M01.wav] Iteration 00950/05000:    Loss 3.303919 | Validation loss 0.322489
[M01.wav] Iteration 00960/05000:    Loss 3.292318 | Validation loss 0.323237
[M01.wav] Iteration 00970/05000:    Loss 3.287852 | Validation loss 0.324359
[M01.wav] Iteration 00980/05000:    Loss 3.298643 | Validation loss 0.324400
[M01.wav] Iteration 00990/05000:    Loss 3.333309 | Validation loss 0.327138
[M01.wav] Iteration 01000/05000:    Loss 3.280521 | Validation loss 0.323317
[M01.wav] Iteration 01010/05000:    Loss 3.283295 | Validation loss 0.319636
[M01.wav] Iteration 01020/05000:    Loss 3.328040 | Validation loss 0.329098
[M01.wav] Iteration 01030/05000:    Loss 3.293209 | Validation loss 0.321150
[M01.wav] Iteration 01040/05000:    Loss 3.296782 | Validation loss 0.321819
[M01.wav] Iteration 01050/05000:    Loss 3.298759 | Validation loss 0.320948
[M01.wav] Iteration 01060/05000:    Loss 3.338002 | Validation loss 0.327881
[M01.wav] Iteration 01070/05000:    Loss 3.294263 | Validation loss 0.320494
[M01.wav] Iteration 01080/05000:    Loss 3.290774 | Validation loss 0.322077
[M01.wav] Iteration 01090/05000:    Loss 3.282423 | Validation loss 0.320330
[M01.wav] Iteration 01100/05000:    Loss 3.287875 | Validation loss 0.319024
[M01.wav] Iteration 01110/05000:    Loss 3.329962 | Validation loss 0.324308
[M01.wav] Iteration 01120/05000:    Loss 3.353935 | Validation loss 0.328376
[M01.wav] Iteration 01130/05000:    Loss 3.311633 | Validation loss 0.322934
[M01.wav] Iteration 01140/05000:    Loss 3.305992 | Validation loss 0.322678
[M01.wav] Iteration 01150/05000:    Loss 3.272048 | Validation loss 0.319680
[M01.wav] Iteration 01160/05000:    Loss 3.271664 | Validation loss 0.323133
[M01.wav] Iteration 01170/05000:    Loss 3.281135 | Validation loss 0.322646
[M01.wav] Iteration 01180/05000:    Loss 3.274782 | Validation loss 0.322730
[M01.wav] Iteration 01190/05000:    Loss 3.265372 | Validation loss 0.323399
[M01.wav] Iteration 01200/05000:    Loss 3.264448 | Validation loss 0.319720
[M01.wav] Iteration 01210/05000:    Loss 3.266479 | Validation loss 0.322197
[M01.wav] Iteration 01220/05000:    Loss 3.263485 | Validation loss 0.317870
[M01.wav] Iteration 01230/05000:    Loss 3.265060 | Validation loss 0.322036
[M01.wav] Iteration 01240/05000:    Loss 3.263079 | Validation loss 0.319871
[M01.wav] Iteration 01250/05000:    Loss 3.259534 | Validation loss 0.321257
[M01.wav] Iteration 01260/05000:    Loss 3.257123 | Validation loss 0.318242
[M01.wav] Iteration 01270/05000:    Loss 3.255272 | Validation loss 0.320085
[M01.wav] Iteration 01280/05000:    Loss 3.255804 | Validation loss 0.318962
[M01.wav] Iteration 01290/05000:    Loss 3.242615 | Validation loss 0.318990
[M01.wav] Iteration 01300/05000:    Loss 3.246055 | Validation loss 0.317123
[M01.wav] Iteration 01310/05000:    Loss 3.245631 | Validation loss 0.316059
[M01.wav] Iteration 01320/05000:    Loss 3.237940 | Validation loss 0.316137
[M01.wav] Iteration 01330/05000:    Loss 3.837639 | Validation loss 0.354868
[M01.wav] Iteration 01340/05000:    Loss 3.690658 | Validation loss 0.350297
[M01.wav] Iteration 01350/05000:    Loss 3.433759 | Validation loss 0.334867
[M01.wav] Iteration 01360/05000:    Loss 3.367472 | Validation loss 0.329440
[M01.wav] Iteration 01370/05000:    Loss 3.348714 | Validation loss 0.330297
[M01.wav] Iteration 01380/05000:    Loss 3.328999 | Validation loss 0.327164
[M01.wav] Iteration 01390/05000:    Loss 3.355868 | Validation loss 0.328573
[M01.wav] Iteration 01400/05000:    Loss 3.363624 | Validation loss 0.331415
[M01.wav] Iteration 01410/05000:    Loss 3.340425 | Validation loss 0.328908
[M01.wav] Iteration 01420/05000:    Loss 3.301056 | Validation loss 0.325248
[M01.wav] Iteration 01430/05000:    Loss 3.304019 | Validation loss 0.325282
[M01.wav] Iteration 01440/05000:    Loss 3.306099 | Validation loss 0.325322
[M01.wav] Iteration 01450/05000:    Loss 3.339310 | Validation loss 0.327163
[M01.wav] Iteration 01460/05000:    Loss 3.284071 | Validation loss 0.323533
[M01.wav] Iteration 01470/05000:    Loss 3.284186 | Validation loss 0.323751
[M01.wav] Iteration 01480/05000:    Loss 3.323342 | Validation loss 0.327421
[M01.wav] Iteration 01490/05000:    Loss 3.353002 | Validation loss 0.328905
[M01.wav] Iteration 01500/05000:    Loss 3.281987 | Validation loss 0.323830
[M01.wav] Iteration 01510/05000:    Loss 3.305854 | Validation loss 0.324675
[M01.wav] Iteration 01520/05000:    Loss 3.355445 | Validation loss 0.332077
[M01.wav] Iteration 01530/05000:    Loss 3.292627 | Validation loss 0.322594
[M01.wav] Iteration 01540/05000:    Loss 3.360151 | Validation loss 0.329340
[M01.wav] Iteration 01550/05000:    Loss 3.350986 | Validation loss 0.327396
[M01.wav] Iteration 01560/05000:    Loss 3.324325 | Validation loss 0.324882
[M01.wav] Iteration 01570/05000:    Loss 3.319400 | Validation loss 0.327988
[M01.wav] Iteration 01580/05000:    Loss 3.298974 | Validation loss 0.322686
[M01.wav] Iteration 01590/05000:    Loss 3.284973 | Validation loss 0.322412
[M01.wav] Iteration 01600/05000:    Loss 3.364154 | Validation loss 0.330414
[M01.wav] Iteration 01610/05000:    Loss 3.298892 | Validation loss 0.323617
[M01.wav] Iteration 01620/05000:    Loss 3.293231 | Validation loss 0.324132
[M01.wav] Iteration 01630/05000:    Loss 3.312338 | Validation loss 0.327927
[M01.wav] Iteration 01640/05000:    Loss 3.292022 | Validation loss 0.320876
[M01.wav] Iteration 01650/05000:    Loss 3.298355 | Validation loss 0.323609
[M01.wav] Iteration 01660/05000:    Loss 3.298404 | Validation loss 0.326804
[M01.wav] Iteration 01670/05000:    Loss 3.302123 | Validation loss 0.319804
[M01.wav] Iteration 01680/05000:    Loss 3.278379 | Validation loss 0.325256
[M01.wav] Iteration 01690/05000:    Loss 3.317297 | Validation loss 0.329256
[M01.wav] Iteration 01700/05000:    Loss 3.302664 | Validation loss 0.323499
[M01.wav] Iteration 01710/05000:    Loss 3.298440 | Validation loss 0.322531
[M01.wav] Iteration 01720/05000:    Loss 3.278152 | Validation loss 0.320892
[M01.wav] Iteration 01730/05000:    Loss 3.321076 | Validation loss 0.326221
[M01.wav] Iteration 01740/05000:    Loss 3.264493 | Validation loss 0.323150
[M01.wav] Iteration 01750/05000:    Loss 3.289134 | Validation loss 0.321547
[M01.wav] Iteration 01760/05000:    Loss 3.263113 | Validation loss 0.320677
[M01.wav] Iteration 01770/05000:    Loss 3.296115 | Validation loss 0.321661
[M01.wav] Iteration 01780/05000:    Loss 3.264274 | Validation loss 0.320655
[M01.wav] Iteration 01790/05000:    Loss 3.283027 | Validation loss 0.319951
[M01.wav] Iteration 01800/05000:    Loss 3.259202 | Validation loss 0.322990
[M01.wav] Iteration 01810/05000:    Loss 3.229620 | Validation loss 0.319214
[M01.wav] Iteration 01820/05000:    Loss 3.197915 | Validation loss 0.318492
[M01.wav] Iteration 01830/05000:    Loss 3.172833 | Validation loss 0.321712
[M01.wav] Iteration 01840/05000:    Loss 3.115958 | Validation loss 0.322588
[M01.wav] Iteration 01850/05000:    Loss 3.089386 | Validation loss 0.320829
[M01.wav] Iteration 01860/05000:    Loss 2.952565 | Validation loss 0.318261
[M01.wav] Iteration 01870/05000:    Loss 2.862668 | Validation loss 0.316024
[M01.wav] Iteration 01880/05000:    Loss 2.744676 | Validation loss 0.317245
[M01.wav] Iteration 01890/05000:    Loss 2.686858 | Validation loss 0.320214
[M01.wav] Iteration 01900/05000:    Loss 2.587943 | Validation loss 0.320128
[M01.wav] Iteration 01910/05000:    Loss 2.529428 | Validation loss 0.318688
[M01.wav] Iteration 01920/05000:    Loss 2.441779 | Validation loss 0.317319
[M01.wav] Iteration 01930/05000:    Loss 2.331872 | Validation loss 0.317189
[M01.wav] Iteration 01940/05000:    Loss 2.207205 | Validation loss 0.300884
[M01.wav] Iteration 01950/05000:    Loss 2.093285 | Validation loss 0.295179
[M01.wav] Iteration 01960/05000:    Loss 1.995508 | Validation loss 0.294427
[M01.wav] Iteration 01970/05000:    Loss 1.976152 | Validation loss 0.300620
[M01.wav] Iteration 01980/05000:    Loss 1.887696 | Validation loss 0.285266
[M01.wav] Iteration 01990/05000:    Loss 1.817519 | Validation loss 0.280855
[M01.wav] Iteration 02000/05000:    Loss 1.667659 | Validation loss 0.272578
[M01.wav] Iteration 02010/05000:    Loss 1.585804 | Validation loss 0.278578
[M01.wav] Iteration 02020/05000:    Loss 1.543596 | Validation loss 0.267987
[M01.wav] Iteration 02030/05000:    Loss 1.595712 | Validation loss 0.264840
[M01.wav] Iteration 02040/05000:    Loss 1.533484 | Validation loss 0.275322
[M01.wav] Iteration 02050/05000:    Loss 1.389357 | Validation loss 0.264407
[M01.wav] Iteration 02060/05000:    Loss 1.362918 | Validation loss 0.255244
[M01.wav] Iteration 02070/05000:    Loss 1.301366 | Validation loss 0.252707
[M01.wav] Iteration 02080/05000:    Loss 1.351172 | Validation loss 0.254813
[M01.wav] Iteration 02090/05000:    Loss 1.277392 | Validation loss 0.249691
[M01.wav] Iteration 02100/05000:    Loss 1.272412 | Validation loss 0.248410
[M01.wav] Iteration 02110/05000:    Loss 1.222590 | Validation loss 0.246074
[M01.wav] Iteration 02120/05000:    Loss 1.266681 | Validation loss 0.254590
[M01.wav] Iteration 02130/05000:    Loss 1.260983 | Validation loss 0.238768
[M01.wav] Iteration 02140/05000:    Loss 1.169233 | Validation loss 0.237237
[M01.wav] Iteration 02150/05000:    Loss 1.153691 | Validation loss 0.220128
[M01.wav] Iteration 02160/05000:    Loss 1.188195 | Validation loss 0.210380
[M01.wav] Iteration 02170/05000:    Loss 1.133403 | Validation loss 0.204816
[M01.wav] Iteration 02180/05000:    Loss 1.083632 | Validation loss 0.200957
[M01.wav] Iteration 02190/05000:    Loss 1.112482 | Validation loss 0.212251
[M01.wav] Iteration 02200/05000:    Loss 1.090635 | Validation loss 0.195261
[M01.wav] Iteration 02210/05000:    Loss 1.036941 | Validation loss 0.200160
[M01.wav] Iteration 02220/05000:    Loss 1.026566 | Validation loss 0.197413
[M01.wav] Iteration 02230/05000:    Loss 1.049084 | Validation loss 0.198478
[M01.wav] Iteration 02240/05000:    Loss 1.012587 | Validation loss 0.199368
[M01.wav] Iteration 02250/05000:    Loss 1.002570 | Validation loss 0.190436
[M01.wav] Iteration 02260/05000:    Loss 0.975766 | Validation loss 0.196041
[M01.wav] Iteration 02270/05000:    Loss 0.948515 | Validation loss 0.194437
[M01.wav] Iteration 02280/05000:    Loss 0.939088 | Validation loss 0.201834
[M01.wav] Iteration 02290/05000:    Loss 0.930251 | Validation loss 0.186816
[M01.wav] Iteration 02300/05000:    Loss 0.984895 | Validation loss 0.201898
[M01.wav] Iteration 02310/05000:    Loss 0.985946 | Validation loss 0.198494
[M01.wav] Iteration 02320/05000:    Loss 0.959461 | Validation loss 0.196658
[M01.wav] Iteration 02330/05000:    Loss 0.898816 | Validation loss 0.185669
[M01.wav] Iteration 02340/05000:    Loss 0.883460 | Validation loss 0.187376
[M01.wav] Iteration 02350/05000:    Loss 0.878998 | Validation loss 0.190892
[M01.wav] Iteration 02360/05000:    Loss 0.888935 | Validation loss 0.201224
[M01.wav] Iteration 02370/05000:    Loss 0.901857 | Validation loss 0.196201
[M01.wav] Iteration 02380/05000:    Loss 0.887418 | Validation loss 0.188574
[M01.wav] Iteration 02390/05000:    Loss 0.914560 | Validation loss 0.191750
[M01.wav] Iteration 02400/05000:    Loss 0.926035 | Validation loss 0.196160
[M01.wav] Iteration 02410/05000:    Loss 0.848849 | Validation loss 0.194634
[M01.wav] Iteration 02420/05000:    Loss 0.861205 | Validation loss 0.198605
[M01.wav] Iteration 02430/05000:    Loss 0.822794 | Validation loss 0.189587
[M01.wav] Iteration 02440/05000:    Loss 0.821341 | Validation loss 0.191074
[M01.wav] Iteration 02450/05000:    Loss 0.837225 | Validation loss 0.195791
[M01.wav] Iteration 02460/05000:    Loss 0.814915 | Validation loss 0.191607
[M01.wav] Iteration 02470/05000:    Loss 0.904866 | Validation loss 0.188698
[M01.wav] Iteration 02480/05000:    Loss 0.787733 | Validation loss 0.184632
[M01.wav] Iteration 02490/05000:    Loss 0.787873 | Validation loss 0.185870
[M01.wav] Iteration 02500/05000:    Loss 0.813898 | Validation loss 0.182319
[M01.wav] Iteration 02510/05000:    Loss 0.737320 | Validation loss 0.179208
[M01.wav] Iteration 02520/05000:    Loss 0.703681 | Validation loss 0.177736
[M01.wav] Iteration 02530/05000:    Loss 0.678830 | Validation loss 0.170756
[M01.wav] Iteration 02540/05000:    Loss 0.677568 | Validation loss 0.178852
[M01.wav] Iteration 02550/05000:    Loss 0.632108 | Validation loss 0.175109
[M01.wav] Iteration 02560/05000:    Loss 0.698340 | Validation loss 0.177378
[M01.wav] Iteration 02570/05000:    Loss 0.639547 | Validation loss 0.167653
[M01.wav] Iteration 02580/05000:    Loss 0.636100 | Validation loss 0.169952
[M01.wav] Iteration 02590/05000:    Loss 0.684490 | Validation loss 0.173082
[M01.wav] Iteration 02600/05000:    Loss 0.675731 | Validation loss 0.171093
[M01.wav] Iteration 02610/05000:    Loss 0.670425 | Validation loss 0.163155
[M01.wav] Iteration 02620/05000:    Loss 0.583354 | Validation loss 0.159923
[M01.wav] Iteration 02630/05000:    Loss 0.601109 | Validation loss 0.167623
[M01.wav] Iteration 02640/05000:    Loss 0.661306 | Validation loss 0.164630
[M01.wav] Iteration 02650/05000:    Loss 0.604417 | Validation loss 0.164910
[M01.wav] Iteration 02660/05000:    Loss 0.669690 | Validation loss 0.160157
[M01.wav] Iteration 02670/05000:    Loss 0.674404 | Validation loss 0.163702
[M01.wav] Iteration 02680/05000:    Loss 0.642522 | Validation loss 0.167514
[M01.wav] Iteration 02690/05000:    Loss 0.587694 | Validation loss 0.166160
[M01.wav] Iteration 02700/05000:    Loss 0.635835 | Validation loss 0.160069
[M01.wav] Iteration 02710/05000:    Loss 0.596588 | Validation loss 0.162637
[M01.wav] Iteration 02720/05000:    Loss 0.535490 | Validation loss 0.159903
[M01.wav] Iteration 02730/05000:    Loss 0.629441 | Validation loss 0.161444
[M01.wav] Iteration 02740/05000:    Loss 0.588131 | Validation loss 0.154789
[M01.wav] Iteration 02750/05000:    Loss 0.663365 | Validation loss 0.159628
[M01.wav] Iteration 02760/05000:    Loss 0.529116 | Validation loss 0.156238
[M01.wav] Iteration 02770/05000:    Loss 0.610965 | Validation loss 0.159760
[M01.wav] Iteration 02780/05000:    Loss 0.909723 | Validation loss 0.194536
[M01.wav] Iteration 02790/05000:    Loss 0.727154 | Validation loss 0.172836
[M01.wav] Iteration 02800/05000:    Loss 0.612376 | Validation loss 0.160275
[M01.wav] Iteration 02810/05000:    Loss 0.547796 | Validation loss 0.155149
[M01.wav] Iteration 02820/05000:    Loss 0.562439 | Validation loss 0.161433
[M01.wav] Iteration 02830/05000:    Loss 0.531889 | Validation loss 0.157009
[M01.wav] Iteration 02840/05000:    Loss 0.613758 | Validation loss 0.156065
[M01.wav] Iteration 02850/05000:    Loss 0.491255 | Validation loss 0.152591
[M01.wav] Iteration 02860/05000:    Loss 0.491908 | Validation loss 0.147323
[M01.wav] Iteration 02870/05000:    Loss 0.581477 | Validation loss 0.154833
[M01.wav] Iteration 02880/05000:    Loss 0.510553 | Validation loss 0.150608
[M01.wav] Iteration 02890/05000:    Loss 0.493713 | Validation loss 0.149758
[M01.wav] Iteration 02900/05000:    Loss 0.487835 | Validation loss 0.141920
[M01.wav] Iteration 02910/05000:    Loss 0.464693 | Validation loss 0.144007
[M01.wav] Iteration 02920/05000:    Loss 0.484828 | Validation loss 0.146194
[M01.wav] Iteration 02930/05000:    Loss 0.544565 | Validation loss 0.151364
[M01.wav] Iteration 02940/05000:    Loss 0.502077 | Validation loss 0.151693
[M01.wav] Iteration 02950/05000:    Loss 0.486319 | Validation loss 0.152823
[M01.wav] Iteration 02960/05000:    Loss 0.568383 | Validation loss 0.154982
[M01.wav] Iteration 02970/05000:    Loss 0.531785 | Validation loss 0.149482
[M01.wav] Iteration 02980/05000:    Loss 0.529228 | Validation loss 0.145812
[M01.wav] Iteration 02990/05000:    Loss 0.600653 | Validation loss 0.153712
[M01.wav] Iteration 03000/05000:    Loss 0.450123 | Validation loss 0.144597
[M01.wav] Iteration 03010/05000:    Loss 0.469830 | Validation loss 0.142646
[M01.wav] Iteration 03020/05000:    Loss 0.508424 | Validation loss 0.148365
[M01.wav] Iteration 03030/05000:    Loss 0.526130 | Validation loss 0.154574
[M01.wav] Iteration 03040/05000:    Loss 0.480666 | Validation loss 0.145126
[M01.wav] Iteration 03050/05000:    Loss 0.529369 | Validation loss 0.147635
[M01.wav] Iteration 03060/05000:    Loss 0.481134 | Validation loss 0.144672
[M01.wav] Iteration 03070/05000:    Loss 0.539579 | Validation loss 0.151952
[M01.wav] Iteration 03080/05000:    Loss 0.464333 | Validation loss 0.144733
[M01.wav] Iteration 03090/05000:    Loss 0.515685 | Validation loss 0.150325
[M01.wav] Iteration 03100/05000:    Loss 0.462320 | Validation loss 0.142070
[M01.wav] Iteration 03110/05000:    Loss 0.461006 | Validation loss 0.148357
[M01.wav] Iteration 03120/05000:    Loss 0.546286 | Validation loss 0.153369
[M01.wav] Iteration 03130/05000:    Loss 0.481696 | Validation loss 0.145281
[M01.wav] Iteration 03140/05000:    Loss 0.459998 | Validation loss 0.144034
[M01.wav] Iteration 03150/05000:    Loss 0.509552 | Validation loss 0.149087
[M01.wav] Iteration 03160/05000:    Loss 0.447979 | Validation loss 0.144478
[M01.wav] Iteration 03170/05000:    Loss 0.492551 | Validation loss 0.147828
[M01.wav] Iteration 03180/05000:    Loss 0.517908 | Validation loss 0.151833
[M01.wav] Iteration 03190/05000:    Loss 0.549354 | Validation loss 0.154436
[M01.wav] Iteration 03200/05000:    Loss 0.502341 | Validation loss 0.150284
[M01.wav] Iteration 03210/05000:    Loss 0.558408 | Validation loss 0.153098
[M01.wav] Iteration 03220/05000:    Loss 0.527880 | Validation loss 0.152631
[M01.wav] Iteration 03230/05000:    Loss 0.494792 | Validation loss 0.145798
[M01.wav] Iteration 03240/05000:    Loss 0.499416 | Validation loss 0.150208
[M01.wav] Iteration 03250/05000:    Loss 0.464353 | Validation loss 0.144505
[M01.wav] Iteration 03260/05000:    Loss 0.451601 | Validation loss 0.140730
[M01.wav] Iteration 03270/05000:    Loss 0.581633 | Validation loss 0.156639
[M01.wav] Iteration 03280/05000:    Loss 0.445360 | Validation loss 0.140442
[M01.wav] Iteration 03290/05000:    Loss 0.432050 | Validation loss 0.140461
[M01.wav] Iteration 03300/05000:    Loss 0.430729 | Validation loss 0.140351
[M01.wav] Iteration 03310/05000:    Loss 0.414225 | Validation loss 0.141778
[M01.wav] Iteration 03320/05000:    Loss 0.395278 | Validation loss 0.140068
[M01.wav] Iteration 03330/05000:    Loss 0.448463 | Validation loss 0.140446
[M01.wav] Iteration 03340/05000:    Loss 0.387104 | Validation loss 0.136332
[M01.wav] Iteration 03350/05000:    Loss 0.464337 | Validation loss 0.139718
[M01.wav] Iteration 03360/05000:    Loss 0.413365 | Validation loss 0.137922
[M01.wav] Iteration 03370/05000:    Loss 0.426364 | Validation loss 0.139170
[M01.wav] Iteration 03380/05000:    Loss 0.395654 | Validation loss 0.134187
[M01.wav] Iteration 03390/05000:    Loss 0.457164 | Validation loss 0.141411
[M01.wav] Iteration 03400/05000:    Loss 0.444938 | Validation loss 0.143428
[M01.wav] Iteration 03410/05000:    Loss 0.431991 | Validation loss 0.138374
[M01.wav] Iteration 03420/05000:    Loss 0.483113 | Validation loss 0.147467
[M01.wav] Iteration 03430/05000:    Loss 0.506618 | Validation loss 0.149104
[M01.wav] Iteration 03440/05000:    Loss 0.491818 | Validation loss 0.147002
[M01.wav] Iteration 03450/05000:    Loss 0.451031 | Validation loss 0.141091
[M01.wav] Iteration 03460/05000:    Loss 0.500982 | Validation loss 0.145559
[M01.wav] Iteration 03470/05000:    Loss 0.474607 | Validation loss 0.142340
[M01.wav] Iteration 03480/05000:    Loss 0.393822 | Validation loss 0.134678
[M01.wav] Iteration 03490/05000:    Loss 0.523932 | Validation loss 0.149420
[M01.wav] Iteration 03500/05000:    Loss 0.461495 | Validation loss 0.144044
[M01.wav] Iteration 03510/05000:    Loss 0.425396 | Validation loss 0.139140
[M01.wav] Iteration 03520/05000:    Loss 0.503251 | Validation loss 0.147494
[M01.wav] Iteration 03530/05000:    Loss 0.432746 | Validation loss 0.139878
[M01.wav] Iteration 03540/05000:    Loss 0.512807 | Validation loss 0.146535
[M01.wav] Iteration 03550/05000:    Loss 0.472087 | Validation loss 0.146408
[M01.wav] Iteration 03560/05000:    Loss 0.473276 | Validation loss 0.144816
[M01.wav] Iteration 03570/05000:    Loss 0.505895 | Validation loss 0.146163
[M01.wav] Iteration 03580/05000:    Loss 0.390961 | Validation loss 0.137128
[M01.wav] Iteration 03590/05000:    Loss 0.432498 | Validation loss 0.134471
[M01.wav] Iteration 03600/05000:    Loss 0.439268 | Validation loss 0.139818
[M01.wav] Iteration 03610/05000:    Loss 0.376090 | Validation loss 0.133084
[M01.wav] Iteration 03620/05000:    Loss 0.404263 | Validation loss 0.131659
[M01.wav] Iteration 03630/05000:    Loss 0.410932 | Validation loss 0.135117
[M01.wav] Iteration 03640/05000:    Loss 0.435763 | Validation loss 0.137062
[M01.wav] Iteration 03650/05000:    Loss 0.391637 | Validation loss 0.138062
[M01.wav] Iteration 03660/05000:    Loss 0.442236 | Validation loss 0.136969
[M01.wav] Iteration 03670/05000:    Loss 0.380290 | Validation loss 0.134291
[M01.wav] Iteration 03680/05000:    Loss 0.400192 | Validation loss 0.135827
[M01.wav] Iteration 03690/05000:    Loss 0.423342 | Validation loss 0.140047
[M01.wav] Iteration 03700/05000:    Loss 0.423257 | Validation loss 0.139526
[M01.wav] Iteration 03710/05000:    Loss 0.517588 | Validation loss 0.139436
[M01.wav] Iteration 03720/05000:    Loss 0.512492 | Validation loss 0.145835
[M01.wav] Iteration 03730/05000:    Loss 0.500567 | Validation loss 0.139784
[M01.wav] Iteration 03740/05000:    Loss 0.525582 | Validation loss 0.147372
[M01.wav] Iteration 03750/05000:    Loss 0.460199 | Validation loss 0.140725
[M01.wav] Iteration 03760/05000:    Loss 0.489012 | Validation loss 0.142828
[M01.wav] Iteration 03770/05000:    Loss 0.531174 | Validation loss 0.144318
[M01.wav] Iteration 03780/05000:    Loss 0.420788 | Validation loss 0.137552
[M01.wav] Iteration 03790/05000:    Loss 0.406696 | Validation loss 0.134650
[M01.wav] Iteration 03800/05000:    Loss 0.434232 | Validation loss 0.133870
[M01.wav] Iteration 03810/05000:    Loss 0.405265 | Validation loss 0.134366
[M01.wav] Iteration 03820/05000:    Loss 0.419328 | Validation loss 0.135659
[M01.wav] Iteration 03830/05000:    Loss 0.412990 | Validation loss 0.136400
[M01.wav] Iteration 03840/05000:    Loss 0.484342 | Validation loss 0.140001
[M01.wav] Iteration 03850/05000:    Loss 0.413075 | Validation loss 0.133486
[M01.wav] Iteration 03860/05000:    Loss 0.489750 | Validation loss 0.143621
[M01.wav] Iteration 03870/05000:    Loss 0.376980 | Validation loss 0.134273
[M01.wav] Iteration 03880/05000:    Loss 0.378378 | Validation loss 0.134371
[M01.wav] Iteration 03890/05000:    Loss 0.362531 | Validation loss 0.130608
[M01.wav] Iteration 03900/05000:    Loss 0.475662 | Validation loss 0.141136
[M01.wav] Iteration 03910/05000:    Loss 0.393021 | Validation loss 0.132903
[M01.wav] Iteration 03920/05000:    Loss 0.485230 | Validation loss 0.143110
[M01.wav] Iteration 03930/05000:    Loss 0.382999 | Validation loss 0.131501
[M01.wav] Iteration 03940/05000:    Loss 0.430464 | Validation loss 0.135251
[M01.wav] Iteration 03950/05000:    Loss 0.450657 | Validation loss 0.140242
[M01.wav] Iteration 03960/05000:    Loss 0.437440 | Validation loss 0.136965
[M01.wav] Iteration 03970/05000:    Loss 0.452772 | Validation loss 0.142898
[M01.wav] Iteration 03980/05000:    Loss 0.473267 | Validation loss 0.141832
[M01.wav] Iteration 03990/05000:    Loss 0.409953 | Validation loss 0.132002
[M01.wav] Iteration 04000/05000:    Loss 0.400396 | Validation loss 0.134703
[M01.wav] Iteration 04010/05000:    Loss 0.440546 | Validation loss 0.138238
[M01.wav] Iteration 04020/05000:    Loss 0.452173 | Validation loss 0.138470
[M01.wav] Iteration 04030/05000:    Loss 0.500662 | Validation loss 0.141185
[M01.wav] Iteration 04040/05000:    Loss 0.413932 | Validation loss 0.133961
[M01.wav] Iteration 04050/05000:    Loss 0.384673 | Validation loss 0.137293
[M01.wav] Iteration 04060/05000:    Loss 0.362274 | Validation loss 0.126014
[M01.wav] Iteration 04070/05000:    Loss 0.453664 | Validation loss 0.138830
[M01.wav] Iteration 04080/05000:    Loss 0.428585 | Validation loss 0.137556
[M01.wav] Iteration 04090/05000:    Loss 0.501771 | Validation loss 0.147400
[M01.wav] Iteration 04100/05000:    Loss 0.405507 | Validation loss 0.137816
[M01.wav] Iteration 04110/05000:    Loss 0.356930 | Validation loss 0.129418
[M01.wav] Iteration 04120/05000:    Loss 0.359479 | Validation loss 0.132890
[M01.wav] Iteration 04130/05000:    Loss 0.374828 | Validation loss 0.132362
[M01.wav] Iteration 04140/05000:    Loss 0.460053 | Validation loss 0.137447
[M01.wav] Iteration 04150/05000:    Loss 0.479512 | Validation loss 0.139526
[M01.wav] Iteration 04160/05000:    Loss 0.446057 | Validation loss 0.137449
[M01.wav] Iteration 04170/05000:    Loss 0.374180 | Validation loss 0.129896
[M01.wav] Iteration 04180/05000:    Loss 0.354256 | Validation loss 0.129628
[M01.wav] Iteration 04190/05000:    Loss 0.522824 | Validation loss 0.145135
[M01.wav] Iteration 04200/05000:    Loss 0.422614 | Validation loss 0.137124
[M01.wav] Iteration 04210/05000:    Loss 0.405107 | Validation loss 0.135099
[M01.wav] Iteration 04220/05000:    Loss 0.479598 | Validation loss 0.137764
[M01.wav] Iteration 04230/05000:    Loss 0.381469 | Validation loss 0.128975
[M01.wav] Iteration 04240/05000:    Loss 0.378562 | Validation loss 0.129601
[M01.wav] Iteration 04250/05000:    Loss 0.402043 | Validation loss 0.134240
[M01.wav] Iteration 04260/05000:    Loss 0.433484 | Validation loss 0.135510
[M01.wav] Iteration 04270/05000:    Loss 0.365003 | Validation loss 0.132587
[M01.wav] Iteration 04280/05000:    Loss 0.414568 | Validation loss 0.133298
[M01.wav] Iteration 04290/05000:    Loss 0.368167 | Validation loss 0.129900
[M01.wav] Iteration 04300/05000:    Loss 0.390815 | Validation loss 0.130537
[M01.wav] Iteration 04310/05000:    Loss 0.402517 | Validation loss 0.133642
[M01.wav] Iteration 04320/05000:    Loss 0.447583 | Validation loss 0.138510
[M01.wav] Iteration 04330/05000:    Loss 0.393815 | Validation loss 0.133739
[M01.wav] Iteration 04340/05000:    Loss 0.361471 | Validation loss 0.129174
[M01.wav] Iteration 04350/05000:    Loss 0.382353 | Validation loss 0.129766
[M01.wav] Iteration 04360/05000:    Loss 0.395940 | Validation loss 0.130676
[M01.wav] Iteration 04370/05000:    Loss 0.406853 | Validation loss 0.132269
[M01.wav] Iteration 04380/05000:    Loss 0.433700 | Validation loss 0.132716
[M01.wav] Iteration 04390/05000:    Loss 0.470416 | Validation loss 0.141462
[M01.wav] Iteration 04400/05000:    Loss 0.463014 | Validation loss 0.139970
[M01.wav] Iteration 04410/05000:    Loss 0.439288 | Validation loss 0.135790
[M01.wav] Iteration 04420/05000:    Loss 0.385148 | Validation loss 0.129872
[M01.wav] Iteration 04430/05000:    Loss 0.384630 | Validation loss 0.128768
[M01.wav] Iteration 04440/05000:    Loss 0.401516 | Validation loss 0.134028
[M01.wav] Iteration 04450/05000:    Loss 0.370283 | Validation loss 0.127413
[M01.wav] Iteration 04460/05000:    Loss 0.346546 | Validation loss 0.128402
[M01.wav] Iteration 04470/05000:    Loss 0.411612 | Validation loss 0.134237
[M01.wav] Iteration 04480/05000:    Loss 0.402031 | Validation loss 0.130415
[M01.wav] Iteration 04490/05000:    Loss 0.437503 | Validation loss 0.132278
[M01.wav] Iteration 04500/05000:    Loss 0.357271 | Validation loss 0.129365
[M01.wav] Iteration 04510/05000:    Loss 0.337606 | Validation loss 0.124100
[M01.wav] Iteration 04520/05000:    Loss 0.346259 | Validation loss 0.124063
[M01.wav] Iteration 04530/05000:    Loss 0.358169 | Validation loss 0.126843
[M01.wav] Iteration 04540/05000:    Loss 0.397027 | Validation loss 0.131055
[M01.wav] Iteration 04550/05000:    Loss 0.428795 | Validation loss 0.137801
[M01.wav] Iteration 04560/05000:    Loss 0.380067 | Validation loss 0.134207
[M01.wav] Iteration 04570/05000:    Loss 0.527538 | Validation loss 0.142581
[M01.wav] Iteration 04580/05000:    Loss 0.364980 | Validation loss 0.126208
[M01.wav] Iteration 04590/05000:    Loss 0.448481 | Validation loss 0.134891
[M01.wav] Iteration 04600/05000:    Loss 0.378342 | Validation loss 0.132881
[M01.wav] Iteration 04610/05000:    Loss 0.397553 | Validation loss 0.129622
[M01.wav] Iteration 04620/05000:    Loss 0.434463 | Validation loss 0.135387
[M01.wav] Iteration 04630/05000:    Loss 0.383440 | Validation loss 0.127851
[M01.wav] Iteration 04640/05000:    Loss 0.386751 | Validation loss 0.131266
[M01.wav] Iteration 04650/05000:    Loss 0.396122 | Validation loss 0.132455
[M01.wav] Iteration 04660/05000:    Loss 0.488837 | Validation loss 0.138671
[M01.wav] Iteration 04670/05000:    Loss 0.413380 | Validation loss 0.133613
[M01.wav] Iteration 04680/05000:    Loss 0.393548 | Validation loss 0.129885
[M01.wav] Iteration 04690/05000:    Loss 0.341360 | Validation loss 0.124877
[M01.wav] Iteration 04700/05000:    Loss 0.366902 | Validation loss 0.126339
[M01.wav] Iteration 04710/05000:    Loss 0.354635 | Validation loss 0.127494
[M01.wav] Iteration 04720/05000:    Loss 0.367334 | Validation loss 0.129983
[M01.wav] Iteration 04730/05000:    Loss 0.397459 | Validation loss 0.130138
[M01.wav] Iteration 04740/05000:    Loss 0.352780 | Validation loss 0.127555
[M01.wav] Iteration 04750/05000:    Loss 0.349865 | Validation loss 0.126433
[M01.wav] Iteration 04760/05000:    Loss 0.382930 | Validation loss 0.127667
[M01.wav] Iteration 04770/05000:    Loss 0.419640 | Validation loss 0.133899
[M01.wav] Iteration 04780/05000:    Loss 0.386340 | Validation loss 0.132449
[M01.wav] Iteration 04790/05000:    Loss 0.384259 | Validation loss 0.128868
[M01.wav] Iteration 04800/05000:    Loss 0.427532 | Validation loss 0.137319
[M01.wav] Iteration 04810/05000:    Loss 0.347565 | Validation loss 0.128252
[M01.wav] Iteration 04820/05000:    Loss 0.371452 | Validation loss 0.129295
[M01.wav] Iteration 04830/05000:    Loss 0.432184 | Validation loss 0.132607
[M01.wav] Iteration 04840/05000:    Loss 0.343889 | Validation loss 0.123843
[M01.wav] Iteration 04850/05000:    Loss 0.407604 | Validation loss 0.134531
[M01.wav] Iteration 04860/05000:    Loss 0.343755 | Validation loss 0.122719
[M01.wav] Iteration 04870/05000:    Loss 0.387228 | Validation loss 0.131602
[M01.wav] Iteration 04880/05000:    Loss 0.354400 | Validation loss 0.124934
[M01.wav] Iteration 04890/05000:    Loss 0.357357 | Validation loss 0.127665
[M01.wav] Iteration 04900/05000:    Loss 0.423620 | Validation loss 0.136245
[M01.wav] Iteration 04910/05000:    Loss 0.358311 | Validation loss 0.126844
[M01.wav] Iteration 04920/05000:    Loss 0.433494 | Validation loss 0.135547
[M01.wav] Iteration 04930/05000:    Loss 0.400287 | Validation loss 0.133573
[M01.wav] Iteration 04940/05000:    Loss 0.355166 | Validation loss 0.130020
[M01.wav] Iteration 04950/05000:    Loss 0.363718 | Validation loss 0.125520
[M01.wav] Iteration 04960/05000:    Loss 0.375021 | Validation loss 0.132564
[M01.wav] Iteration 04970/05000:    Loss 0.387481 | Validation loss 0.128349
[M01.wav] Iteration 04980/05000:    Loss 0.368001 | Validation loss 0.126792
[M01.wav] Iteration 04990/05000:    Loss 0.433458 | Validation loss 0.132630
/content/dpai_work/src/script.py:407: UserWarning: amplitude_to_db was called on complex input so phase information will be discarded. To suppress this warning, call amplitude_to_db(np.abs(S)) instead.
  librosa.display.specshow(librosa.amplitude_to_db(net_input_np_a + 1j*net_input_np_b), sr=sr, x_axis='time', y_axis='log', cmap='viridis')
/content/dpai_work/src/script.py:493: UserWarning: amplitude_to_db was called on complex input so phase information will be discarded. To suppress this warning, call amplitude_to_db(np.abs(S)) instead.
  librosa.display.specshow(librosa.amplitude_to_db(reconstructed_spectrogram_with_original_context), sr=sr, x_axis='time', y_axis='log', cmap='viridis')

[DONE]


[COMPLETED]

