COMMAND: /usr/bin/python3 -u /content/dpai_support/run_dpai_seeded.py --seed 0 --src /content/dpai_work/src -- --source /content/drive/MyDrive/DPAI_real_baseline/dataset/clean/M02.wav --net ../nets/best.json --epochs 5000 --lr 0.01 --offset 0 --audio_len 5 --input_noise uniform --results_dir /content/dpai_scratch/M02_gap200
[run_dpai_seeded] seed=0  entry point=/content/dpai_work/src/script.py
[run_dpai_seeded] script arguments: --source /content/drive/MyDrive/DPAI_real_baseline/dataset/clean/M02.wav --net ../nets/best.json --epochs 5000 --lr 0.01 --offset 0 --audio_len 5 --input_noise uniform --results_dir /content/dpai_scratch/M02_gap200

[PROCESSING sample: M02.wav]
Number of params: 2015252
Starting optimization with ADAM
/content/dpai_work/src/utils/common_utils.py:246: UserWarning: A window was not provided. A rectangular window will be applied.Please provide the same window used by stft to make the inversion lossless.To suppress this warning and use a rectangular window, explicitly set `window=torch.ones(n_fft, device=<device>)`. (Triggered internally at /pytorch/aten/src/ATen/native/SpectralOps.cpp:1035.)
  input_audio = torch.istft(input_spectrogram, n_fft=2047)
[M02.wav] Iteration 00000/05000:    Loss 4.720898 | Validation loss 0.497709
[M02.wav] Iteration 00010/05000:    Loss 4.397158 | Validation loss 0.476101
[M02.wav] Iteration 00020/05000:    Loss 4.374067 | Validation loss 0.472965
[M02.wav] Iteration 00030/05000:    Loss 4.322045 | Validation loss 0.468676
[M02.wav] Iteration 00040/05000:    Loss 4.315563 | Validation loss 0.465197
[M02.wav] Iteration 00050/05000:    Loss 4.313567 | Validation loss 0.467409
[M02.wav] Iteration 00060/05000:    Loss 4.305561 | Validation loss 0.469326
[M02.wav] Iteration 00070/05000:    Loss 4.309054 | Validation loss 0.464351
[M02.wav] Iteration 00080/05000:    Loss 4.324466 | Validation loss 0.466621
[M02.wav] Iteration 00090/05000:    Loss 4.305253 | Validation loss 0.464214
[M02.wav] Iteration 00100/05000:    Loss 4.326218 | Validation loss 0.465854
[M02.wav] Iteration 00110/05000:    Loss 4.301072 | Validation loss 0.466482
[M02.wav] Iteration 00120/05000:    Loss 4.282796 | Validation loss 0.459374
[M02.wav] Iteration 00130/05000:    Loss 4.283216 | Validation loss 0.461407
[M02.wav] Iteration 00140/05000:    Loss 4.274792 | Validation loss 0.462705
[M02.wav] Iteration 00150/05000:    Loss 4.276275 | Validation loss 0.457541
[M02.wav] Iteration 00160/05000:    Loss 4.248829 | Validation loss 0.463717
[M02.wav] Iteration 00170/05000:    Loss 4.271525 | Validation loss 0.459015
[M02.wav] Iteration 00180/05000:    Loss 4.252042 | Validation loss 0.462271
[M02.wav] Iteration 00190/05000:    Loss 4.261312 | Validation loss 0.460200
[M02.wav] Iteration 00200/05000:    Loss 4.245057 | Validation loss 0.462435
[M02.wav] Iteration 00210/05000:    Loss 4.246260 | Validation loss 0.464817
[M02.wav] Iteration 00220/05000:    Loss 4.236861 | Validation loss 0.461818
[M02.wav] Iteration 00230/05000:    Loss 4.239383 | Validation loss 0.464965
[M02.wav] Iteration 00240/05000:    Loss 4.230916 | Validation loss 0.463872
[M02.wav] Iteration 00250/05000:    Loss 4.238545 | Validation loss 0.461767
[M02.wav] Iteration 00260/05000:    Loss 4.222915 | Validation loss 0.464776
[M02.wav] Iteration 00270/05000:    Loss 4.229077 | Validation loss 0.462541
[M02.wav] Iteration 00280/05000:    Loss 4.242166 | Validation loss 0.459792
[M02.wav] Iteration 00290/05000:    Loss 4.233299 | Validation loss 0.460507
[M02.wav] Iteration 00300/05000:    Loss 4.236380 | Validation loss 0.464563
[M02.wav] Iteration 00310/05000:    Loss 4.238811 | Validation loss 0.459671
[M02.wav] Iteration 00320/05000:    Loss 4.227523 | Validation loss 0.460022
[M02.wav] Iteration 00330/05000:    Loss 4.220739 | Validation loss 0.463674
[M02.wav] Iteration 00340/05000:    Loss 4.219312 | Validation loss 0.462852
[M02.wav] Iteration 00350/05000:    Loss 4.212274 | Validation loss 0.461836
[M02.wav] Iteration 00360/05000:    Loss 4.215082 | Validation loss 0.459447
[M02.wav] Iteration 00370/05000:    Loss 4.198136 | Validation loss 0.462841
[M02.wav] Iteration 00380/05000:    Loss 4.192888 | Validation loss 0.462889
[M02.wav] Iteration 00390/05000:    Loss 4.202005 | Validation loss 0.459474
[M02.wav] Iteration 00400/05000:    Loss 4.157546 | Validation loss 0.462264
[M02.wav] Iteration 00410/05000:    Loss 4.135438 | Validation loss 0.458146
[M02.wav] Iteration 00420/05000:    Loss 4.069601 | Validation loss 0.462151
[M02.wav] Iteration 00430/05000:    Loss 4.022083 | Validation loss 0.465579
[M02.wav] Iteration 00440/05000:    Loss 3.918297 | Validation loss 0.461519
[M02.wav] Iteration 00450/05000:    Loss 3.887550 | Validation loss 0.461934
[M02.wav] Iteration 00460/05000:    Loss 3.847138 | Validation loss 0.466400
[M02.wav] Iteration 00470/05000:    Loss 3.673465 | Validation loss 0.459629
[M02.wav] Iteration 00480/05000:    Loss 3.588638 | Validation loss 0.451870
[M02.wav] Iteration 00490/05000:    Loss 4.189534 | Validation loss 0.494560
[M02.wav] Iteration 00500/05000:    Loss 3.813507 | Validation loss 0.461645
[M02.wav] Iteration 00510/05000:    Loss 3.591744 | Validation loss 0.452382
[M02.wav] Iteration 00520/05000:    Loss 3.441803 | Validation loss 0.448849
[M02.wav] Iteration 00530/05000:    Loss 3.215856 | Validation loss 0.443360
[M02.wav] Iteration 00540/05000:    Loss 2.936999 | Validation loss 0.421794
[M02.wav] Iteration 00550/05000:    Loss 2.746845 | Validation loss 0.420474
[M02.wav] Iteration 00560/05000:    Loss 2.514646 | Validation loss 0.407310
[M02.wav] Iteration 00570/05000:    Loss 2.413820 | Validation loss 0.389842
[M02.wav] Iteration 00580/05000:    Loss 2.209491 | Validation loss 0.397791
[M02.wav] Iteration 00590/05000:    Loss 2.087046 | Validation loss 0.380785
[M02.wav] Iteration 00600/05000:    Loss 1.950429 | Validation loss 0.394500
[M02.wav] Iteration 00610/05000:    Loss 1.828163 | Validation loss 0.345914
[M02.wav] Iteration 00620/05000:    Loss 1.712063 | Validation loss 0.327350
[M02.wav] Iteration 00630/05000:    Loss 1.657971 | Validation loss 0.347310
[M02.wav] Iteration 00640/05000:    Loss 1.632991 | Validation loss 0.317322
[M02.wav] Iteration 00650/05000:    Loss 1.481384 | Validation loss 0.332053
[M02.wav] Iteration 00660/05000:    Loss 1.421149 | Validation loss 0.302314
[M02.wav] Iteration 00670/05000:    Loss 1.394828 | Validation loss 0.277067
[M02.wav] Iteration 00680/05000:    Loss 1.268888 | Validation loss 0.289611
[M02.wav] Iteration 00690/05000:    Loss 1.268909 | Validation loss 0.259255
[M02.wav] Iteration 00700/05000:    Loss 1.237299 | Validation loss 0.266046
[M02.wav] Iteration 00710/05000:    Loss 1.183763 | Validation loss 0.257412
[M02.wav] Iteration 00720/05000:    Loss 1.210970 | Validation loss 0.261387
[M02.wav] Iteration 00730/05000:    Loss 1.135110 | Validation loss 0.251426
[M02.wav] Iteration 00740/05000:    Loss 1.088102 | Validation loss 0.239779
[M02.wav] Iteration 00750/05000:    Loss 1.185050 | Validation loss 0.244029
[M02.wav] Iteration 00760/05000:    Loss 1.082689 | Validation loss 0.248822
[M02.wav] Iteration 00770/05000:    Loss 1.033066 | Validation loss 0.213890
[M02.wav] Iteration 00780/05000:    Loss 1.008698 | Validation loss 0.219792
[M02.wav] Iteration 00790/05000:    Loss 0.981714 | Validation loss 0.219834
[M02.wav] Iteration 00800/05000:    Loss 0.944179 | Validation loss 0.217051
[M02.wav] Iteration 00810/05000:    Loss 0.913710 | Validation loss 0.199326
[M02.wav] Iteration 00820/05000:    Loss 0.909263 | Validation loss 0.200617
[M02.wav] Iteration 00830/05000:    Loss 0.884217 | Validation loss 0.194478
[M02.wav] Iteration 00840/05000:    Loss 0.847521 | Validation loss 0.191487
[M02.wav] Iteration 00850/05000:    Loss 0.853498 | Validation loss 0.202701
[M02.wav] Iteration 00860/05000:    Loss 0.841753 | Validation loss 0.193923
[M02.wav] Iteration 00870/05000:    Loss 0.806804 | Validation loss 0.188124
[M02.wav] Iteration 00880/05000:    Loss 0.869047 | Validation loss 0.197757
[M02.wav] Iteration 00890/05000:    Loss 0.785009 | Validation loss 0.188252
[M02.wav] Iteration 00900/05000:    Loss 0.761804 | Validation loss 0.189728
[M02.wav] Iteration 00910/05000:    Loss 0.767466 | Validation loss 0.178799
[M02.wav] Iteration 00920/05000:    Loss 0.753911 | Validation loss 0.174692
[M02.wav] Iteration 00930/05000:    Loss 0.727955 | Validation loss 0.184478
[M02.wav] Iteration 00940/05000:    Loss 0.736302 | Validation loss 0.166670
[M02.wav] Iteration 00950/05000:    Loss 0.769224 | Validation loss 0.178072
[M02.wav] Iteration 00960/05000:    Loss 0.715747 | Validation loss 0.165474
[M02.wav] Iteration 00970/05000:    Loss 0.744362 | Validation loss 0.168310
[M02.wav] Iteration 00980/05000:    Loss 0.723955 | Validation loss 0.173129
[M02.wav] Iteration 00990/05000:    Loss 0.711729 | Validation loss 0.179026
[M02.wav] Iteration 01000/05000:    Loss 0.700983 | Validation loss 0.168641
[M02.wav] Iteration 01010/05000:    Loss 0.718807 | Validation loss 0.163105
[M02.wav] Iteration 01020/05000:    Loss 0.673838 | Validation loss 0.160336
[M02.wav] Iteration 01030/05000:    Loss 0.702553 | Validation loss 0.156638
[M02.wav] Iteration 01040/05000:    Loss 0.683335 | Validation loss 0.161581
[M02.wav] Iteration 01050/05000:    Loss 0.662691 | Validation loss 0.158623
[M02.wav] Iteration 01060/05000:    Loss 0.653623 | Validation loss 0.162126
[M02.wav] Iteration 01070/05000:    Loss 0.643195 | Validation loss 0.161727
[M02.wav] Iteration 01080/05000:    Loss 0.674478 | Validation loss 0.159135
[M02.wav] Iteration 01090/05000:    Loss 0.657568 | Validation loss 0.153559
[M02.wav] Iteration 01100/05000:    Loss 0.637150 | Validation loss 0.155875
[M02.wav] Iteration 01110/05000:    Loss 0.620503 | Validation loss 0.149098
[M02.wav] Iteration 01120/05000:    Loss 0.655049 | Validation loss 0.149258
[M02.wav] Iteration 01130/05000:    Loss 0.641165 | Validation loss 0.156882
[M02.wav] Iteration 01140/05000:    Loss 0.615028 | Validation loss 0.148820
[M02.wav] Iteration 01150/05000:    Loss 0.623706 | Validation loss 0.143982
[M02.wav] Iteration 01160/05000:    Loss 0.619843 | Validation loss 0.149570
[M02.wav] Iteration 01170/05000:    Loss 0.667078 | Validation loss 0.155445
[M02.wav] Iteration 01180/05000:    Loss 0.591520 | Validation loss 0.157070
[M02.wav] Iteration 01190/05000:    Loss 0.578683 | Validation loss 0.144567
[M02.wav] Iteration 01200/05000:    Loss 0.611275 | Validation loss 0.150603
[M02.wav] Iteration 01210/05000:    Loss 0.591637 | Validation loss 0.143917
[M02.wav] Iteration 01220/05000:    Loss 0.644782 | Validation loss 0.149632
[M02.wav] Iteration 01230/05000:    Loss 0.644496 | Validation loss 0.148566
[M02.wav] Iteration 01240/05000:    Loss 0.616824 | Validation loss 0.144162
[M02.wav] Iteration 01250/05000:    Loss 0.557727 | Validation loss 0.138452
[M02.wav] Iteration 01260/05000:    Loss 0.538752 | Validation loss 0.135423
[M02.wav] Iteration 01270/05000:    Loss 0.566084 | Validation loss 0.135933
[M02.wav] Iteration 01280/05000:    Loss 0.572289 | Validation loss 0.142609
[M02.wav] Iteration 01290/05000:    Loss 1.379504 | Validation loss 0.227671
[M02.wav] Iteration 01300/05000:    Loss 1.164944 | Validation loss 0.205811
[M02.wav] Iteration 01310/05000:    Loss 0.972427 | Validation loss 0.185303
[M02.wav] Iteration 01320/05000:    Loss 0.887067 | Validation loss 0.178035
[M02.wav] Iteration 01330/05000:    Loss 0.794319 | Validation loss 0.165296
[M02.wav] Iteration 01340/05000:    Loss 0.770496 | Validation loss 0.154586
[M02.wav] Iteration 01350/05000:    Loss 0.724739 | Validation loss 0.158189
[M02.wav] Iteration 01360/05000:    Loss 0.707658 | Validation loss 0.148393
[M02.wav] Iteration 01370/05000:    Loss 0.704437 | Validation loss 0.160262
[M02.wav] Iteration 01380/05000:    Loss 0.645604 | Validation loss 0.145136
[M02.wav] Iteration 01390/05000:    Loss 0.633775 | Validation loss 0.146338
[M02.wav] Iteration 01400/05000:    Loss 0.642276 | Validation loss 0.148275
[M02.wav] Iteration 01410/05000:    Loss 0.616360 | Validation loss 0.141128
[M02.wav] Iteration 01420/05000:    Loss 0.606118 | Validation loss 0.143895
[M02.wav] Iteration 01430/05000:    Loss 0.607666 | Validation loss 0.142331
[M02.wav] Iteration 01440/05000:    Loss 0.586915 | Validation loss 0.133919
[M02.wav] Iteration 01450/05000:    Loss 0.609691 | Validation loss 0.141432
[M02.wav] Iteration 01460/05000:    Loss 0.580884 | Validation loss 0.142507
[M02.wav] Iteration 01470/05000:    Loss 0.572466 | Validation loss 0.134011
[M02.wav] Iteration 01480/05000:    Loss 0.605467 | Validation loss 0.141583
[M02.wav] Iteration 01490/05000:    Loss 0.586601 | Validation loss 0.138158
[M02.wav] Iteration 01500/05000:    Loss 0.559429 | Validation loss 0.137066
[M02.wav] Iteration 01510/05000:    Loss 0.562047 | Validation loss 0.142697
[M02.wav] Iteration 01520/05000:    Loss 0.537964 | Validation loss 0.132339
[M02.wav] Iteration 01530/05000:    Loss 0.550122 | Validation loss 0.135456
[M02.wav] Iteration 01540/05000:    Loss 0.527755 | Validation loss 0.128567
[M02.wav] Iteration 01550/05000:    Loss 0.542549 | Validation loss 0.129686
[M02.wav] Iteration 01560/05000:    Loss 0.551698 | Validation loss 0.136100
[M02.wav] Iteration 01570/05000:    Loss 0.531021 | Validation loss 0.132615
[M02.wav] Iteration 01580/05000:    Loss 0.551484 | Validation loss 0.135516
[M02.wav] Iteration 01590/05000:    Loss 0.522196 | Validation loss 0.132612
[M02.wav] Iteration 01600/05000:    Loss 0.516069 | Validation loss 0.128107
[M02.wav] Iteration 01610/05000:    Loss 0.514203 | Validation loss 0.129979
[M02.wav] Iteration 01620/05000:    Loss 0.525669 | Validation loss 0.135850
[M02.wav] Iteration 01630/05000:    Loss 0.510515 | Validation loss 0.130073
[M02.wav] Iteration 01640/05000:    Loss 0.589890 | Validation loss 0.144489
[M02.wav] Iteration 01650/05000:    Loss 0.589243 | Validation loss 0.137413
[M02.wav] Iteration 01660/05000:    Loss 0.603777 | Validation loss 0.137464
[M02.wav] Iteration 01670/05000:    Loss 0.594309 | Validation loss 0.139792
[M02.wav] Iteration 01680/05000:    Loss 0.818094 | Validation loss 0.154855
[M02.wav] Iteration 01690/05000:    Loss 0.711762 | Validation loss 0.146542
[M02.wav] Iteration 01700/05000:    Loss 0.555979 | Validation loss 0.136475
[M02.wav] Iteration 01710/05000:    Loss 0.506424 | Validation loss 0.129605
[M02.wav] Iteration 01720/05000:    Loss 0.501109 | Validation loss 0.127419
[M02.wav] Iteration 01730/05000:    Loss 0.492026 | Validation loss 0.126514
[M02.wav] Iteration 01740/05000:    Loss 0.493125 | Validation loss 0.122509
[M02.wav] Iteration 01750/05000:    Loss 0.496068 | Validation loss 0.123648
[M02.wav] Iteration 01760/05000:    Loss 0.478406 | Validation loss 0.122733
[M02.wav] Iteration 01770/05000:    Loss 0.489230 | Validation loss 0.124926
[M02.wav] Iteration 01780/05000:    Loss 0.492496 | Validation loss 0.126406
[M02.wav] Iteration 01790/05000:    Loss 0.485805 | Validation loss 0.124821
[M02.wav] Iteration 01800/05000:    Loss 0.514757 | Validation loss 0.127610
[M02.wav] Iteration 01810/05000:    Loss 0.509758 | Validation loss 0.133748
[M02.wav] Iteration 01820/05000:    Loss 0.465588 | Validation loss 0.130248
[M02.wav] Iteration 01830/05000:    Loss 0.450551 | Validation loss 0.123637
[M02.wav] Iteration 01840/05000:    Loss 0.452007 | Validation loss 0.117457
[M02.wav] Iteration 01850/05000:    Loss 0.453467 | Validation loss 0.114441
[M02.wav] Iteration 01860/05000:    Loss 0.448872 | Validation loss 0.120559
[M02.wav] Iteration 01870/05000:    Loss 0.467354 | Validation loss 0.119866
[M02.wav] Iteration 01880/05000:    Loss 0.435141 | Validation loss 0.116366
[M02.wav] Iteration 01890/05000:    Loss 0.438790 | Validation loss 0.119689
[M02.wav] Iteration 01900/05000:    Loss 0.461691 | Validation loss 0.120228
[M02.wav] Iteration 01910/05000:    Loss 0.427867 | Validation loss 0.116622
[M02.wav] Iteration 01920/05000:    Loss 0.440362 | Validation loss 0.121114
[M02.wav] Iteration 01930/05000:    Loss 0.456550 | Validation loss 0.114868
[M02.wav] Iteration 01940/05000:    Loss 0.458043 | Validation loss 0.120326
[M02.wav] Iteration 01950/05000:    Loss 0.480949 | Validation loss 0.123492
[M02.wav] Iteration 01960/05000:    Loss 0.433948 | Validation loss 0.119931
[M02.wav] Iteration 01970/05000:    Loss 0.436516 | Validation loss 0.120845
[M02.wav] Iteration 01980/05000:    Loss 0.453695 | Validation loss 0.117774
[M02.wav] Iteration 01990/05000:    Loss 0.452154 | Validation loss 0.118651
[M02.wav] Iteration 02000/05000:    Loss 0.455936 | Validation loss 0.119699
[M02.wav] Iteration 02010/05000:    Loss 0.452347 | Validation loss 0.125609
[M02.wav] Iteration 02020/05000:    Loss 0.424070 | Validation loss 0.116033
[M02.wav] Iteration 02030/05000:    Loss 0.409367 | Validation loss 0.117807
[M02.wav] Iteration 02040/05000:    Loss 0.424423 | Validation loss 0.115829
[M02.wav] Iteration 02050/05000:    Loss 0.434615 | Validation loss 0.116321
[M02.wav] Iteration 02060/05000:    Loss 0.439450 | Validation loss 0.117996
[M02.wav] Iteration 02070/05000:    Loss 0.455118 | Validation loss 0.122797
[M02.wav] Iteration 02080/05000:    Loss 0.451471 | Validation loss 0.122369
[M02.wav] Iteration 02090/05000:    Loss 0.441574 | Validation loss 0.121815
[M02.wav] Iteration 02100/05000:    Loss 0.445376 | Validation loss 0.113343
[M02.wav] Iteration 02110/05000:    Loss 0.425054 | Validation loss 0.115553
[M02.wav] Iteration 02120/05000:    Loss 0.423860 | Validation loss 0.113143
[M02.wav] Iteration 02130/05000:    Loss 0.435138 | Validation loss 0.116073
[M02.wav] Iteration 02140/05000:    Loss 0.411259 | Validation loss 0.116936
[M02.wav] Iteration 02150/05000:    Loss 0.431441 | Validation loss 0.118285
[M02.wav] Iteration 02160/05000:    Loss 0.409057 | Validation loss 0.112719
[M02.wav] Iteration 02170/05000:    Loss 0.402328 | Validation loss 0.113277
[M02.wav] Iteration 02180/05000:    Loss 0.420550 | Validation loss 0.113796
[M02.wav] Iteration 02190/05000:    Loss 0.406871 | Validation loss 0.116858
[M02.wav] Iteration 02200/05000:    Loss 0.411432 | Validation loss 0.115274
[M02.wav] Iteration 02210/05000:    Loss 0.429009 | Validation loss 0.119755
[M02.wav] Iteration 02220/05000:    Loss 0.410317 | Validation loss 0.113800
[M02.wav] Iteration 02230/05000:    Loss 0.410886 | Validation loss 0.114108
[M02.wav] Iteration 02240/05000:    Loss 0.418192 | Validation loss 0.113474
[M02.wav] Iteration 02250/05000:    Loss 0.418773 | Validation loss 0.116616
[M02.wav] Iteration 02260/05000:    Loss 0.400381 | Validation loss 0.112621
[M02.wav] Iteration 02270/05000:    Loss 0.385934 | Validation loss 0.112128
[M02.wav] Iteration 02280/05000:    Loss 0.420465 | Validation loss 0.118317
[M02.wav] Iteration 02290/05000:    Loss 0.425779 | Validation loss 0.112132
[M02.wav] Iteration 02300/05000:    Loss 0.399984 | Validation loss 0.113504
[M02.wav] Iteration 02310/05000:    Loss 0.407055 | Validation loss 0.111763
[M02.wav] Iteration 02320/05000:    Loss 0.410117 | Validation loss 0.114851
[M02.wav] Iteration 02330/05000:    Loss 0.452352 | Validation loss 0.120069
[M02.wav] Iteration 02340/05000:    Loss 0.402076 | Validation loss 0.112814
[M02.wav] Iteration 02350/05000:    Loss 0.430358 | Validation loss 0.111625
[M02.wav] Iteration 02360/05000:    Loss 0.405797 | Validation loss 0.113185
[M02.wav] Iteration 02370/05000:    Loss 0.381596 | Validation loss 0.109819
[M02.wav] Iteration 02380/05000:    Loss 0.387515 | Validation loss 0.113504
[M02.wav] Iteration 02390/05000:    Loss 0.399715 | Validation loss 0.112364
[M02.wav] Iteration 02400/05000:    Loss 0.428759 | Validation loss 0.110566
[M02.wav] Iteration 02410/05000:    Loss 0.384317 | Validation loss 0.109432
[M02.wav] Iteration 02420/05000:    Loss 0.391552 | Validation loss 0.111498
[M02.wav] Iteration 02430/05000:    Loss 0.417397 | Validation loss 0.116903
[M02.wav] Iteration 02440/05000:    Loss 0.400077 | Validation loss 0.114048
[M02.wav] Iteration 02450/05000:    Loss 0.410718 | Validation loss 0.114099
[M02.wav] Iteration 02460/05000:    Loss 0.375125 | Validation loss 0.110654
[M02.wav] Iteration 02470/05000:    Loss 0.379157 | Validation loss 0.109972
[M02.wav] Iteration 02480/05000:    Loss 0.370002 | Validation loss 0.109863
[M02.wav] Iteration 02490/05000:    Loss 0.385634 | Validation loss 0.113485
[M02.wav] Iteration 02500/05000:    Loss 0.407240 | Validation loss 0.116375
[M02.wav] Iteration 02510/05000:    Loss 0.427456 | Validation loss 0.116846
[M02.wav] Iteration 02520/05000:    Loss 0.390973 | Validation loss 0.110946
[M02.wav] Iteration 02530/05000:    Loss 0.397454 | Validation loss 0.112859
[M02.wav] Iteration 02540/05000:    Loss 0.405778 | Validation loss 0.114065
[M02.wav] Iteration 02550/05000:    Loss 0.399314 | Validation loss 0.112720
[M02.wav] Iteration 02560/05000:    Loss 0.366040 | Validation loss 0.111200
[M02.wav] Iteration 02570/05000:    Loss 0.390617 | Validation loss 0.109246
[M02.wav] Iteration 02580/05000:    Loss 0.401358 | Validation loss 0.112585
[M02.wav] Iteration 02590/05000:    Loss 0.385234 | Validation loss 0.107663
[M02.wav] Iteration 02600/05000:    Loss 0.366474 | Validation loss 0.111187
[M02.wav] Iteration 02610/05000:    Loss 0.364810 | Validation loss 0.108468
[M02.wav] Iteration 02620/05000:    Loss 0.416830 | Validation loss 0.117389
[M02.wav] Iteration 02630/05000:    Loss 0.382861 | Validation loss 0.111411
[M02.wav] Iteration 02640/05000:    Loss 0.362160 | Validation loss 0.104775
[M02.wav] Iteration 02650/05000:    Loss 0.367537 | Validation loss 0.109872
[M02.wav] Iteration 02660/05000:    Loss 0.387155 | Validation loss 0.109899
[M02.wav] Iteration 02670/05000:    Loss 0.367868 | Validation loss 0.106269
[M02.wav] Iteration 02680/05000:    Loss 0.358433 | Validation loss 0.106828
[M02.wav] Iteration 02690/05000:    Loss 0.351314 | Validation loss 0.106387
[M02.wav] Iteration 02700/05000:    Loss 0.361757 | Validation loss 0.111076
[M02.wav] Iteration 02710/05000:    Loss 0.358224 | Validation loss 0.109890
[M02.wav] Iteration 02720/05000:    Loss 0.365926 | Validation loss 0.108975
[M02.wav] Iteration 02730/05000:    Loss 0.350439 | Validation loss 0.109639
[M02.wav] Iteration 02740/05000:    Loss 0.359188 | Validation loss 0.107204
[M02.wav] Iteration 02750/05000:    Loss 0.339642 | Validation loss 0.106743
[M02.wav] Iteration 02760/05000:    Loss 0.363725 | Validation loss 0.109707
[M02.wav] Iteration 02770/05000:    Loss 0.369023 | Validation loss 0.107864
[M02.wav] Iteration 02780/05000:    Loss 0.416571 | Validation loss 0.110140
[M02.wav] Iteration 02790/05000:    Loss 0.375915 | Validation loss 0.108566
[M02.wav] Iteration 02800/05000:    Loss 0.391949 | Validation loss 0.111013
[M02.wav] Iteration 02810/05000:    Loss 0.370695 | Validation loss 0.109484
[M02.wav] Iteration 02820/05000:    Loss 0.352797 | Validation loss 0.108062
[M02.wav] Iteration 02830/05000:    Loss 0.352219 | Validation loss 0.109933
[M02.wav] Iteration 02840/05000:    Loss 0.363386 | Validation loss 0.107901
[M02.wav] Iteration 02850/05000:    Loss 0.342776 | Validation loss 0.104945
[M02.wav] Iteration 02860/05000:    Loss 0.346878 | Validation loss 0.106427
[M02.wav] Iteration 02870/05000:    Loss 0.361460 | Validation loss 0.107240
[M02.wav] Iteration 02880/05000:    Loss 0.382171 | Validation loss 0.108588
[M02.wav] Iteration 02890/05000:    Loss 0.366808 | Validation loss 0.105315
[M02.wav] Iteration 02900/05000:    Loss 0.364970 | Validation loss 0.107769
[M02.wav] Iteration 02910/05000:    Loss 0.367967 | Validation loss 0.106661
[M02.wav] Iteration 02920/05000:    Loss 0.343913 | Validation loss 0.104472
[M02.wav] Iteration 02930/05000:    Loss 0.374085 | Validation loss 0.108672
[M02.wav] Iteration 02940/05000:    Loss 0.370600 | Validation loss 0.108161
[M02.wav] Iteration 02950/05000:    Loss 0.372871 | Validation loss 0.107735
[M02.wav] Iteration 02960/05000:    Loss 0.361453 | Validation loss 0.106172
[M02.wav] Iteration 02970/05000:    Loss 0.339480 | Validation loss 0.103303
[M02.wav] Iteration 02980/05000:    Loss 0.340909 | Validation loss 0.102725
[M02.wav] Iteration 02990/05000:    Loss 0.352705 | Validation loss 0.107991
[M02.wav] Iteration 03000/05000:    Loss 0.358821 | Validation loss 0.108078
[M02.wav] Iteration 03010/05000:    Loss 0.371531 | Validation loss 0.111050
[M02.wav] Iteration 03020/05000:    Loss 0.337992 | Validation loss 0.103382
[M02.wav] Iteration 03030/05000:    Loss 0.371522 | Validation loss 0.106855
[M02.wav] Iteration 03040/05000:    Loss 0.356766 | Validation loss 0.104417
[M02.wav] Iteration 03050/05000:    Loss 0.358753 | Validation loss 0.106268
[M02.wav] Iteration 03060/05000:    Loss 0.369802 | Validation loss 0.107589
[M02.wav] Iteration 03070/05000:    Loss 0.351471 | Validation loss 0.102312
[M02.wav] Iteration 03080/05000:    Loss 0.352805 | Validation loss 0.103147
[M02.wav] Iteration 03090/05000:    Loss 0.341314 | Validation loss 0.105141
[M02.wav] Iteration 03100/05000:    Loss 0.372663 | Validation loss 0.110090
[M02.wav] Iteration 03110/05000:    Loss 0.343820 | Validation loss 0.105113
[M02.wav] Iteration 03120/05000:    Loss 0.357304 | Validation loss 0.103296
[M02.wav] Iteration 03130/05000:    Loss 0.335830 | Validation loss 0.104298
[M02.wav] Iteration 03140/05000:    Loss 0.346226 | Validation loss 0.102699
[M02.wav] Iteration 03150/05000:    Loss 0.336654 | Validation loss 0.103560
[M02.wav] Iteration 03160/05000:    Loss 0.355749 | Validation loss 0.106932
[M02.wav] Iteration 03170/05000:    Loss 0.369772 | Validation loss 0.107753
[M02.wav] Iteration 03180/05000:    Loss 0.362031 | Validation loss 0.108128
[M02.wav] Iteration 03190/05000:    Loss 0.353736 | Validation loss 0.108982
[M02.wav] Iteration 03200/05000:    Loss 0.339930 | Validation loss 0.105696
[M02.wav] Iteration 03210/05000:    Loss 0.349721 | Validation loss 0.103872
[M02.wav] Iteration 03220/05000:    Loss 0.353631 | Validation loss 0.104439
[M02.wav] Iteration 03230/05000:    Loss 0.355149 | Validation loss 0.106824
[M02.wav] Iteration 03240/05000:    Loss 0.357050 | Validation loss 0.102142
[M02.wav] Iteration 03250/05000:    Loss 0.348154 | Validation loss 0.105906
[M02.wav] Iteration 03260/05000:    Loss 0.381519 | Validation loss 0.106737
[M02.wav] Iteration 03270/05000:    Loss 0.372299 | Validation loss 0.107062
[M02.wav] Iteration 03280/05000:    Loss 0.376238 | Validation loss 0.107226
[M02.wav] Iteration 03290/05000:    Loss 0.355377 | Validation loss 0.104604
[M02.wav] Iteration 03300/05000:    Loss 0.334120 | Validation loss 0.104623
[M02.wav] Iteration 03310/05000:    Loss 0.355994 | Validation loss 0.107719
[M02.wav] Iteration 03320/05000:    Loss 0.338880 | Validation loss 0.106128
[M02.wav] Iteration 03330/05000:    Loss 0.344033 | Validation loss 0.106405
[M02.wav] Iteration 03340/05000:    Loss 0.330634 | Validation loss 0.104756
[M02.wav] Iteration 03350/05000:    Loss 0.347827 | Validation loss 0.108769
[M02.wav] Iteration 03360/05000:    Loss 0.327730 | Validation loss 0.104240
[M02.wav] Iteration 03370/05000:    Loss 0.370969 | Validation loss 0.110001
[M02.wav] Iteration 03380/05000:    Loss 0.422253 | Validation loss 0.108953
[M02.wav] Iteration 03390/05000:    Loss 0.359861 | Validation loss 0.108526
[M02.wav] Iteration 03400/05000:    Loss 0.359821 | Validation loss 0.106121
[M02.wav] Iteration 03410/05000:    Loss 0.372522 | Validation loss 0.103400
[M02.wav] Iteration 03420/05000:    Loss 0.340392 | Validation loss 0.104680
[M02.wav] Iteration 03430/05000:    Loss 0.367754 | Validation loss 0.108106
[M02.wav] Iteration 03440/05000:    Loss 0.365109 | Validation loss 0.109470
[M02.wav] Iteration 03450/05000:    Loss 0.375146 | Validation loss 0.109486
[M02.wav] Iteration 03460/05000:    Loss 0.347791 | Validation loss 0.106685
[M02.wav] Iteration 03470/05000:    Loss 0.336704 | Validation loss 0.104475
[M02.wav] Iteration 03480/05000:    Loss 0.373962 | Validation loss 0.111491
[M02.wav] Iteration 03490/05000:    Loss 0.362931 | Validation loss 0.108199
[M02.wav] Iteration 03500/05000:    Loss 0.339357 | Validation loss 0.104507
[M02.wav] Iteration 03510/05000:    Loss 0.362473 | Validation loss 0.106033
[M02.wav] Iteration 03520/05000:    Loss 0.347253 | Validation loss 0.109713
[M02.wav] Iteration 03530/05000:    Loss 0.324266 | Validation loss 0.103258
[M02.wav] Iteration 03540/05000:    Loss 0.319856 | Validation loss 0.101361
[M02.wav] Iteration 03550/05000:    Loss 0.326815 | Validation loss 0.104729
[M02.wav] Iteration 03560/05000:    Loss 0.374127 | Validation loss 0.106523
[M02.wav] Iteration 03570/05000:    Loss 0.385514 | Validation loss 0.110339
[M02.wav] Iteration 03580/05000:    Loss 0.390891 | Validation loss 0.110153
[M02.wav] Iteration 03590/05000:    Loss 0.382724 | Validation loss 0.108984
[M02.wav] Iteration 03600/05000:    Loss 0.352514 | Validation loss 0.104060
[M02.wav] Iteration 03610/05000:    Loss 0.335417 | Validation loss 0.100287
[M02.wav] Iteration 03620/05000:    Loss 0.329891 | Validation loss 0.101858
[M02.wav] Iteration 03630/05000:    Loss 0.354272 | Validation loss 0.108414
[M02.wav] Iteration 03640/05000:    Loss 0.358859 | Validation loss 0.103776
[M02.wav] Iteration 03650/05000:    Loss 0.362861 | Validation loss 0.105204
[M02.wav] Iteration 03660/05000:    Loss 0.325279 | Validation loss 0.103164
[M02.wav] Iteration 03670/05000:    Loss 0.336677 | Validation loss 0.103097
[M02.wav] Iteration 03680/05000:    Loss 0.392069 | Validation loss 0.107680
[M02.wav] Iteration 03690/05000:    Loss 0.343680 | Validation loss 0.106745
[M02.wav] Iteration 03700/05000:    Loss 0.346578 | Validation loss 0.103172
[M02.wav] Iteration 03710/05000:    Loss 0.332420 | Validation loss 0.103836
[M02.wav] Iteration 03720/05000:    Loss 0.370301 | Validation loss 0.107237
[M02.wav] Iteration 03730/05000:    Loss 0.333883 | Validation loss 0.102583
[M02.wav] Iteration 03740/05000:    Loss 0.362180 | Validation loss 0.105498
[M02.wav] Iteration 03750/05000:    Loss 0.337758 | Validation loss 0.103466
[M02.wav] Iteration 03760/05000:    Loss 0.340164 | Validation loss 0.107686
[M02.wav] Iteration 03770/05000:    Loss 0.367357 | Validation loss 0.110308
[M02.wav] Iteration 03780/05000:    Loss 0.370925 | Validation loss 0.106347
[M02.wav] Iteration 03790/05000:    Loss 0.337539 | Validation loss 0.104276
[M02.wav] Iteration 03800/05000:    Loss 0.331907 | Validation loss 0.102963
[M02.wav] Iteration 03810/05000:    Loss 0.349831 | Validation loss 0.104810
[M02.wav] Iteration 03820/05000:    Loss 0.328848 | Validation loss 0.102964
[M02.wav] Iteration 03830/05000:    Loss 0.343428 | Validation loss 0.107612
[M02.wav] Iteration 03840/05000:    Loss 0.322904 | Validation loss 0.101607
[M02.wav] Iteration 03850/05000:    Loss 0.339546 | Validation loss 0.102798
[M02.wav] Iteration 03860/05000:    Loss 0.360818 | Validation loss 0.107382
[M02.wav] Iteration 03870/05000:    Loss 0.340123 | Validation loss 0.106928
[M02.wav] Iteration 03880/05000:    Loss 0.349161 | Validation loss 0.106611
[M02.wav] Iteration 03890/05000:    Loss 0.349212 | Validation loss 0.106539
[M02.wav] Iteration 03900/05000:    Loss 0.352787 | Validation loss 0.108096
[M02.wav] Iteration 03910/05000:    Loss 0.314573 | Validation loss 0.102808
[M02.wav] Iteration 03920/05000:    Loss 0.325525 | Validation loss 0.103961
[M02.wav] Iteration 03930/05000:    Loss 0.318906 | Validation loss 0.106677
[M02.wav] Iteration 03940/05000:    Loss 0.332327 | Validation loss 0.103686
[M02.wav] Iteration 03950/05000:    Loss 0.364829 | Validation loss 0.109719
[M02.wav] Iteration 03960/05000:    Loss 0.343414 | Validation loss 0.106238
[M02.wav] Iteration 03970/05000:    Loss 0.320247 | Validation loss 0.103560
[M02.wav] Iteration 03980/05000:    Loss 0.327189 | Validation loss 0.102655
[M02.wav] Iteration 03990/05000:    Loss 0.335518 | Validation loss 0.103269
[M02.wav] Iteration 04000/05000:    Loss 0.317093 | Validation loss 0.102744
[M02.wav] Iteration 04010/05000:    Loss 0.313952 | Validation loss 0.100252
[M02.wav] Iteration 04020/05000:    Loss 0.340366 | Validation loss 0.103879
[M02.wav] Iteration 04030/05000:    Loss 0.356651 | Validation loss 0.102868
[M02.wav] Iteration 04040/05000:    Loss 0.338080 | Validation loss 0.104946
[M02.wav] Iteration 04050/05000:    Loss 0.335005 | Validation loss 0.106163
[M02.wav] Iteration 04060/05000:    Loss 0.340619 | Validation loss 0.102065
[M02.wav] Iteration 04070/05000:    Loss 0.338921 | Validation loss 0.104194
[M02.wav] Iteration 04080/05000:    Loss 0.339772 | Validation loss 0.104909
[M02.wav] Iteration 04090/05000:    Loss 0.333820 | Validation loss 0.104717
[M02.wav] Iteration 04100/05000:    Loss 0.323034 | Validation loss 0.104212
[M02.wav] Iteration 04110/05000:    Loss 0.329452 | Validation loss 0.102851
[M02.wav] Iteration 04120/05000:    Loss 0.317369 | Validation loss 0.105051
[M02.wav] Iteration 04130/05000:    Loss 0.322583 | Validation loss 0.105343
[M02.wav] Iteration 04140/05000:    Loss 0.316994 | Validation loss 0.101915
[M02.wav] Iteration 04150/05000:    Loss 0.319243 | Validation loss 0.104010
[M02.wav] Iteration 04160/05000:    Loss 0.309707 | Validation loss 0.101040
[M02.wav] Iteration 04170/05000:    Loss 0.326937 | Validation loss 0.104612
[M02.wav] Iteration 04180/05000:    Loss 0.361506 | Validation loss 0.109116
[M02.wav] Iteration 04190/05000:    Loss 0.353161 | Validation loss 0.106474
[M02.wav] Iteration 04200/05000:    Loss 0.316359 | Validation loss 0.102562
[M02.wav] Iteration 04210/05000:    Loss 0.349518 | Validation loss 0.106814
[M02.wav] Iteration 04220/05000:    Loss 0.357528 | Validation loss 0.108887
[M02.wav] Iteration 04230/05000:    Loss 0.354787 | Validation loss 0.109913
[M02.wav] Iteration 04240/05000:    Loss 0.348228 | Validation loss 0.108564
[M02.wav] Iteration 04250/05000:    Loss 0.317502 | Validation loss 0.102020
[M02.wav] Iteration 04260/05000:    Loss 0.331124 | Validation loss 0.102904
[M02.wav] Iteration 04270/05000:    Loss 0.318108 | Validation loss 0.104137
[M02.wav] Iteration 04280/05000:    Loss 0.314612 | Validation loss 0.103993
[M02.wav] Iteration 04290/05000:    Loss 0.320919 | Validation loss 0.103311
[M02.wav] Iteration 04300/05000:    Loss 0.330068 | Validation loss 0.103693
[M02.wav] Iteration 04310/05000:    Loss 0.359175 | Validation loss 0.108008
[M02.wav] Iteration 04320/05000:    Loss 0.354962 | Validation loss 0.107520
[M02.wav] Iteration 04330/05000:    Loss 0.330136 | Validation loss 0.103853
[M02.wav] Iteration 04340/05000:    Loss 0.358078 | Validation loss 0.107245
[M02.wav] Iteration 04350/05000:    Loss 0.355828 | Validation loss 0.107234
[M02.wav] Iteration 04360/05000:    Loss 0.318238 | Validation loss 0.104335
[M02.wav] Iteration 04370/05000:    Loss 0.328063 | Validation loss 0.103562
[M02.wav] Iteration 04380/05000:    Loss 0.315761 | Validation loss 0.102604
[M02.wav] Iteration 04390/05000:    Loss 0.337076 | Validation loss 0.103064
[M02.wav] Iteration 04400/05000:    Loss 0.349475 | Validation loss 0.105450
[M02.wav] Iteration 04410/05000:    Loss 0.332319 | Validation loss 0.106265
[M02.wav] Iteration 04420/05000:    Loss 0.308995 | Validation loss 0.100898
[M02.wav] Iteration 04430/05000:    Loss 0.348342 | Validation loss 0.105826
[M02.wav] Iteration 04440/05000:    Loss 0.326952 | Validation loss 0.103545
[M02.wav] Iteration 04450/05000:    Loss 0.328401 | Validation loss 0.102589
[M02.wav] Iteration 04460/05000:    Loss 0.338849 | Validation loss 0.104309
[M02.wav] Iteration 04470/05000:    Loss 0.327930 | Validation loss 0.105406
[M02.wav] Iteration 04480/05000:    Loss 0.325185 | Validation loss 0.104542
[M02.wav] Iteration 04490/05000:    Loss 0.359598 | Validation loss 0.104764
[M02.wav] Iteration 04500/05000:    Loss 0.353633 | Validation loss 0.102746
[M02.wav] Iteration 04510/05000:    Loss 0.334897 | Validation loss 0.101310
[M02.wav] Iteration 04520/05000:    Loss 0.315899 | Validation loss 0.101605
[M02.wav] Iteration 04530/05000:    Loss 0.322794 | Validation loss 0.104082
[M02.wav] Iteration 04540/05000:    Loss 0.323557 | Validation loss 0.100507
[M02.wav] Iteration 04550/05000:    Loss 0.314515 | Validation loss 0.100946
[M02.wav] Iteration 04560/05000:    Loss 0.353874 | Validation loss 0.106438
[M02.wav] Iteration 04570/05000:    Loss 0.329248 | Validation loss 0.103071
[M02.wav] Iteration 04580/05000:    Loss 0.352440 | Validation loss 0.106870
[M02.wav] Iteration 04590/05000:    Loss 0.325134 | Validation loss 0.101708
[M02.wav] Iteration 04600/05000:    Loss 0.319235 | Validation loss 0.102971
[M02.wav] Iteration 04610/05000:    Loss 0.319583 | Validation loss 0.101290
[M02.wav] Iteration 04620/05000:    Loss 0.350845 | Validation loss 0.108081
[M02.wav] Iteration 04630/05000:    Loss 0.321164 | Validation loss 0.104192
[M02.wav] Iteration 04640/05000:    Loss 0.313428 | Validation loss 0.102685
[M02.wav] Iteration 04650/05000:    Loss 0.308957 | Validation loss 0.102507
[M02.wav] Iteration 04660/05000:    Loss 0.304230 | Validation loss 0.102802
[M02.wav] Iteration 04670/05000:    Loss 0.352351 | Validation loss 0.106253
[M02.wav] Iteration 04680/05000:    Loss 0.346378 | Validation loss 0.106957
[M02.wav] Iteration 04690/05000:    Loss 0.340264 | Validation loss 0.104860
[M02.wav] Iteration 04700/05000:    Loss 0.331639 | Validation loss 0.106754
[M02.wav] Iteration 04710/05000:    Loss 0.313408 | Validation loss 0.101674
[M02.wav] Iteration 04720/05000:    Loss 0.326993 | Validation loss 0.105047
[M02.wav] Iteration 04730/05000:    Loss 0.330666 | Validation loss 0.101117
[M02.wav] Iteration 04740/05000:    Loss 0.332057 | Validation loss 0.105627
[M02.wav] Iteration 04750/05000:    Loss 0.338333 | Validation loss 0.103265
[M02.wav] Iteration 04760/05000:    Loss 0.329246 | Validation loss 0.105157
[M02.wav] Iteration 04770/05000:    Loss 0.314074 | Validation loss 0.103367
[M02.wav] Iteration 04780/05000:    Loss 0.308458 | Validation loss 0.102757
[M02.wav] Iteration 04790/05000:    Loss 0.314166 | Validation loss 0.102232
[M02.wav] Iteration 04800/05000:    Loss 0.339200 | Validation loss 0.108445
[M02.wav] Iteration 04810/05000:    Loss 0.315825 | Validation loss 0.101662
[M02.wav] Iteration 04820/05000:    Loss 0.307013 | Validation loss 0.101866
[M02.wav] Iteration 04830/05000:    Loss 0.303404 | Validation loss 0.100090
[M02.wav] Iteration 04840/05000:    Loss 0.308835 | Validation loss 0.098719
[M02.wav] Iteration 04850/05000:    Loss 0.309953 | Validation loss 0.101551
[M02.wav] Iteration 04860/05000:    Loss 0.313147 | Validation loss 0.101807
[M02.wav] Iteration 04870/05000:    Loss 0.331884 | Validation loss 0.107001
[M02.wav] Iteration 04880/05000:    Loss 0.316959 | Validation loss 0.102601
[M02.wav] Iteration 04890/05000:    Loss 0.310277 | Validation loss 0.101048
[M02.wav] Iteration 04900/05000:    Loss 0.308182 | Validation loss 0.101864
[M02.wav] Iteration 04910/05000:    Loss 0.313745 | Validation loss 0.100360
[M02.wav] Iteration 04920/05000:    Loss 0.341725 | Validation loss 0.107218
[M02.wav] Iteration 04930/05000:    Loss 0.380391 | Validation loss 0.106456
[M02.wav] Iteration 04940/05000:    Loss 0.357137 | Validation loss 0.105842
[M02.wav] Iteration 04950/05000:    Loss 0.368680 | Validation loss 0.105515
[M02.wav] Iteration 04960/05000:    Loss 0.336274 | Validation loss 0.101246
[M02.wav] Iteration 04970/05000:    Loss 0.321844 | Validation loss 0.100765
[M02.wav] Iteration 04980/05000:    Loss 0.356851 | Validation loss 0.103662
[M02.wav] Iteration 04990/05000:    Loss 0.343748 | Validation loss 0.103005
/content/dpai_work/src/script.py:407: UserWarning: amplitude_to_db was called on complex input so phase information will be discarded. To suppress this warning, call amplitude_to_db(np.abs(S)) instead.
  librosa.display.specshow(librosa.amplitude_to_db(net_input_np_a + 1j*net_input_np_b), sr=sr, x_axis='time', y_axis='log', cmap='viridis')
/content/dpai_work/src/script.py:493: UserWarning: amplitude_to_db was called on complex input so phase information will be discarded. To suppress this warning, call amplitude_to_db(np.abs(S)) instead.
  librosa.display.specshow(librosa.amplitude_to_db(reconstructed_spectrogram_with_original_context), sr=sr, x_axis='time', y_axis='log', cmap='viridis')

[DONE]


[COMPLETED]

