COMMAND: /usr/bin/python3 -u /content/dpai_support/run_dpai_seeded.py --seed 0 --src /content/dpai_work/src -- --source /content/drive/MyDrive/DPAI_real_baseline/dataset/clean/M06.wav --net ../nets/best.json --epochs 5000 --lr 0.01 --offset 0 --audio_len 5 --input_noise uniform --results_dir /content/dpai_scratch/M06_gap200
[run_dpai_seeded] seed=0  entry point=/content/dpai_work/src/script.py
[run_dpai_seeded] script arguments: --source /content/drive/MyDrive/DPAI_real_baseline/dataset/clean/M06.wav --net ../nets/best.json --epochs 5000 --lr 0.01 --offset 0 --audio_len 5 --input_noise uniform --results_dir /content/dpai_scratch/M06_gap200

[PROCESSING sample: M06.wav]
Number of params: 2015252
Starting optimization with ADAM
/content/dpai_work/src/utils/common_utils.py:246: UserWarning: A window was not provided. A rectangular window will be applied.Please provide the same window used by stft to make the inversion lossless.To suppress this warning and use a rectangular window, explicitly set `window=torch.ones(n_fft, device=<device>)`. (Triggered internally at /pytorch/aten/src/ATen/native/SpectralOps.cpp:1035.)
  input_audio = torch.istft(input_spectrogram, n_fft=2047)
[M06.wav] Iteration 00000/05000:    Loss 10.988266 | Validation loss 0.658072
[M06.wav] Iteration 00010/05000:    Loss 10.801374 | Validation loss 0.645835
[M06.wav] Iteration 00020/05000:    Loss 10.794654 | Validation loss 0.644180
[M06.wav] Iteration 00030/05000:    Loss 10.786882 | Validation loss 0.642794
[M06.wav] Iteration 00040/05000:    Loss 10.785124 | Validation loss 0.643344
[M06.wav] Iteration 00050/05000:    Loss 10.779083 | Validation loss 0.642736
[M06.wav] Iteration 00060/05000:    Loss 10.779350 | Validation loss 0.643831
[M06.wav] Iteration 00070/05000:    Loss 10.781699 | Validation loss 0.642916
[M06.wav] Iteration 00080/05000:    Loss 10.777388 | Validation loss 0.642528
[M06.wav] Iteration 00090/05000:    Loss 10.773995 | Validation loss 0.641987
[M06.wav] Iteration 00100/05000:    Loss 10.770541 | Validation loss 0.640955
[M06.wav] Iteration 00110/05000:    Loss 10.763042 | Validation loss 0.640999
[M06.wav] Iteration 00120/05000:    Loss 10.768030 | Validation loss 0.640825
[M06.wav] Iteration 00130/05000:    Loss 10.754304 | Validation loss 0.638752
[M06.wav] Iteration 00140/05000:    Loss 10.754034 | Validation loss 0.639062
[M06.wav] Iteration 00150/05000:    Loss 10.743824 | Validation loss 0.639470
[M06.wav] Iteration 00160/05000:    Loss 10.700140 | Validation loss 0.634761
[M06.wav] Iteration 00170/05000:    Loss 10.675344 | Validation loss 0.633110
[M06.wav] Iteration 00180/05000:    Loss 10.605436 | Validation loss 0.635378
[M06.wav] Iteration 00190/05000:    Loss 10.617122 | Validation loss 0.635874
[M06.wav] Iteration 00200/05000:    Loss 10.411089 | Validation loss 0.641137
[M06.wav] Iteration 00210/05000:    Loss 10.358934 | Validation loss 0.711067
[M06.wav] Iteration 00220/05000:    Loss 10.051329 | Validation loss 0.653458
[M06.wav] Iteration 00230/05000:    Loss 9.823766 | Validation loss 0.664869
[M06.wav] Iteration 00240/05000:    Loss 9.639220 | Validation loss 0.678641
[M06.wav] Iteration 00250/05000:    Loss 9.410222 | Validation loss 0.659399
[M06.wav] Iteration 00260/05000:    Loss 9.167670 | Validation loss 0.656153
[M06.wav] Iteration 00270/05000:    Loss 8.507488 | Validation loss 0.640409
[M06.wav] Iteration 00280/05000:    Loss 7.904802 | Validation loss 0.612235
[M06.wav] Iteration 00290/05000:    Loss 7.453452 | Validation loss 0.623147
[M06.wav] Iteration 00300/05000:    Loss 7.169659 | Validation loss 0.574812
[M06.wav] Iteration 00310/05000:    Loss 6.959619 | Validation loss 0.628543
[M06.wav] Iteration 00320/05000:    Loss 6.547892 | Validation loss 0.580753
[M06.wav] Iteration 00330/05000:    Loss 6.836957 | Validation loss 0.608065
[M06.wav] Iteration 00340/05000:    Loss 6.386573 | Validation loss 0.595284
[M06.wav] Iteration 00350/05000:    Loss 6.074168 | Validation loss 0.568419
[M06.wav] Iteration 00360/05000:    Loss 5.652470 | Validation loss 0.533441
[M06.wav] Iteration 00370/05000:    Loss 5.450593 | Validation loss 0.540672
[M06.wav] Iteration 00380/05000:    Loss 5.219103 | Validation loss 0.544089
[M06.wav] Iteration 00390/05000:    Loss 4.863756 | Validation loss 0.578231
[M06.wav] Iteration 00400/05000:    Loss 4.680112 | Validation loss 0.544768
[M06.wav] Iteration 00410/05000:    Loss 4.422203 | Validation loss 0.524047
[M06.wav] Iteration 00420/05000:    Loss 4.354919 | Validation loss 0.498071
[M06.wav] Iteration 00430/05000:    Loss 4.098000 | Validation loss 0.507997
[M06.wav] Iteration 00440/05000:    Loss 3.984473 | Validation loss 0.474891
[M06.wav] Iteration 00450/05000:    Loss 3.856651 | Validation loss 0.498520
[M06.wav] Iteration 00460/05000:    Loss 3.809168 | Validation loss 0.474098
[M06.wav] Iteration 00470/05000:    Loss 3.591447 | Validation loss 0.470088
[M06.wav] Iteration 00480/05000:    Loss 3.480215 | Validation loss 0.491491
[M06.wav] Iteration 00490/05000:    Loss 3.399393 | Validation loss 0.460846
[M06.wav] Iteration 00500/05000:    Loss 3.339367 | Validation loss 0.438481
[M06.wav] Iteration 00510/05000:    Loss 3.243125 | Validation loss 0.466612
[M06.wav] Iteration 00520/05000:    Loss 3.091073 | Validation loss 0.452256
[M06.wav] Iteration 00530/05000:    Loss 2.999633 | Validation loss 0.472842
[M06.wav] Iteration 00540/05000:    Loss 2.963642 | Validation loss 0.456735
[M06.wav] Iteration 00550/05000:    Loss 2.854901 | Validation loss 0.432523
[M06.wav] Iteration 00560/05000:    Loss 2.768417 | Validation loss 0.419956
[M06.wav] Iteration 00570/05000:    Loss 2.690435 | Validation loss 0.422142
[M06.wav] Iteration 00580/05000:    Loss 2.649432 | Validation loss 0.417684
[M06.wav] Iteration 00590/05000:    Loss 2.534026 | Validation loss 0.428325
[M06.wav] Iteration 00600/05000:    Loss 2.500252 | Validation loss 0.439124
[M06.wav] Iteration 00610/05000:    Loss 2.438888 | Validation loss 0.449050
[M06.wav] Iteration 00620/05000:    Loss 2.363721 | Validation loss 0.417161
[M06.wav] Iteration 00630/05000:    Loss 2.304959 | Validation loss 0.423008
[M06.wav] Iteration 00640/05000:    Loss 2.244800 | Validation loss 0.445622
[M06.wav] Iteration 00650/05000:    Loss 2.206550 | Validation loss 0.442717
[M06.wav] Iteration 00660/05000:    Loss 2.110458 | Validation loss 0.420864
[M06.wav] Iteration 00670/05000:    Loss 2.084736 | Validation loss 0.400699
[M06.wav] Iteration 00680/05000:    Loss 2.057219 | Validation loss 0.415867
[M06.wav] Iteration 00690/05000:    Loss 1.979381 | Validation loss 0.400559
[M06.wav] Iteration 00700/05000:    Loss 1.951267 | Validation loss 0.419519
[M06.wav] Iteration 00710/05000:    Loss 1.891828 | Validation loss 0.390507
[M06.wav] Iteration 00720/05000:    Loss 1.922091 | Validation loss 0.393887
[M06.wav] Iteration 00730/05000:    Loss 1.889291 | Validation loss 0.378816
[M06.wav] Iteration 00740/05000:    Loss 1.827918 | Validation loss 0.372737
[M06.wav] Iteration 00750/05000:    Loss 1.774232 | Validation loss 0.396548
[M06.wav] Iteration 00760/05000:    Loss 1.753269 | Validation loss 0.374382
[M06.wav] Iteration 00770/05000:    Loss 1.722728 | Validation loss 0.371333
[M06.wav] Iteration 00780/05000:    Loss 1.681476 | Validation loss 0.378232
[M06.wav] Iteration 00790/05000:    Loss 1.655266 | Validation loss 0.364289
[M06.wav] Iteration 00800/05000:    Loss 2.844292 | Validation loss 0.482566
[M06.wav] Iteration 00810/05000:    Loss 2.242672 | Validation loss 0.411541
[M06.wav] Iteration 00820/05000:    Loss 2.037514 | Validation loss 0.411219
[M06.wav] Iteration 00830/05000:    Loss 1.851404 | Validation loss 0.382241
[M06.wav] Iteration 00840/05000:    Loss 1.767421 | Validation loss 0.358731
[M06.wav] Iteration 00850/05000:    Loss 1.692699 | Validation loss 0.373584
[M06.wav] Iteration 00860/05000:    Loss 1.662158 | Validation loss 0.371790
[M06.wav] Iteration 00870/05000:    Loss 1.582277 | Validation loss 0.352683
[M06.wav] Iteration 00880/05000:    Loss 1.541600 | Validation loss 0.355327
[M06.wav] Iteration 00890/05000:    Loss 1.500562 | Validation loss 0.361097
[M06.wav] Iteration 00900/05000:    Loss 1.478488 | Validation loss 0.352455
[M06.wav] Iteration 00910/05000:    Loss 1.446104 | Validation loss 0.327299
[M06.wav] Iteration 00920/05000:    Loss 1.419876 | Validation loss 0.347794
[M06.wav] Iteration 00930/05000:    Loss 1.379838 | Validation loss 0.329083
[M06.wav] Iteration 00940/05000:    Loss 1.327577 | Validation loss 0.331033
[M06.wav] Iteration 00950/05000:    Loss 1.328938 | Validation loss 0.328830
[M06.wav] Iteration 00960/05000:    Loss 1.287355 | Validation loss 0.336017
[M06.wav] Iteration 00970/05000:    Loss 1.252119 | Validation loss 0.324814
[M06.wav] Iteration 00980/05000:    Loss 1.218967 | Validation loss 0.320585
[M06.wav] Iteration 00990/05000:    Loss 1.203379 | Validation loss 0.322736
[M06.wav] Iteration 01000/05000:    Loss 1.180253 | Validation loss 0.315274
[M06.wav] Iteration 01010/05000:    Loss 1.149851 | Validation loss 0.315340
[M06.wav] Iteration 01020/05000:    Loss 1.121666 | Validation loss 0.318902
[M06.wav] Iteration 01030/05000:    Loss 1.113604 | Validation loss 0.320043
[M06.wav] Iteration 01040/05000:    Loss 1.089141 | Validation loss 0.325718
[M06.wav] Iteration 01050/05000:    Loss 1.065573 | Validation loss 0.301126
[M06.wav] Iteration 01060/05000:    Loss 1.046688 | Validation loss 0.316737
[M06.wav] Iteration 01070/05000:    Loss 1.032652 | Validation loss 0.319034
[M06.wav] Iteration 01080/05000:    Loss 1.013180 | Validation loss 0.306480
[M06.wav] Iteration 01090/05000:    Loss 0.985853 | Validation loss 0.311392
[M06.wav] Iteration 01100/05000:    Loss 0.978457 | Validation loss 0.305314
[M06.wav] Iteration 01110/05000:    Loss 0.958696 | Validation loss 0.306977
[M06.wav] Iteration 01120/05000:    Loss 0.950744 | Validation loss 0.303049
[M06.wav] Iteration 01130/05000:    Loss 0.938176 | Validation loss 0.301965
[M06.wav] Iteration 01140/05000:    Loss 0.922770 | Validation loss 0.298051
[M06.wav] Iteration 01150/05000:    Loss 0.917610 | Validation loss 0.300122
[M06.wav] Iteration 01160/05000:    Loss 0.902888 | Validation loss 0.303539
[M06.wav] Iteration 01170/05000:    Loss 0.892318 | Validation loss 0.304502
[M06.wav] Iteration 01180/05000:    Loss 0.907098 | Validation loss 0.296184
[M06.wav] Iteration 01190/05000:    Loss 0.889907 | Validation loss 0.308629
[M06.wav] Iteration 01200/05000:    Loss 0.873421 | Validation loss 0.297081
[M06.wav] Iteration 01210/05000:    Loss 0.862910 | Validation loss 0.297992
[M06.wav] Iteration 01220/05000:    Loss 0.849891 | Validation loss 0.296607
[M06.wav] Iteration 01230/05000:    Loss 0.839159 | Validation loss 0.289052
[M06.wav] Iteration 01240/05000:    Loss 0.831277 | Validation loss 0.290006
[M06.wav] Iteration 01250/05000:    Loss 0.900749 | Validation loss 0.290323
[M06.wav] Iteration 01260/05000:    Loss 0.881698 | Validation loss 0.293885
[M06.wav] Iteration 01270/05000:    Loss 0.864270 | Validation loss 0.293540
[M06.wav] Iteration 01280/05000:    Loss 0.832064 | Validation loss 0.298309
[M06.wav] Iteration 01290/05000:    Loss 0.817744 | Validation loss 0.290244
[M06.wav] Iteration 01300/05000:    Loss 0.799914 | Validation loss 0.289156
[M06.wav] Iteration 01310/05000:    Loss 0.803667 | Validation loss 0.286051
[M06.wav] Iteration 01320/05000:    Loss 0.796515 | Validation loss 0.296234
[M06.wav] Iteration 01330/05000:    Loss 0.789126 | Validation loss 0.284496
[M06.wav] Iteration 01340/05000:    Loss 0.775023 | Validation loss 0.284726
[M06.wav] Iteration 01350/05000:    Loss 0.764482 | Validation loss 0.289363
[M06.wav] Iteration 01360/05000:    Loss 0.770046 | Validation loss 0.285687
[M06.wav] Iteration 01370/05000:    Loss 0.758668 | Validation loss 0.289750
[M06.wav] Iteration 01380/05000:    Loss 0.760004 | Validation loss 0.283012
[M06.wav] Iteration 01390/05000:    Loss 0.747450 | Validation loss 0.283076
[M06.wav] Iteration 01400/05000:    Loss 0.743093 | Validation loss 0.286018
[M06.wav] Iteration 01410/05000:    Loss 0.735375 | Validation loss 0.281024
[M06.wav] Iteration 01420/05000:    Loss 0.732445 | Validation loss 0.282891
[M06.wav] Iteration 01430/05000:    Loss 0.726581 | Validation loss 0.280507
[M06.wav] Iteration 01440/05000:    Loss 0.719992 | Validation loss 0.284901
[M06.wav] Iteration 01450/05000:    Loss 0.715597 | Validation loss 0.280760
[M06.wav] Iteration 01460/05000:    Loss 0.716268 | Validation loss 0.286840
[M06.wav] Iteration 01470/05000:    Loss 0.710240 | Validation loss 0.278927
[M06.wav] Iteration 01480/05000:    Loss 0.708913 | Validation loss 0.283916
[M06.wav] Iteration 01490/05000:    Loss 0.708697 | Validation loss 0.278742
[M06.wav] Iteration 01500/05000:    Loss 0.705094 | Validation loss 0.280141
[M06.wav] Iteration 01510/05000:    Loss 0.698479 | Validation loss 0.282370
[M06.wav] Iteration 01520/05000:    Loss 0.691662 | Validation loss 0.278153
[M06.wav] Iteration 01530/05000:    Loss 0.688900 | Validation loss 0.276182
[M06.wav] Iteration 01540/05000:    Loss 0.692636 | Validation loss 0.272067
[M06.wav] Iteration 01550/05000:    Loss 0.681866 | Validation loss 0.275616
[M06.wav] Iteration 01560/05000:    Loss 0.683119 | Validation loss 0.272497
[M06.wav] Iteration 01570/05000:    Loss 0.675254 | Validation loss 0.275228
[M06.wav] Iteration 01580/05000:    Loss 0.667175 | Validation loss 0.275060
[M06.wav] Iteration 01590/05000:    Loss 0.670645 | Validation loss 0.275041
[M06.wav] Iteration 01600/05000:    Loss 0.661344 | Validation loss 0.274592
[M06.wav] Iteration 01610/05000:    Loss 0.657061 | Validation loss 0.272365
[M06.wav] Iteration 01620/05000:    Loss 0.654887 | Validation loss 0.272879
[M06.wav] Iteration 01630/05000:    Loss 0.650546 | Validation loss 0.271922
[M06.wav] Iteration 01640/05000:    Loss 0.651667 | Validation loss 0.273500
[M06.wav] Iteration 01650/05000:    Loss 0.646519 | Validation loss 0.269304
[M06.wav] Iteration 01660/05000:    Loss 0.640444 | Validation loss 0.271886
[M06.wav] Iteration 01670/05000:    Loss 0.640209 | Validation loss 0.272172
[M06.wav] Iteration 01680/05000:    Loss 0.634876 | Validation loss 0.269895
[M06.wav] Iteration 01690/05000:    Loss 0.627819 | Validation loss 0.274059
[M06.wav] Iteration 01700/05000:    Loss 0.629763 | Validation loss 0.267210
[M06.wav] Iteration 01710/05000:    Loss 0.619571 | Validation loss 0.272239
[M06.wav] Iteration 01720/05000:    Loss 0.619706 | Validation loss 0.272249
[M06.wav] Iteration 01730/05000:    Loss 0.623268 | Validation loss 0.267804
[M06.wav] Iteration 01740/05000:    Loss 0.622435 | Validation loss 0.270516
[M06.wav] Iteration 01750/05000:    Loss 0.615465 | Validation loss 0.269467
[M06.wav] Iteration 01760/05000:    Loss 0.611277 | Validation loss 0.267102
[M06.wav] Iteration 01770/05000:    Loss 0.650817 | Validation loss 0.270482
[M06.wav] Iteration 01780/05000:    Loss 0.629098 | Validation loss 0.268430
[M06.wav] Iteration 01790/05000:    Loss 0.613502 | Validation loss 0.271216
[M06.wav] Iteration 01800/05000:    Loss 0.603640 | Validation loss 0.265863
[M06.wav] Iteration 01810/05000:    Loss 0.599912 | Validation loss 0.268128
[M06.wav] Iteration 01820/05000:    Loss 0.600401 | Validation loss 0.264404
[M06.wav] Iteration 01830/05000:    Loss 0.589556 | Validation loss 0.264100
[M06.wav] Iteration 01840/05000:    Loss 0.584686 | Validation loss 0.260795
[M06.wav] Iteration 01850/05000:    Loss 0.585837 | Validation loss 0.265277
[M06.wav] Iteration 01860/05000:    Loss 0.582178 | Validation loss 0.265960
[M06.wav] Iteration 01870/05000:    Loss 0.581583 | Validation loss 0.260381
[M06.wav] Iteration 01880/05000:    Loss 0.573398 | Validation loss 0.263224
[M06.wav] Iteration 01890/05000:    Loss 0.573227 | Validation loss 0.265437
[M06.wav] Iteration 01900/05000:    Loss 0.572831 | Validation loss 0.261796
[M06.wav] Iteration 01910/05000:    Loss 0.569429 | Validation loss 0.262539
[M06.wav] Iteration 01920/05000:    Loss 0.591611 | Validation loss 0.262654
[M06.wav] Iteration 01930/05000:    Loss 0.588450 | Validation loss 0.260477
[M06.wav] Iteration 01940/05000:    Loss 0.580565 | Validation loss 0.262267
[M06.wav] Iteration 01950/05000:    Loss 0.571412 | Validation loss 0.263596
[M06.wav] Iteration 01960/05000:    Loss 0.567935 | Validation loss 0.259156
[M06.wav] Iteration 01970/05000:    Loss 0.561781 | Validation loss 0.265826
[M06.wav] Iteration 01980/05000:    Loss 0.564721 | Validation loss 0.257045
[M06.wav] Iteration 01990/05000:    Loss 0.552172 | Validation loss 0.259946
[M06.wav] Iteration 02000/05000:    Loss 0.544836 | Validation loss 0.254463
[M06.wav] Iteration 02010/05000:    Loss 0.540941 | Validation loss 0.253881
[M06.wav] Iteration 02020/05000:    Loss 0.545888 | Validation loss 0.261076
[M06.wav] Iteration 02030/05000:    Loss 0.543922 | Validation loss 0.251284
[M06.wav] Iteration 02040/05000:    Loss 0.539231 | Validation loss 0.254227
[M06.wav] Iteration 02050/05000:    Loss 0.535444 | Validation loss 0.257980
[M06.wav] Iteration 02060/05000:    Loss 0.542040 | Validation loss 0.254619
[M06.wav] Iteration 02070/05000:    Loss 0.539326 | Validation loss 0.257674
[M06.wav] Iteration 02080/05000:    Loss 0.534841 | Validation loss 0.257506
[M06.wav] Iteration 02090/05000:    Loss 0.527532 | Validation loss 0.251414
[M06.wav] Iteration 02100/05000:    Loss 0.514589 | Validation loss 0.256595
[M06.wav] Iteration 02110/05000:    Loss 0.521945 | Validation loss 0.249168
[M06.wav] Iteration 02120/05000:    Loss 0.512721 | Validation loss 0.253959
[M06.wav] Iteration 02130/05000:    Loss 0.506649 | Validation loss 0.249968
[M06.wav] Iteration 02140/05000:    Loss 0.504895 | Validation loss 0.251842
[M06.wav] Iteration 02150/05000:    Loss 0.507199 | Validation loss 0.245352
[M06.wav] Iteration 02160/05000:    Loss 0.501584 | Validation loss 0.252330
[M06.wav] Iteration 02170/05000:    Loss 0.496668 | Validation loss 0.248402
[M06.wav] Iteration 02180/05000:    Loss 0.495336 | Validation loss 0.247767
[M06.wav] Iteration 02190/05000:    Loss 0.499863 | Validation loss 0.245893
[M06.wav] Iteration 02200/05000:    Loss 0.505549 | Validation loss 0.245621
[M06.wav] Iteration 02210/05000:    Loss 0.498471 | Validation loss 0.248588
[M06.wav] Iteration 02220/05000:    Loss 0.490825 | Validation loss 0.248240
[M06.wav] Iteration 02230/05000:    Loss 0.491897 | Validation loss 0.246622
[M06.wav] Iteration 02240/05000:    Loss 0.484472 | Validation loss 0.248608
[M06.wav] Iteration 02250/05000:    Loss 0.481287 | Validation loss 0.247090
[M06.wav] Iteration 02260/05000:    Loss 0.480678 | Validation loss 0.246383
[M06.wav] Iteration 02270/05000:    Loss 5.684815 | Validation loss 0.458597
[M06.wav] Iteration 02280/05000:    Loss 3.142418 | Validation loss 0.420769
[M06.wav] Iteration 02290/05000:    Loss 2.334501 | Validation loss 0.370028
[M06.wav] Iteration 02300/05000:    Loss 2.063014 | Validation loss 0.361733
[M06.wav] Iteration 02310/05000:    Loss 1.779979 | Validation loss 0.348369
[M06.wav] Iteration 02320/05000:    Loss 1.643859 | Validation loss 0.326046
[M06.wav] Iteration 02330/05000:    Loss 1.548047 | Validation loss 0.330277
[M06.wav] Iteration 02340/05000:    Loss 1.449166 | Validation loss 0.309800
[M06.wav] Iteration 02350/05000:    Loss 1.401092 | Validation loss 0.292124
[M06.wav] Iteration 02360/05000:    Loss 1.341144 | Validation loss 0.298964
[M06.wav] Iteration 02370/05000:    Loss 1.270604 | Validation loss 0.283641
[M06.wav] Iteration 02380/05000:    Loss 1.230328 | Validation loss 0.281143
[M06.wav] Iteration 02390/05000:    Loss 1.178962 | Validation loss 0.271626
[M06.wav] Iteration 02400/05000:    Loss 1.143957 | Validation loss 0.278149
[M06.wav] Iteration 02410/05000:    Loss 1.133439 | Validation loss 0.270287
[M06.wav] Iteration 02420/05000:    Loss 1.098276 | Validation loss 0.266488
[M06.wav] Iteration 02430/05000:    Loss 1.055514 | Validation loss 0.265113
[M06.wav] Iteration 02440/05000:    Loss 1.029265 | Validation loss 0.270242
[M06.wav] Iteration 02450/05000:    Loss 0.994258 | Validation loss 0.258881
[M06.wav] Iteration 02460/05000:    Loss 0.978227 | Validation loss 0.258407
[M06.wav] Iteration 02470/05000:    Loss 0.960749 | Validation loss 0.251192
[M06.wav] Iteration 02480/05000:    Loss 0.943258 | Validation loss 0.258059
[M06.wav] Iteration 02490/05000:    Loss 0.919634 | Validation loss 0.259854
[M06.wav] Iteration 02500/05000:    Loss 0.910160 | Validation loss 0.261074
[M06.wav] Iteration 02510/05000:    Loss 0.887876 | Validation loss 0.253093
[M06.wav] Iteration 02520/05000:    Loss 0.875581 | Validation loss 0.258742
[M06.wav] Iteration 02530/05000:    Loss 0.865074 | Validation loss 0.249612
[M06.wav] Iteration 02540/05000:    Loss 0.850518 | Validation loss 0.249711
[M06.wav] Iteration 02550/05000:    Loss 0.847478 | Validation loss 0.255665
[M06.wav] Iteration 02560/05000:    Loss 2.456079 | Validation loss 0.343455
[M06.wav] Iteration 02570/05000:    Loss 1.979082 | Validation loss 0.290725
[M06.wav] Iteration 02580/05000:    Loss 1.705654 | Validation loss 0.284486
[M06.wav] Iteration 02590/05000:    Loss 1.522621 | Validation loss 0.278965
[M06.wav] Iteration 02600/05000:    Loss 1.427280 | Validation loss 0.265918
[M06.wav] Iteration 02610/05000:    Loss 1.334317 | Validation loss 0.245047
[M06.wav] Iteration 02620/05000:    Loss 1.264664 | Validation loss 0.247348
[M06.wav] Iteration 02630/05000:    Loss 1.202455 | Validation loss 0.239047
[M06.wav] Iteration 02640/05000:    Loss 1.167653 | Validation loss 0.237250
[M06.wav] Iteration 02650/05000:    Loss 1.124459 | Validation loss 0.240473
[M06.wav] Iteration 02660/05000:    Loss 1.099713 | Validation loss 0.241749
[M06.wav] Iteration 02670/05000:    Loss 1.070440 | Validation loss 0.228756
[M06.wav] Iteration 02680/05000:    Loss 1.035819 | Validation loss 0.232473
[M06.wav] Iteration 02690/05000:    Loss 1.012428 | Validation loss 0.231933
[M06.wav] Iteration 02700/05000:    Loss 0.997928 | Validation loss 0.235228
[M06.wav] Iteration 02710/05000:    Loss 0.978297 | Validation loss 0.228824
[M06.wav] Iteration 02720/05000:    Loss 0.955743 | Validation loss 0.226053
[M06.wav] Iteration 02730/05000:    Loss 0.946598 | Validation loss 0.226429
[M06.wav] Iteration 02740/05000:    Loss 0.934365 | Validation loss 0.232503
[M06.wav] Iteration 02750/05000:    Loss 0.913426 | Validation loss 0.223184
[M06.wav] Iteration 02760/05000:    Loss 0.901149 | Validation loss 0.229236
[M06.wav] Iteration 02770/05000:    Loss 0.887656 | Validation loss 0.227868
[M06.wav] Iteration 02780/05000:    Loss 0.879668 | Validation loss 0.226091
[M06.wav] Iteration 02790/05000:    Loss 0.867975 | Validation loss 0.226238
[M06.wav] Iteration 02800/05000:    Loss 0.858744 | Validation loss 0.215861
[M06.wav] Iteration 02810/05000:    Loss 0.859196 | Validation loss 0.217925
[M06.wav] Iteration 02820/05000:    Loss 0.849898 | Validation loss 0.225209
[M06.wav] Iteration 02830/05000:    Loss 0.837699 | Validation loss 0.222349
[M06.wav] Iteration 02840/05000:    Loss 0.827719 | Validation loss 0.222175
[M06.wav] Iteration 02850/05000:    Loss 0.825819 | Validation loss 0.228341
[M06.wav] Iteration 02860/05000:    Loss 0.819178 | Validation loss 0.217048
[M06.wav] Iteration 02870/05000:    Loss 0.813524 | Validation loss 0.218765
[M06.wav] Iteration 02880/05000:    Loss 0.804859 | Validation loss 0.223016
[M06.wav] Iteration 02890/05000:    Loss 0.795579 | Validation loss 0.215765
[M06.wav] Iteration 02900/05000:    Loss 0.799536 | Validation loss 0.219354
[M06.wav] Iteration 02910/05000:    Loss 0.784146 | Validation loss 0.212313
[M06.wav] Iteration 02920/05000:    Loss 0.790566 | Validation loss 0.222828
[M06.wav] Iteration 02930/05000:    Loss 0.789042 | Validation loss 0.212079
[M06.wav] Iteration 02940/05000:    Loss 0.775203 | Validation loss 0.216541
[M06.wav] Iteration 02950/05000:    Loss 0.766419 | Validation loss 0.220247
[M06.wav] Iteration 02960/05000:    Loss 0.760397 | Validation loss 0.211188
[M06.wav] Iteration 02970/05000:    Loss 0.758923 | Validation loss 0.215708
[M06.wav] Iteration 02980/05000:    Loss 0.753650 | Validation loss 0.211445
[M06.wav] Iteration 02990/05000:    Loss 0.748216 | Validation loss 0.221797
[M06.wav] Iteration 03000/05000:    Loss 0.746285 | Validation loss 0.210911
[M06.wav] Iteration 03010/05000:    Loss 0.743745 | Validation loss 0.213148
[M06.wav] Iteration 03020/05000:    Loss 0.744006 | Validation loss 0.213351
[M06.wav] Iteration 03030/05000:    Loss 0.738998 | Validation loss 0.212849
[M06.wav] Iteration 03040/05000:    Loss 0.730171 | Validation loss 0.212773
[M06.wav] Iteration 03050/05000:    Loss 0.728532 | Validation loss 0.213630
[M06.wav] Iteration 03060/05000:    Loss 0.730166 | Validation loss 0.214177
[M06.wav] Iteration 03070/05000:    Loss 0.723802 | Validation loss 0.217671
[M06.wav] Iteration 03080/05000:    Loss 0.720762 | Validation loss 0.213769
[M06.wav] Iteration 03090/05000:    Loss 0.715818 | Validation loss 0.210038
[M06.wav] Iteration 03100/05000:    Loss 0.713415 | Validation loss 0.212548
[M06.wav] Iteration 03110/05000:    Loss 0.709386 | Validation loss 0.214649
[M06.wav] Iteration 03120/05000:    Loss 0.709494 | Validation loss 0.210078
[M06.wav] Iteration 03130/05000:    Loss 0.707102 | Validation loss 0.215626
[M06.wav] Iteration 03140/05000:    Loss 0.703551 | Validation loss 0.210592
[M06.wav] Iteration 03150/05000:    Loss 0.703839 | Validation loss 0.217214
[M06.wav] Iteration 03160/05000:    Loss 0.694461 | Validation loss 0.212433
[M06.wav] Iteration 03170/05000:    Loss 0.693562 | Validation loss 0.215261
[M06.wav] Iteration 03180/05000:    Loss 0.687234 | Validation loss 0.213371
[M06.wav] Iteration 03190/05000:    Loss 0.685638 | Validation loss 0.212999
[M06.wav] Iteration 03200/05000:    Loss 0.682581 | Validation loss 0.210518
[M06.wav] Iteration 03210/05000:    Loss 0.679310 | Validation loss 0.212558
[M06.wav] Iteration 03220/05000:    Loss 0.686792 | Validation loss 0.208746
[M06.wav] Iteration 03230/05000:    Loss 0.674005 | Validation loss 0.210213
[M06.wav] Iteration 03240/05000:    Loss 0.671890 | Validation loss 0.207339
[M06.wav] Iteration 03250/05000:    Loss 0.673153 | Validation loss 0.210829
[M06.wav] Iteration 03260/05000:    Loss 0.667855 | Validation loss 0.214928
[M06.wav] Iteration 03270/05000:    Loss 0.666486 | Validation loss 0.214826
[M06.wav] Iteration 03280/05000:    Loss 0.662145 | Validation loss 0.210871
[M06.wav] Iteration 03290/05000:    Loss 0.665578 | Validation loss 0.211848
[M06.wav] Iteration 03300/05000:    Loss 0.659215 | Validation loss 0.211375
[M06.wav] Iteration 03310/05000:    Loss 0.654488 | Validation loss 0.208416
[M06.wav] Iteration 03320/05000:    Loss 0.657043 | Validation loss 0.211863
[M06.wav] Iteration 03330/05000:    Loss 0.652392 | Validation loss 0.210838
[M06.wav] Iteration 03340/05000:    Loss 0.663120 | Validation loss 0.210670
[M06.wav] Iteration 03350/05000:    Loss 0.648117 | Validation loss 0.208995
[M06.wav] Iteration 03360/05000:    Loss 0.647790 | Validation loss 0.214229
[M06.wav] Iteration 03370/05000:    Loss 0.643271 | Validation loss 0.207248
[M06.wav] Iteration 03380/05000:    Loss 0.643355 | Validation loss 0.208246
[M06.wav] Iteration 03390/05000:    Loss 0.641813 | Validation loss 0.208164
[M06.wav] Iteration 03400/05000:    Loss 0.636523 | Validation loss 0.209340
[M06.wav] Iteration 03410/05000:    Loss 0.636012 | Validation loss 0.208272
[M06.wav] Iteration 03420/05000:    Loss 0.631906 | Validation loss 0.209061
[M06.wav] Iteration 03430/05000:    Loss 0.631825 | Validation loss 0.212519
[M06.wav] Iteration 03440/05000:    Loss 0.633078 | Validation loss 0.214189
[M06.wav] Iteration 03450/05000:    Loss 0.645644 | Validation loss 0.212268
[M06.wav] Iteration 03460/05000:    Loss 0.637201 | Validation loss 0.204791
[M06.wav] Iteration 03470/05000:    Loss 0.631362 | Validation loss 0.209217
[M06.wav] Iteration 03480/05000:    Loss 0.623156 | Validation loss 0.206126
[M06.wav] Iteration 03490/05000:    Loss 0.625519 | Validation loss 0.210203
[M06.wav] Iteration 03500/05000:    Loss 0.619254 | Validation loss 0.207588
[M06.wav] Iteration 03510/05000:    Loss 0.617447 | Validation loss 0.208385
[M06.wav] Iteration 03520/05000:    Loss 0.614742 | Validation loss 0.209525
[M06.wav] Iteration 03530/05000:    Loss 0.613814 | Validation loss 0.207781
[M06.wav] Iteration 03540/05000:    Loss 0.611574 | Validation loss 0.208819
[M06.wav] Iteration 03550/05000:    Loss 0.607640 | Validation loss 0.207824
[M06.wav] Iteration 03560/05000:    Loss 0.605782 | Validation loss 0.207694
[M06.wav] Iteration 03570/05000:    Loss 0.681958 | Validation loss 0.211639
[M06.wav] Iteration 03580/05000:    Loss 0.645441 | Validation loss 0.210344
[M06.wav] Iteration 03590/05000:    Loss 0.622914 | Validation loss 0.208256
[M06.wav] Iteration 03600/05000:    Loss 0.611629 | Validation loss 0.203910
[M06.wav] Iteration 03610/05000:    Loss 0.606117 | Validation loss 0.207000
[M06.wav] Iteration 03620/05000:    Loss 0.602746 | Validation loss 0.205375
[M06.wav] Iteration 03630/05000:    Loss 0.606498 | Validation loss 0.204091
[M06.wav] Iteration 03640/05000:    Loss 0.594101 | Validation loss 0.204561
[M06.wav] Iteration 03650/05000:    Loss 0.592424 | Validation loss 0.210729
[M06.wav] Iteration 03660/05000:    Loss 0.591831 | Validation loss 0.206354
[M06.wav] Iteration 03670/05000:    Loss 0.587469 | Validation loss 0.210496
[M06.wav] Iteration 03680/05000:    Loss 0.586181 | Validation loss 0.207889
[M06.wav] Iteration 03690/05000:    Loss 0.584283 | Validation loss 0.207207
[M06.wav] Iteration 03700/05000:    Loss 0.579856 | Validation loss 0.203721
[M06.wav] Iteration 03710/05000:    Loss 0.582279 | Validation loss 0.206550
[M06.wav] Iteration 03720/05000:    Loss 0.578387 | Validation loss 0.204744
[M06.wav] Iteration 03730/05000:    Loss 0.576733 | Validation loss 0.206172
[M06.wav] Iteration 03740/05000:    Loss 0.580419 | Validation loss 0.206580
[M06.wav] Iteration 03750/05000:    Loss 0.571789 | Validation loss 0.203024
[M06.wav] Iteration 03760/05000:    Loss 0.571939 | Validation loss 0.206323
[M06.wav] Iteration 03770/05000:    Loss 0.570782 | Validation loss 0.202250
[M06.wav] Iteration 03780/05000:    Loss 0.568656 | Validation loss 0.201598
[M06.wav] Iteration 03790/05000:    Loss 0.568248 | Validation loss 0.202749
[M06.wav] Iteration 03800/05000:    Loss 0.566447 | Validation loss 0.205426
[M06.wav] Iteration 03810/05000:    Loss 0.561714 | Validation loss 0.204379
[M06.wav] Iteration 03820/05000:    Loss 0.575581 | Validation loss 0.201064
[M06.wav] Iteration 03830/05000:    Loss 0.602135 | Validation loss 0.202532
[M06.wav] Iteration 03840/05000:    Loss 0.577801 | Validation loss 0.204600
[M06.wav] Iteration 03850/05000:    Loss 0.567587 | Validation loss 0.203257
[M06.wav] Iteration 03860/05000:    Loss 0.560540 | Validation loss 0.200558
[M06.wav] Iteration 03870/05000:    Loss 0.553762 | Validation loss 0.204967
[M06.wav] Iteration 03880/05000:    Loss 0.553344 | Validation loss 0.204303
[M06.wav] Iteration 03890/05000:    Loss 0.562254 | Validation loss 0.202253
[M06.wav] Iteration 03900/05000:    Loss 0.554655 | Validation loss 0.203206
[M06.wav] Iteration 03910/05000:    Loss 0.551881 | Validation loss 0.201412
[M06.wav] Iteration 03920/05000:    Loss 0.545787 | Validation loss 0.200796
[M06.wav] Iteration 03930/05000:    Loss 0.542410 | Validation loss 0.202464
[M06.wav] Iteration 03940/05000:    Loss 0.543719 | Validation loss 0.201770
[M06.wav] Iteration 03950/05000:    Loss 0.549851 | Validation loss 0.204984
[M06.wav] Iteration 03960/05000:    Loss 0.571667 | Validation loss 0.205862
[M06.wav] Iteration 03970/05000:    Loss 0.551318 | Validation loss 0.206614
[M06.wav] Iteration 03980/05000:    Loss 0.545346 | Validation loss 0.202486
[M06.wav] Iteration 03990/05000:    Loss 0.543528 | Validation loss 0.204225
[M06.wav] Iteration 04000/05000:    Loss 0.534354 | Validation loss 0.202006
[M06.wav] Iteration 04010/05000:    Loss 0.530958 | Validation loss 0.200360
[M06.wav] Iteration 04020/05000:    Loss 0.531711 | Validation loss 0.203516
[M06.wav] Iteration 04030/05000:    Loss 0.533143 | Validation loss 0.208284
[M06.wav] Iteration 04040/05000:    Loss 0.526936 | Validation loss 0.201289
[M06.wav] Iteration 04050/05000:    Loss 0.530463 | Validation loss 0.199991
[M06.wav] Iteration 04060/05000:    Loss 0.532233 | Validation loss 0.202279
[M06.wav] Iteration 04070/05000:    Loss 0.531962 | Validation loss 0.202024
[M06.wav] Iteration 04080/05000:    Loss 0.542414 | Validation loss 0.203202
[M06.wav] Iteration 04090/05000:    Loss 0.544785 | Validation loss 0.202237
[M06.wav] Iteration 04100/05000:    Loss 0.529431 | Validation loss 0.202299
[M06.wav] Iteration 04110/05000:    Loss 0.523206 | Validation loss 0.199155
[M06.wav] Iteration 04120/05000:    Loss 0.530828 | Validation loss 0.200405
[M06.wav] Iteration 04130/05000:    Loss 0.530543 | Validation loss 0.201008
[M06.wav] Iteration 04140/05000:    Loss 0.521423 | Validation loss 0.200684
[M06.wav] Iteration 04150/05000:    Loss 0.514588 | Validation loss 0.202120
[M06.wav] Iteration 04160/05000:    Loss 0.514960 | Validation loss 0.198316
[M06.wav] Iteration 04170/05000:    Loss 0.513836 | Validation loss 0.201078
[M06.wav] Iteration 04180/05000:    Loss 0.512524 | Validation loss 0.201575
[M06.wav] Iteration 04190/05000:    Loss 0.514720 | Validation loss 0.200687
[M06.wav] Iteration 04200/05000:    Loss 0.514847 | Validation loss 0.201928
[M06.wav] Iteration 04210/05000:    Loss 0.511107 | Validation loss 0.201608
[M06.wav] Iteration 04220/05000:    Loss 0.507125 | Validation loss 0.200066
[M06.wav] Iteration 04230/05000:    Loss 0.505329 | Validation loss 0.201940
[M06.wav] Iteration 04240/05000:    Loss 0.509241 | Validation loss 0.197917
[M06.wav] Iteration 04250/05000:    Loss 0.500925 | Validation loss 0.201193
[M06.wav] Iteration 04260/05000:    Loss 0.498592 | Validation loss 0.200357
[M06.wav] Iteration 04270/05000:    Loss 0.498940 | Validation loss 0.199713
[M06.wav] Iteration 04280/05000:    Loss 0.513417 | Validation loss 0.198272
[M06.wav] Iteration 04290/05000:    Loss 0.507372 | Validation loss 0.196005
[M06.wav] Iteration 04300/05000:    Loss 0.498976 | Validation loss 0.199292
[M06.wav] Iteration 04310/05000:    Loss 0.498797 | Validation loss 0.198226
[M06.wav] Iteration 04320/05000:    Loss 0.500289 | Validation loss 0.196005
[M06.wav] Iteration 04330/05000:    Loss 0.495174 | Validation loss 0.196043
[M06.wav] Iteration 04340/05000:    Loss 0.497086 | Validation loss 0.198546
[M06.wav] Iteration 04350/05000:    Loss 0.493623 | Validation loss 0.200837
[M06.wav] Iteration 04360/05000:    Loss 0.493466 | Validation loss 0.199921
[M06.wav] Iteration 04370/05000:    Loss 0.487748 | Validation loss 0.197815
[M06.wav] Iteration 04380/05000:    Loss 0.540105 | Validation loss 0.199491
[M06.wav] Iteration 04390/05000:    Loss 0.515376 | Validation loss 0.200550
[M06.wav] Iteration 04400/05000:    Loss 0.510150 | Validation loss 0.199051
[M06.wav] Iteration 04410/05000:    Loss 0.494172 | Validation loss 0.198948
[M06.wav] Iteration 04420/05000:    Loss 0.486874 | Validation loss 0.198399
[M06.wav] Iteration 04430/05000:    Loss 0.496517 | Validation loss 0.197699
[M06.wav] Iteration 04440/05000:    Loss 0.487568 | Validation loss 0.197097
[M06.wav] Iteration 04450/05000:    Loss 0.483622 | Validation loss 0.197855
[M06.wav] Iteration 04460/05000:    Loss 0.485021 | Validation loss 0.197324
[M06.wav] Iteration 04470/05000:    Loss 0.479344 | Validation loss 0.197030
[M06.wav] Iteration 04480/05000:    Loss 0.479019 | Validation loss 0.192846
[M06.wav] Iteration 04490/05000:    Loss 0.483885 | Validation loss 0.196127
[M06.wav] Iteration 04500/05000:    Loss 0.484122 | Validation loss 0.195764
[M06.wav] Iteration 04510/05000:    Loss 0.476453 | Validation loss 0.198734
[M06.wav] Iteration 04520/05000:    Loss 0.474569 | Validation loss 0.198707
[M06.wav] Iteration 04530/05000:    Loss 0.478425 | Validation loss 0.198935
[M06.wav] Iteration 04540/05000:    Loss 0.914581 | Validation loss 0.219143
[M06.wav] Iteration 04550/05000:    Loss 0.760913 | Validation loss 0.208387
[M06.wav] Iteration 04560/05000:    Loss 0.664864 | Validation loss 0.203858
[M06.wav] Iteration 04570/05000:    Loss 0.610029 | Validation loss 0.201587
[M06.wav] Iteration 04580/05000:    Loss 0.584592 | Validation loss 0.202457
[M06.wav] Iteration 04590/05000:    Loss 0.567298 | Validation loss 0.200629
[M06.wav] Iteration 04600/05000:    Loss 0.556126 | Validation loss 0.197378
[M06.wav] Iteration 04610/05000:    Loss 0.538528 | Validation loss 0.196620
[M06.wav] Iteration 04620/05000:    Loss 0.534418 | Validation loss 0.197118
[M06.wav] Iteration 04630/05000:    Loss 0.523736 | Validation loss 0.198925
[M06.wav] Iteration 04640/05000:    Loss 0.520944 | Validation loss 0.195896
[M06.wav] Iteration 04650/05000:    Loss 0.531920 | Validation loss 0.198268
[M06.wav] Iteration 04660/05000:    Loss 0.524363 | Validation loss 0.197251
[M06.wav] Iteration 04670/05000:    Loss 0.513483 | Validation loss 0.198864
[M06.wav] Iteration 04680/05000:    Loss 0.502066 | Validation loss 0.195065
[M06.wav] Iteration 04690/05000:    Loss 0.503136 | Validation loss 0.199641
[M06.wav] Iteration 04700/05000:    Loss 0.500050 | Validation loss 0.197071
[M06.wav] Iteration 04710/05000:    Loss 0.492126 | Validation loss 0.192184
[M06.wav] Iteration 04720/05000:    Loss 0.617175 | Validation loss 0.198763
[M06.wav] Iteration 04730/05000:    Loss 0.580725 | Validation loss 0.197285
[M06.wav] Iteration 04740/05000:    Loss 0.539076 | Validation loss 0.189844
[M06.wav] Iteration 04750/05000:    Loss 0.516823 | Validation loss 0.192779
[M06.wav] Iteration 04760/05000:    Loss 0.507514 | Validation loss 0.190094
[M06.wav] Iteration 04770/05000:    Loss 0.496816 | Validation loss 0.193822
[M06.wav] Iteration 04780/05000:    Loss 0.494163 | Validation loss 0.190335
[M06.wav] Iteration 04790/05000:    Loss 0.484967 | Validation loss 0.188824
[M06.wav] Iteration 04800/05000:    Loss 0.483287 | Validation loss 0.191022
[M06.wav] Iteration 04810/05000:    Loss 0.480332 | Validation loss 0.189607
[M06.wav] Iteration 04820/05000:    Loss 0.488713 | Validation loss 0.191873
[M06.wav] Iteration 04830/05000:    Loss 0.477387 | Validation loss 0.190145
[M06.wav] Iteration 04840/05000:    Loss 0.474798 | Validation loss 0.188841
[M06.wav] Iteration 04850/05000:    Loss 0.473551 | Validation loss 0.191287
[M06.wav] Iteration 04860/05000:    Loss 0.479301 | Validation loss 0.189740
[M06.wav] Iteration 04870/05000:    Loss 0.468651 | Validation loss 0.190166
[M06.wav] Iteration 04880/05000:    Loss 0.465184 | Validation loss 0.188692
[M06.wav] Iteration 04890/05000:    Loss 0.463432 | Validation loss 0.187722
[M06.wav] Iteration 04900/05000:    Loss 0.464114 | Validation loss 0.188863
[M06.wav] Iteration 04910/05000:    Loss 0.462478 | Validation loss 0.189861
[M06.wav] Iteration 04920/05000:    Loss 0.459636 | Validation loss 0.189316
[M06.wav] Iteration 04930/05000:    Loss 0.473008 | Validation loss 0.187880
[M06.wav] Iteration 04940/05000:    Loss 0.462508 | Validation loss 0.188434
[M06.wav] Iteration 04950/05000:    Loss 0.480828 | Validation loss 0.187836
[M06.wav] Iteration 04960/05000:    Loss 0.465717 | Validation loss 0.187347
[M06.wav] Iteration 04970/05000:    Loss 0.457771 | Validation loss 0.188894
[M06.wav] Iteration 04980/05000:    Loss 0.456885 | Validation loss 0.186528
[M06.wav] Iteration 04990/05000:    Loss 0.458063 | Validation loss 0.188036
/content/dpai_work/src/script.py:407: UserWarning: amplitude_to_db was called on complex input so phase information will be discarded. To suppress this warning, call amplitude_to_db(np.abs(S)) instead.
  librosa.display.specshow(librosa.amplitude_to_db(net_input_np_a + 1j*net_input_np_b), sr=sr, x_axis='time', y_axis='log', cmap='viridis')
/content/dpai_work/src/script.py:493: UserWarning: amplitude_to_db was called on complex input so phase information will be discarded. To suppress this warning, call amplitude_to_db(np.abs(S)) instead.
  librosa.display.specshow(librosa.amplitude_to_db(reconstructed_spectrogram_with_original_context), sr=sr, x_axis='time', y_axis='log', cmap='viridis')

[DONE]


[COMPLETED]

